--------------------------------------------------------------------------------------
Timing Analyzer Summary
--------------------------------------------------------------------------------------

Type           : Worst-case tsu
Slack          : N/A
Required Time  : None
Actual Time    : 5.323 ns
From           : ad_12[1]
To             : ad9226:inst2|date_out[1]
From Clock     : --
To Clock       : clk
Failed Paths   : 0

Type           : Worst-case tco
Slack          : N/A
Required Time  : None
Actual Time    : 7.656 ns
From           : ad9226:inst2|date_out[7]
To             : date_out[4]
From Clock     : clk
To Clock       : --
Failed Paths   : 0

Type           : Worst-case tpd
Slack          : N/A
Required Time  : None
Actual Time    : 3.056 ns
From           : altera_internal_jtag~TDO
To             : altera_reserved_tdo
From Clock     : --
To Clock       : --
Failed Paths   : 0

Type           : Worst-case th
Slack          : N/A
Required Time  : None
Actual Time    : 3.288 ns
From           : altera_internal_jtag~TDIUTAP
To             : sld_hub:sld_hub_inst|sld_rom_sr:hub_info_reg|WORD_SR[3]
From Clock     : --
To Clock       : altera_internal_jtag~TCKUTAP
Failed Paths   : 0

Type           : Clock Setup: 'clk'
Slack          : -2.516 ns
Required Time  : 50.00 MHz ( period = 20.000 ns )
Actual Time    : N/A
From           : ad9226:inst2|date_out[3]
To             : sld_signaltap:auto_signaltap_0|sld_signaltap_impl:sld_signaltap_body|acq_data_in_reg[11]
From Clock     : pll_65M:inst|altpll:altpll_component|_clk0
To Clock       : clk
Failed Paths   : 24

Type           : Clock Setup: 'pll_65M:inst|altpll:altpll_component|_clk0'
Slack          : 6.694 ns
Required Time  : 130.01 MHz ( period = 7.692 ns )
Actual Time    : Restricted to 402.58 MHz ( period = 2.484 ns )
From           : fenpin:inst3|fout2
To             : fenpin:inst3|fout
From Clock     : pll_65M:inst|altpll:altpll_component|_clk0
To Clock       : pll_65M:inst|altpll:altpll_component|_clk0
Failed Paths   : 0

Type           : Clock Setup: 'altera_internal_jtag~TCKUTAP'
Slack          : N/A
Required Time  : None
Actual Time    : 74.53 MHz ( period = 13.418 ns )
From           : sld_hub:sld_hub_inst|sld_shadow_jsm:shadow_jsm|state[4]
To             : sld_hub:sld_hub_inst|tdo
From Clock     : altera_internal_jtag~TCKUTAP
To Clock       : altera_internal_jtag~TCKUTAP
Failed Paths   : 0

Type           : Clock Hold: 'pll_65M:inst|altpll:altpll_component|_clk0'
Slack          : 0.499 ns
Required Time  : 130.01 MHz ( period = 7.692 ns )
Actual Time    : N/A
From           : fenpin:inst3|fout2
To             : fenpin:inst3|fout2
From Clock     : pll_65M:inst|altpll:altpll_component|_clk0
To Clock       : pll_65M:inst|altpll:altpll_component|_clk0
Failed Paths   : 0

Type           : Clock Hold: 'clk'
Slack          : 0.499 ns
Required Time  : 50.00 MHz ( period = 20.000 ns )
Actual Time    : N/A
From           : sld_signaltap:auto_signaltap_0|sld_signaltap_impl:sld_signaltap_body|trigger_out_mode_ff
To             : sld_signaltap:auto_signaltap_0|sld_signaltap_impl:sld_signaltap_body|trigger_out_mode_ff
From Clock     : clk
To Clock       : clk
Failed Paths   : 0

Type           : Total number of failed paths
Slack          : 
Required Time  : 
Actual Time    : 
From           : 
To             : 
From Clock     : 
To Clock       : 
Failed Paths   : 24

--------------------------------------------------------------------------------------

