Component: ARM Compiler 5.06 update 6 (build 750) Tool: armlink [4d35ed]

==============================================================================

Section Cross References

    main.o(.text) refers to lze_lcd.o(.text) for LCD_Line_V
    main.o(.text) refers to dflt_clz.o(x$fpl$dfltu) for __aeabi_ui2d
    main.o(.text) refers to ddiv.o(x$fpl$ddiv) for __aeabi_ddiv
    main.o(.text) refers to dmul.o(x$fpl$dmul) for __aeabi_dmul
    main.o(.text) refers to dfixu.o(x$fpl$dfixu) for __aeabi_d2uiz
    main.o(.text) refers to rt_memcpy_w.o(.text) for __aeabi_memcpy4
    main.o(.text) refers to led.o(.text) for GPIO_LED_Configuration
    main.o(.text) refers to key.o(.text) for Key_Init
    main.o(.text) refers to ad9226.o(.text) for AD9226_Init
    main.o(.text) refers to tim_timebase.o(.text) for TIM3_Init
    main.o(.text) refers to stm32f10x_gpio.o(.text) for GPIO_ReadOutputDataBit
    main.o(.text) refers to delay.o(.text) for Delay_1ms
    main.o(.text) refers to main.o(.bss) for Draw_data
    main.o(.text) refers to main.o(.constdata) for .constdata
    main.o(.text) refers to main.o(.data) for Time_Flag
    led.o(.text) refers to stm32f10x_rcc.o(.text) for RCC_APB2PeriphClockCmd
    led.o(.text) refers to stm32f10x_gpio.o(.text) for GPIO_Init
    key.o(.text) refers to stm32f10x_rcc.o(.text) for RCC_APB2PeriphClockCmd
    key.o(.text) refers to stm32f10x_gpio.o(.text) for GPIO_Init
    key.o(.text) refers to delay.o(.text) for Delay_1ms
    lze_lcd.o(.text) refers to _printf_pad.o(.text) for _printf_pre_padding
    lze_lcd.o(.text) refers to _printf_percent.o(.ARM.Collect$$_printf_percent$$00000000) for _printf_percent
    lze_lcd.o(.text) refers to _printf_d.o(.ARM.Collect$$_printf_percent$$00000009) for _printf_d
    lze_lcd.o(.text) refers to _printf_dec.o(.text) for _printf_int_dec
    lze_lcd.o(.text) refers to _printf_lld.o(.ARM.Collect$$_printf_percent$$0000000E) for _printf_lld
    lze_lcd.o(.text) refers to _printf_longlong_dec.o(.text) for _printf_longlong_dec
    lze_lcd.o(.text) refers to stm32f10x_rcc.o(.text) for RCC_APB2PeriphClockCmd
    lze_lcd.o(.text) refers to stm32f10x_gpio.o(.text) for GPIO_Init
    lze_lcd.o(.text) refers to stm32f10x_fsmc.o(.text) for FSMC_NORSRAMInit
    lze_lcd.o(.text) refers to lze_lcd.o(.bss) for LCD_Dev
    lze_lcd.o(.text) refers to lze_lcd.o(.data) for LCD_Currentfonts
    lze_lcd.o(.text) refers to delay.o(.text) for Delay_1ms
    lze_lcd.o(.text) refers to noretval__2sprintf.o(.text) for __2sprintf
    lze_lcd.o(.data) refers to lze_lcd.o(.constdata) for Font8_Table
    ad9226.o(.text) refers to stm32f10x_rcc.o(.text) for RCC_APB2PeriphClockCmd
    ad9226.o(.text) refers to stm32f10x_gpio.o(.text) for GPIO_Init
    tim_timebase.o(.text) refers to stm32f10x_rcc.o(.text) for RCC_APB1PeriphClockCmd
    tim_timebase.o(.text) refers to stm32f10x_tim.o(.text) for TIM_TimeBaseInit
    tim_timebase.o(.text) refers to misc.o(.text) for NVIC_PriorityGroupConfig
    tim_timebase.o(.text) refers to tim_timebase.o(.bss) for TIM_TimeBaseStructure
    tim_timebase.o(.text) refers to main.o(.bss) for AD9226_Data
    tim_timebase.o(.text) refers to tim_timebase.o(.data) for k
    tim_timebase.o(.text) refers to main.o(.data) for Time_Flag
    stm32f10x_rcc.o(.text) refers to stm32f10x_rcc.o(.data) for APBAHBPrescTable
    stm32f10x_gpio.o(.text) refers to stm32f10x_rcc.o(.text) for RCC_APB2PeriphResetCmd
    stm32f10x_tim.o(.text) refers to stm32f10x_rcc.o(.text) for RCC_APB2PeriphResetCmd
    system_stm32f10x.o(.text) refers to system_stm32f10x.o(.data) for SystemCoreClock
    startup_stm32f10x_hd.o(STACK) refers (Special) to heapauxi.o(.text) for __use_two_region_memory
    startup_stm32f10x_hd.o(HEAP) refers (Special) to heapauxi.o(.text) for __use_two_region_memory
    startup_stm32f10x_hd.o(RESET) refers (Special) to heapauxi.o(.text) for __use_two_region_memory
    startup_stm32f10x_hd.o(RESET) refers to startup_stm32f10x_hd.o(STACK) for __initial_sp
    startup_stm32f10x_hd.o(RESET) refers to startup_stm32f10x_hd.o(.text) for Reset_Handler
    startup_stm32f10x_hd.o(RESET) refers to stm32f10x_it.o(.text) for NMI_Handler
    startup_stm32f10x_hd.o(RESET) refers to tim_timebase.o(.text) for TIM3_IRQHandler
    startup_stm32f10x_hd.o(.text) refers (Special) to heapauxi.o(.text) for __use_two_region_memory
    startup_stm32f10x_hd.o(.text) refers to system_stm32f10x.o(.text) for SystemInit
    startup_stm32f10x_hd.o(.text) refers to __main.o(!!!main) for __main
    startup_stm32f10x_hd.o(.text) refers to startup_stm32f10x_hd.o(HEAP) for Heap_Mem
    startup_stm32f10x_hd.o(.text) refers to startup_stm32f10x_hd.o(STACK) for Stack_Mem
    __2sprintf.o(.text) refers to _printf_char_common.o(.text) for _printf_char_common
    __2sprintf.o(.text) refers to _sputc.o(.text) for _sputc
    noretval__2sprintf.o(.text) refers to _printf_char_common.o(.text) for _printf_char_common
    noretval__2sprintf.o(.text) refers to _sputc.o(.text) for _sputc
[...]
    rtexit.o(.ARM.Collect$$rtexit$$00000000) refers (Special) to rtexit2.o(.ARM.Collect$$rtexit$$00000002) for __rt_exit_prels_1
    rtexit.o(.ARM.exidx) refers (Special) to rtexit2.o(.ARM.Collect$$rtexit$$00000004) for __rt_exit_exit
    rtexit.o(.ARM.exidx) refers (Special) to rtexit2.o(.ARM.Collect$$rtexit$$00000003) for __rt_exit_ls
    rtexit.o(.ARM.exidx) refers (Special) to rtexit2.o(.ARM.Collect$$rtexit$$00000002) for __rt_exit_prels_1
    rtexit.o(.ARM.exidx) refers to rtexit.o(.ARM.Collect$$rtexit$$00000000) for .ARM.Collect$$rtexit$$00000000
    libinit2.o(.ARM.Collect$$libinit$$00000010) refers to libinit2.o(.ARM.Collect$$libinit$$0000000F) for .ARM.Collect$$libinit$$0000000F
    libinit2.o(.ARM.Collect$$libinit$$00000012) refers to libinit2.o(.ARM.Collect$$libinit$$0000000F) for .ARM.Collect$$libinit$$0000000F
    libinit2.o(.ARM.Collect$$libinit$$00000014) refers to libinit2.o(.ARM.Collect$$libinit$$0000000F) for .ARM.Collect$$libinit$$0000000F
    libinit2.o(.ARM.Collect$$libinit$$00000016) refers to libinit2.o(.ARM.Collect$$libinit$$0000000F) for .ARM.Collect$$libinit$$0000000F
    libinit2.o(.ARM.Collect$$libinit$$00000018) refers to libinit2.o(.ARM.Collect$$libinit$$0000000F) for .ARM.Collect$$libinit$$0000000F
    libinit2.o(.ARM.Collect$$libinit$$00000026) refers to argv_veneer.o(.emb_text) for __ARM_argv_veneer
    libinit2.o(.ARM.Collect$$libinit$$00000027) refers to argv_veneer.o(.emb_text) for __ARM_argv_veneer
    rtexit2.o(.ARM.Collect$$rtexit$$00000003) refers to libshutdown.o(.ARM.Collect$$libshutdown$$00000000) for __rt_lib_shutdown
    rtexit2.o(.ARM.Collect$$rtexit$$00000004) refers to sys_exit.o(.text) for _sys_exit
    rtexit2.o(.ARM.exidx) refers to rtexit2.o(.ARM.Collect$$rtexit$$00000001) for .ARM.Collect$$rtexit$$00000001
    rtexit2.o(.ARM.exidx) refers to rtexit2.o(.ARM.Collect$$rtexit$$00000003) for .ARM.Collect$$rtexit$$00000003
    rtexit2.o(.ARM.exidx) refers to rtexit2.o(.ARM.Collect$$rtexit$$00000004) for .ARM.Collect$$rtexit$$00000004
    argv_veneer.o(.emb_text) refers to no_argv.o(.text) for __ARM_get_argv
    sys_exit.o(.text) refers (Special) to use_no_semi.o(.text) for __I$use$semihosting
    sys_exit.o(.text) refers (Special) to indicate_semi.o(.text) for __semihosting_library_function
    _get_argv_nomalloc.o(.text) refers (Special) to hrguard.o(.text) for __heap_region$guard
    _get_argv_nomalloc.o(.text) refers to defsig_rtmem_outer.o(.text) for __rt_SIGRTMEM
    _get_argv_nomalloc.o(.text) refers to sys_command.o(.text) for _sys_command_string
    libshutdown.o(.ARM.Collect$$libshutdown$$00000000) refers (Special) to libshutdown2.o(.ARM.Collect$$libshutdown$$00000002) for __rt_lib_shutdown_cpp_1
    libshutdown.o(.ARM.Collect$$libshutdown$$00000000) refers (Special) to libshutdown2.o(.ARM.Collect$$libshutdown$$00000007) for __rt_lib_shutdown_fp_trap_1
    libshutdown.o(.ARM.Collect$$libshutdown$$00000000) refers (Special) to libshutdown2.o(.ARM.Collect$$libshutdown$$0000000F) for __rt_lib_shutdown_heap_1
    libshutdown.o(.ARM.Collect$$libshutdown$$00000000) refers (Special) to libshutdown2.o(.ARM.Collect$$libshutdown$$00000010) for __rt_lib_shutdown_return
    libshutdown.o(.ARM.Collect$$libshutdown$$00000000) refers (Special) to libshutdown2.o(.ARM.Collect$$libshutdown$$0000000A) for __rt_lib_shutdown_signal_1
    libshutdown.o(.ARM.Collect$$libshutdown$$00000000) refers (Special) to libshutdown2.o(.ARM.Collect$$libshutdown$$00000004) for __rt_lib_shutdown_stdio_1
    libshutdown.o(.ARM.Collect$$libshutdown$$00000000) refers (Special) to libshutdown2.o(.ARM.Collect$$libshutdown$$0000000C) for __rt_lib_shutdown_user_alloc_1
    sys_command.o(.text) refers (Special) to use_no_semi.o(.text) for __I$use$semihosting
    sys_command.o(.text) refers (Special) to indicate_semi.o(.text) for __semihosting_library_function
    defsig_rtmem_outer.o(.text) refers to defsig_rtmem_inner.o(.text) for __rt_SIGRTMEM_inner
    defsig_rtmem_outer.o(.text) refers to defsig_exit.o(.text) for __sig_exit
    defsig_rtmem_formal.o(.text) refers to rt_raise.o(.text) for __rt_raise
    rt_raise.o(.text) refers to __raise.o(.text) for __raise
    rt_raise.o(.text) refers to sys_exit.o(.text) for _sys_exit
    defsig_exit.o(.text) refers to sys_exit.o(.text) for _sys_exit
    defsig_rtmem_inner.o(.text) refers to defsig_general.o(.text) for __default_signal_display
    __raise.o(.text) refers to defsig.o(CL$$defsig) for __default_signal_handler
    defsig_general.o(.text) refers to sys_wrch.o(.text) for _ttywrch
    sys_wrch.o(.text) refers (Special) to use_no_semi.o(.text) for __I$use$semihosting
    sys_wrch.o(.text) refers (Special) to indicate_semi.o(.text) for __semihosting_library_function
    defsig.o(CL$$defsig) refers to defsig_rtmem_inner.o(.text) for __rt_SIGRTMEM_inner
    defsig_abrt_inner.o(.text) refers to defsig_general.o(.text) for __default_signal_display
    defsig_fpe_inner.o(.text) refers to defsig_general.o(.text) for __default_signal_display
    defsig_rtred_inner.o(.text) refers to defsig_general.o(.text) for __default_signal_display
    defsig_stak_inner.o(.text) refers to defsig_general.o(.text) for __default_signal_display
    defsig_pvfn_inner.o(.text) refers to defsig_general.o(.text) for __default_signal_display
    defsig_cppl_inner.o(.text) refers to defsig_general.o(.text) for __default_signal_display
    defsig_segv_inner.o(.text) refers to defsig_general.o(.text) for __default_signal_display
    defsig_other.o(.text) refers to defsig_general.o(.text) for __default_signal_display


==============================================================================

Removing Unused input sections from the image.

    Removing stm32f10x_exti.o(.text), (284 bytes).
    Removing core_cm3.o(.emb_text), (32 bytes).

2 unused section(s) (total 316 bytes) removed from the image.

==============================================================================

Image Symbol Table

    Local Symbols

    Symbol Name                              Value     Ov Type        Size  Object(Section)

    ../clib/angel/boardlib.s                 0x00000000   Number         0  boardshut.o ABSOLUTE
    ../clib/angel/boardlib.s                 0x00000000   Number         0  boardinit3.o ABSOLUTE
    ../clib/angel/boardlib.s                 0x00000000   Number         0  boardinit1.o ABSOLUTE
    ../clib/angel/boardlib.s                 0x00000000   Number         0  boardinit2.o ABSOLUTE
    ../clib/angel/handlers.s                 0x00000000   Number         0  __scatter_copy.o ABSOLUTE
    ../clib/angel/handlers.s                 0x00000000   Number         0  __scatter_zi.o ABSOLUTE
    ../clib/angel/kernel.s                   0x00000000   Number         0  rtexit.o ABSOLUTE
    ../clib/angel/kernel.s                   0x00000000   Number         0  __rtentry.o ABSOLUTE
    ../clib/angel/kernel.s                   0x00000000   Number         0  __rtentry4.o ABSOLUTE
    ../clib/angel/kernel.s                   0x00000000   Number         0  __rtentry2.o ABSOLUTE
    ../clib/angel/kernel.s                   0x00000000   Number         0  rtexit2.o ABSOLUTE
    ../clib/angel/rt.s                       0x00000000   Number         0  rt_raise.o ABSOLUTE
    ../clib/angel/scatter.s                  0x00000000   Number         0  __scatter.o ABSOLUTE
    ../clib/angel/startup.s                  0x00000000   Number         0  __main.o ABSOLUTE
    ../clib/angel/sys.s                      0x00000000   Number         0  use_no_semi.o ABSOLUTE
    ../clib/angel/sys.s                      0x00000000   Number         0  sys_stackheap_outer.o ABSOLUTE
    ../clib/angel/sys.s                      0x00000000   Number         0  libspace.o ABSOLUTE
    ../clib/angel/sys.s                      0x00000000   Number         0  indicate_semi.o ABSOLUTE
    ../clib/angel/sysapp.c                   0x00000000   Number         0  sys_exit.o ABSOLUTE
    ../clib/angel/sysapp.c                   0x00000000   Number         0  sys_command.o ABSOLUTE
    ../clib/angel/sysapp.c                   0x00000000   Number         0  sys_wrch.o ABSOLUTE
    ../clib/armsys.c                         0x00000000   Number         0  argv_veneer.o ABSOLUTE
    ../clib/armsys.c                         0x00000000   Number         0  argv_veneer.o ABSOLUTE
    ../clib/armsys.c                         0x00000000   Number         0  _get_argv_nomalloc.o ABSOLUTE
    ../clib/armsys.c                         0x00000000   Number         0  no_argv.o ABSOLUTE
    ../clib/heapalloc.c                      0x00000000   Number         0  hrguard.o ABSOLUTE
    ../clib/heapaux.c                        0x00000000   Number         0  heapauxi.o ABSOLUTE
    ../clib/libinit.s                        0x00000000   Number         0  libinit2.o ABSOLUTE
    ../clib/libinit.s                        0x00000000   Number         0  libshutdown2.o ABSOLUTE
    ../clib/libinit.s                        0x00000000   Number         0  libinit.o ABSOLUTE
    ../clib/libinit.s                        0x00000000   Number         0  libshutdown.o ABSOLUTE
    ../clib/longlong.s                       0x00000000   Number         0  lludiv10.o ABSOLUTE
    ../clib/memcpset.s                       0x00000000   Number         0  rt_memcpy_w.o ABSOLUTE
    ../clib/misc.s                           0x00000000   Number         0  printf_stubs.o ABSOLUTE
    ../clib/printf.c                         0x00000000   Number         0  __2sprintf.o ABSOLUTE
    ../clib/printf.c                         0x00000000   Number         0  __printf.o ABSOLUTE
    ../clib/printf.c                         0x00000000   Number         0  __printf_ss_wp.o ABSOLUTE
    ../clib/printf.c                         0x00000000   Number         0  _printf_intcommon.o ABSOLUTE
    ../clib/printf.c                         0x00000000   Number         0  _sputc.o ABSOLUTE
    ../clib/printf.c                         0x00000000   Number         0  _printf_char_common.o ABSOLUTE
    ../clib/printf.c                         0x00000000   Number         0  __printf_flags_ss_wp.o ABSOLUTE
    ../clib/printf.c                         0x00000000   Number         0  __printf_nopercent.o ABSOLUTE
    ../clib/printf.c                         0x00000000   Number         0  __printf_flags_wp.o ABSOLUTE
    ../clib/printf.c                         0x00000000   Number         0  __printf_wp.o ABSOLUTE
    ../clib/printf.c                         0x00000000   Number         0  __printf_flags_ss.o ABSOLUTE
    ../clib/printf.c                         0x00000000   Number         0  __printf_ss.o ABSOLUTE
    ../clib/printf.c                         0x00000000   Number         0  __printf_flags.o ABSOLUTE
    ../clib/printf.c                         0x00000000   Number         0  _printf_longlong_dec.o ABSOLUTE
    ../clib/printf.c                         0x00000000   Number         0  _printf_pad.o ABSOLUTE
    ../clib/printf.c                         0x00000000   Number         0  _printf_dec.o ABSOLUTE
    ../clib/printf.c                         0x00000000   Number         0  noretval__2sprintf.o ABSOLUTE
    ../clib/printf_percent.s                 0x00000000   Number         0  _printf_percent.o ABSOLUTE
    ../clib/printf_percent.s                 0x00000000   Number         0  _printf_lld.o ABSOLUTE
    ../clib/printf_percent.s                 0x00000000   Number         0  _printf_percent_end.o ABSOLUTE
    ../clib/printf_percent.s                 0x00000000   Number         0  _printf_ll.o ABSOLUTE
    ../clib/printf_percent.s                 0x00000000   Number         0  _printf_d.o ABSOLUTE
    ../clib/signal.c                         0x00000000   Number         0  defsig_rtmem_inner.o ABSOLUTE
    ../clib/signal.c                         0x00000000   Number         0  defsig_exit.o ABSOLUTE
    ../clib/signal.c                         0x00000000   Number         0  defsig_cppl_inner.o ABSOLUTE
    ../clib/signal.c                         0x00000000   Number         0  defsig_rtmem_formal.o ABSOLUTE
    ../clib/signal.c                         0x00000000   Number         0  defsig_segv_inner.o ABSOLUTE
    ../clib/signal.c                         0x00000000   Number         0  defsig_rtmem_outer.o ABSOLUTE
    ../clib/signal.c                         0x00000000   Number         0  defsig_other.o ABSOLUTE
    ../clib/signal.c                         0x00000000   Number         0  defsig_general.o ABSOLUTE
    ../clib/signal.c                         0x00000000   Number         0  __raise.o ABSOLUTE
    ../clib/signal.c                         0x00000000   Number         0  defsig_abrt_inner.o ABSOLUTE
    ../clib/signal.c                         0x00000000   Number         0  defsig_fpe_inner.o ABSOLUTE
    ../clib/signal.c                         0x00000000   Number         0  defsig_rtred_inner.o ABSOLUTE
    ../clib/signal.c                         0x00000000   Number         0  defsig_stak_inner.o ABSOLUTE
    ../clib/signal.c                         0x00000000   Number         0  defsig_pvfn_inner.o ABSOLUTE
    ../clib/signal.s                         0x00000000   Number         0  defsig.o ABSOLUTE
    ../clib/stdlib.c                         0x00000000   Number         0  exit.o ABSOLUTE
    ../fplib/ddiv.s                          0x00000000   Number         0  ddiv.o ABSOLUTE
    ../fplib/dfixu.s                         0x00000000   Number         0  dfixu.o ABSOLUTE
    ../fplib/dflt.s                          0x00000000   Number         0  dflt_clz.o ABSOLUTE
    ../fplib/dmul.s                          0x00000000   Number         0  dmul.o ABSOLUTE
    ../fplib/dnaninf.s                       0x00000000   Number         0  dnaninf.o ABSOLUTE
    ../fplib/dretinf.s                       0x00000000   Number         0  dretinf.o ABSOLUTE
    ../fplib/fpinit.s                        0x00000000   Number         0  fpinit.o ABSOLUTE
    ../fplib/usenofp.s                       0x00000000   Number         0  usenofp.o ABSOLUTE
    ..\CMSIS\CoreSupport\core_cm3.c          0x00000000   Number         0  core_cm3.o ABSOLUTE
    ..\CMSIS\DeviceSupport\STM32F10x\startup_stm32f10x_hd.s 0x00000000   Number         0  startup_stm32f10x_hd.o ABSOLUTE
    ..\CMSIS\DeviceSupport\STM32F10x\system_stm32f10x.c 0x00000000   Number         0  system_stm32f10x.o ABSOLUTE
    ..\STM32F10x_StdPeriph_Driver\src\misc.c 0x00000000   Number         0  misc.o ABSOLUTE
    ..\STM32F10x_StdPeriph_Driver\src\stm32f10x_exti.c 0x00000000   Number         0  stm32f10x_exti.o ABSOLUTE
    ..\STM32F10x_StdPeriph_Driver\src\stm32f10x_fsmc.c 0x00000000   Number         0  stm32f10x_fsmc.o ABSOLUTE
    ..\STM32F10x_StdPeriph_Driver\src\stm32f10x_gpio.c 0x00000000   Number         0  stm32f10x_gpio.o ABSOLUTE
    ..\STM32F10x_StdPeriph_Driver\src\stm32f10x_rcc.c 0x00000000   Number         0  stm32f10x_rcc.o ABSOLUTE
    ..\STM32F10x_StdPeriph_Driver\src\stm32f10x_tim.c 0x00000000   Number         0  stm32f10x_tim.o ABSOLUTE
    ..\User\Delay.c                          0x00000000   Number         0  delay.o ABSOLUTE
    ..\User\LED.c                            0x00000000   Number         0  led.o ABSOLUTE
    ..\User\TIM_TimeBase.c                   0x00000000   Number         0  tim_timebase.o ABSOLUTE
    ..\User\ad9226.c                         0x00000000   Number         0  ad9226.o ABSOLUTE
    ..\User\key.c                            0x00000000   Number         0  key.o ABSOLUTE
    ..\User\lze_lcd.c                        0x00000000   Number         0  lze_lcd.o ABSOLUTE
    ..\User\main.c                           0x00000000   Number         0  main.o ABSOLUTE
    ..\User\stm32f10x_it.c                   0x00000000   Number         0  stm32f10x_it.o ABSOLUTE
    ..\\CMSIS\\CoreSupport\\core_cm3.c       0x00000000   Number         0  core_cm3.o ABSOLUTE
    dc.s                                     0x00000000   Number         0  dc.o ABSOLUTE
    RESET                                    0x08000000   Section      304  startup_stm32f10x_hd.o(RESET)
    !!!main                                  0x08000130   Section        8  __main.o(!!!main)
    !!!scatter                               0x08000138   Section       52  __scatter.o(!!!scatter)
    !!handler_copy                           0x0800016c   Section       26  __scatter_copy.o(!!handler_copy)
    !!handler_zi                             0x08000188   Section       28  __scatter_zi.o(!!handler_zi)
    .ARM.Collect$$_printf_percent$$00000000  0x080001a4   Section        0  _printf_percent.o(.ARM.Collect$$_printf_percent$$00000000)
    .ARM.Collect$$_printf_percent$$00000007  0x080001a4   Section       10  _printf_ll.o(.ARM.Collect$$_printf_percent$$00000007)
    .ARM.Collect$$_printf_percent$$00000009  0x080001ae   Section        6  _printf_d.o(.ARM.Collect$$_printf_percent$$00000009)
    .ARM.Collect$$_printf_percent$$0000000E  0x080001b4   Section        6  _printf_lld.o(.ARM.Collect$$_printf_percent$$0000000E)
    .ARM.Collect$$_printf_percent$$00000017  0x080001ba   Section        4  _printf_percent_end.o(.ARM.Collect$$_printf_percent$$00000017)
    .ARM.Collect$$libinit$$00000000          0x080001be   Section        2  libinit.o(.ARM.Collect$$libinit$$00000000)
    .ARM.Collect$$libinit$$00000002          0x080001c0   Section        0  libinit2.o(.ARM.Collect$$libinit$$00000002)
    .ARM.Collect$$libinit$$00000004          0x080001c0   Section        0  libinit2.o(.ARM.Collect$$libinit$$00000004)
    .ARM.Collect$$libinit$$0000000A          0x080001c0   Section        0  libinit2.o(.ARM.Collect$$libinit$$0000000A)
    .ARM.Collect$$libinit$$0000000C          0x080001c0   Section        0  libinit2.o(.ARM.Collect$$libinit$$0000000C)
    .ARM.Collect$$libinit$$0000000E          0x080001c0   Section        0  libinit2.o(.ARM.Collect$$libinit$$0000000E)
    .ARM.Collect$$libinit$$00000011          0x080001c0   Section        0  libinit2.o(.ARM.Collect$$libinit$$00000011)
    .ARM.Collect$$libinit$$00000013          0x080001c0   Section        0  libinit2.o(.ARM.Collect$$libinit$$00000013)
    .ARM.Collect$$libinit$$00000015          0x080001c0   Section        0  libinit2.o(.ARM.Collect$$libinit$$00000015)
    .ARM.Collect$$libinit$$00000017          0x080001c0   Section        0  libinit2.o(.ARM.Collect$$libinit$$00000017)
    .ARM.Collect$$libinit$$00000019          0x080001c0   Section        0  libinit2.o(.ARM.Collect$$libinit$$00000019)
    .ARM.Collect$$libinit$$0000001B          0x080001c0   Section        0  libinit2.o(.ARM.Collect$$libinit$$0000001B)
    .ARM.Collect$$libinit$$0000001D          0x080001c0   Section        0  libinit2.o(.ARM.Collect$$libinit$$0000001D)
    .ARM.Collect$$libinit$$0000001F          0x080001c0   Section        0  libinit2.o(.ARM.Collect$$libinit$$0000001F)
    .ARM.Collect$$libinit$$00000021          0x080001c0   Section        0  libinit2.o(.ARM.Collect$$libinit$$00000021)
    .ARM.Collect$$libinit$$00000023          0x080001c0   Section        0  libinit2.o(.ARM.Collect$$libinit$$00000023)
    .ARM.Collect$$libinit$$00000025          0x080001c0   Section        0  libinit2.o(.ARM.Collect$$libinit$$00000025)
    .ARM.Collect$$libinit$$0000002C          0x080001c0   Section        0  libinit2.o(.ARM.Collect$$libinit$$0000002C)
    .ARM.Collect$$libinit$$0000002E          0x080001c0   Section        0  libinit2.o(.ARM.Collect$$libinit$$0000002E)
    .ARM.Collect$$libinit$$00000030          0x080001c0   Section        0  libinit2.o(.ARM.Collect$$libinit$$00000030)
    .ARM.Collect$$libinit$$00000032          0x080001c0   Section        0  libinit2.o(.ARM.Collect$$libinit$$00000032)
    .ARM.Collect$$libinit$$00000033          0x080001c0   Section        2  libinit2.o(.ARM.Collect$$libinit$$00000033)
    .ARM.Collect$$libshutdown$$00000000      0x080001c2   Section        2  libshutdown.o(.ARM.Collect$$libshutdown$$00000000)
    .ARM.Collect$$libshutdown$$00000002      0x080001c4   Section        0  libshutdown2.o(.ARM.Collect$$libshutdown$$00000002)
    .ARM.Collect$$libshutdown$$00000004      0x080001c4   Section        0  libshutdown2.o(.ARM.Collect$$libshutdown$$00000004)
    .ARM.Collect$$libshutdown$$00000007      0x080001c4   Section        0  libshutdown2.o(.ARM.Collect$$libshutdown$$00000007)
    .ARM.Collect$$libshutdown$$0000000A      0x080001c4   Section        0  libshutdown2.o(.ARM.Collect$$libshutdown$$0000000A)
    .ARM.Collect$$libshutdown$$0000000C      0x080001c4   Section        0  libshutdown2.o(.ARM.Collect$$libshutdown$$0000000C)
    .ARM.Collect$$libshutdown$$0000000F      0x080001c4   Section        0  libshutdown2.o(.ARM.Collect$$libshutdown$$0000000F)
    .ARM.Collect$$libshutdown$$00000010      0x080001c4   Section        2  libshutdown2.o(.ARM.Collect$$libshutdown$$00000010)
    .ARM.Collect$$rtentry$$00000000          0x080001c6   Section        0  __rtentry.o(.ARM.Collect$$rtentry$$00000000)
    .ARM.Collect$$rtentry$$00000002          0x080001c6   Section        0  __rtentry2.o(.ARM.Collect$$rtentry$$00000002)
    .ARM.Collect$$rtentry$$00000004          0x080001c6   Section        6  __rtentry4.o(.ARM.Collect$$rtentry$$00000004)
    .ARM.Collect$$rtentry$$00000009          0x080001cc   Section        0  __rtentry2.o(.ARM.Collect$$rtentry$$00000009)
    .ARM.Collect$$rtentry$$0000000A          0x080001cc   Section        4  __rtentry2.o(.ARM.Collect$$rtentry$$0000000A)
    .ARM.Collect$$rtentry$$0000000C          0x080001d0   Section        0  __rtentry2.o(.ARM.Collect$$rtentry$$0000000C)
    .ARM.Collect$$rtentry$$0000000D          0x080001d0   Section        8  __rtentry2.o(.ARM.Collect$$rtentry$$0000000D)
    .ARM.Collect$$rtexit$$00000000           0x080001d8   Section        2  rtexit.o(.ARM.Collect$$rtexit$$00000000)
    .ARM.Collect$$rtexit$$00000002           0x080001da   Section        0  rtexit2.o(.ARM.Collect$$rtexit$$00000002)
    .ARM.Collect$$rtexit$$00000003           0x080001da   Section        4  rtexit2.o(.ARM.Collect$$rtexit$$00000003)
    .ARM.Collect$$rtexit$$00000004           0x080001de   Section        6  rtexit2.o(.ARM.Collect$$rtexit$$00000004)
    .text                                    0x080001e4   Section        0  main.o(.text)
    .text                                    0x080006ec   Section        0  stm32f10x_it.o(.text)
    .text                                    0x08000708   Section        0  led.o(.text)
    .text                                    0x08000744   Section        0  key.o(.text)
    .text                                    0x08000814   Section        0  delay.o(.text)
    .text                                    0x0800093c   Section        0  lze_lcd.o(.text)
    LCD_SetCursor                            0x08000ba3   Thumb Code   100  lze_lcd.o(.text)
    LCD_DrawChar                             0x08001299   Thumb Code   140  lze_lcd.o(.text)
    LCD_DrawChineseChar                      0x080013bb   Thumb Code   164  lze_lcd.o(.text)
    .text                                    0x08001b20   Section        0  ad9226.o(.text)
    .text                                    0x08001b74   Section        0  tim_timebase.o(.text)
    NVIC_Configuration                       0x08001b99   Thumb Code    56  tim_timebase.o(.text)
    .text                                    0x08001c64   Section        0  misc.o(.text)
    .text                                    0x08001d40   Section        0  stm32f10x_rcc.o(.text)
    .text                                    0x080020e4   Section        0  stm32f10x_gpio.o(.text)
    .text                                    0x08002440   Section        0  stm32f10x_tim.o(.text)
    TI4_Config                               0x080028e7   Thumb Code   130  stm32f10x_tim.o(.text)
    TI3_Config                               0x0800297b   Thumb Code   122  stm32f10x_tim.o(.text)
    TI2_Config                               0x08002a0f   Thumb Code   130  stm32f10x_tim.o(.text)
    TI1_Config                               0x08002aa3   Thumb Code   108  stm32f10x_tim.o(.text)
    .text                                    0x0800325c   Section        0  stm32f10x_fsmc.o(.text)
    .text                                    0x08003868   Section        0  system_stm32f10x.o(.text)
    SetSysClockTo72                          0x08003869   Thumb Code   214  system_stm32f10x.o(.text)
    SetSysClock                              0x0800393f   Thumb Code     8  system_stm32f10x.o(.text)
    .text                                    0x08003a48   Section       64  startup_stm32f10x_hd.o(.text)
    .text                                    0x08003a88   Section        0  noretval__2sprintf.o(.text)
    .text                                    0x08003ab0   Section        0  _printf_pad.o(.text)
    .text                                    0x08003b00   Section        0  _printf_dec.o(.text)
    .text                                    0x08003b78   Section        0  _printf_longlong_dec.o(.text)
    .text                                    0x08003bf4   Section        0  __printf_ss_wp.o(.text)
    .text                                    0x08003d54   Section      100  rt_memcpy_w.o(.text)
    .text                                    0x08003db8   Section        0  heapauxi.o(.text)
    .text                                    0x08003dbe   Section      138  lludiv10.o(.text)
    .text                                    0x08003e48   Section        0  _printf_intcommon.o(.text)
    .text                                    0x08003efc   Section        0  _printf_char_common.o(.text)
    _printf_input_char                       0x08003efd   Thumb Code    10  _printf_char_common.o(.text)
    .text                                    0x08003f2c   Section        0  _sputc.o(.text)
    .text                                    0x08003f36   Section       74  sys_stackheap_outer.o(.text)
    .text                                    0x08003f80   Section        0  exit.o(.text)
    .text                                    0x08003f94   Section        8  libspace.o(.text)
    .text                                    0x08003f9c   Section        0  sys_exit.o(.text)
    .text                                    0x08003fa8   Section        2  use_no_semi.o(.text)
    .text                                    0x08003faa   Section        0  indicate_semi.o(.text)
    i._is_digit                              0x08003faa   Section        0  __printf_wp.o(i._is_digit)
    x$fpl$ddiv                               0x08003fb8   Section      688  ddiv.o(x$fpl$ddiv)
    ddiv_entry                               0x08003fbf   Thumb Code     0  ddiv.o(x$fpl$ddiv)
    x$fpl$dfixu                              0x08004268   Section       90  dfixu.o(x$fpl$dfixu)
    x$fpl$dfltu                              0x080042c2   Section       38  dflt_clz.o(x$fpl$dfltu)
    x$fpl$dmul                               0x080042e8   Section      340  dmul.o(x$fpl$dmul)
    x$fpl$dnaninf                            0x0800443c   Section      156  dnaninf.o(x$fpl$dnaninf)
    x$fpl$dretinf                            0x080044d8   Section       12  dretinf.o(x$fpl$dretinf)
    .constdata                               0x080044e4   Section       28  main.o(.constdata)
    x$fpl$usenofp                            0x080044e4   Section        0  usenofp.o(x$fpl$usenofp)
    .constdata                               0x08004500   Section    19780  lze_lcd.o(.constdata)
    .data                                    0x20000000   Section        1  main.o(.data)
    .data                                    0x20000004   Section       76  lze_lcd.o(.data)
    .data                                    0x20000050   Section        2  tim_timebase.o(.data)
    .data                                    0x20000052   Section       20  stm32f10x_rcc.o(.data)
    APBAHBPrescTable                         0x20000052   Data          16  stm32f10x_rcc.o(.data)
    ADCPrescTable                            0x20000062   Data           4  stm32f10x_rcc.o(.data)
    .data                                    0x20000068   Section       20  system_stm32f10x.o(.data)
    .bss                                     0x2000007c   Section     1140  main.o(.bss)
    .bss                                     0x200004f0   Section       16  lze_lcd.o(.bss)
    .bss                                     0x20000500   Section       10  tim_timebase.o(.bss)
    .bss                                     0x2000050c   Section       96  libspace.o(.bss)
    HEAP                                     0x20000570   Section      512  startup_stm32f10x_hd.o(HEAP)
    Heap_Mem                                 0x20000570   Data         512  startup_stm32f10x_hd.o(HEAP)
    STACK                                    0x20000770   Section     1024  startup_stm32f10x_hd.o(STACK)
    Stack_Mem                                0x20000770   Data        1024  startup_stm32f10x_hd.o(STACK)
    __initial_sp                             0x20000b70   Data           0  startup_stm32f10x_hd.o(STACK)

    Global Symbols

    Symbol Name                              Value     Ov Type        Size  Object(Section)

    BuildAttributes$$THM_ISAv4$P$D$K$B$S$PE$A:L22UL41UL21$X:L11$S22US41US21$IEEE1$IW$USESV6$~STKCKD$USESV7$~SHL$OSPACE$ROPI$EBA8$UX$STANDARDLIB$REQ8$PRES8$EABIv2 0x00000000   Number         0  anon$$obj.o ABSOLUTE
    __ARM_use_no_argv                        0x00000000   Number         0  main.o ABSOLUTE
    _printf_flags                            0x00000000   Number         0  printf_stubs.o ABSOLUTE
    _printf_return_value                     0x00000000   Number         0  printf_stubs.o ABSOLUTE
    _printf_sizespec                         0x00000000   Number         0  printf_stubs.o ABSOLUTE
    _printf_widthprec                        0x00000000   Number         0  printf_stubs.o ABSOLUTE
    __ARM_exceptions_init                     - Undefined Weak Reference
    __alloca_initialize                       - Undefined Weak Reference
    __arm_preinit_                            - Undefined Weak Reference
    __cpp_initialize__aeabi_                  - Undefined Weak Reference
    __cxa_finalize                            - Undefined Weak Reference
    __rt_locale                               - Undefined Weak Reference
    __sigvec_lookup                           - Undefined Weak Reference
    _atexit_init                              - Undefined Weak Reference
    _call_atexit_fns                          - Undefined Weak Reference
    _clock_init                               - Undefined Weak Reference
    _fp_trap_init                             - Undefined Weak Reference
    _fp_trap_shutdown                         - Undefined Weak Reference
    _get_lc_collate                           - Undefined Weak Reference
    _get_lc_ctype                             - Undefined Weak Reference
    _get_lc_monetary                          - Undefined Weak Reference
    _get_lc_numeric                           - Undefined Weak Reference
    _get_lc_time                              - Undefined Weak Reference
    _getenv_init                              - Undefined Weak Reference
    _handle_redirection                       - Undefined Weak Reference
    _init_alloc                               - Undefined Weak Reference
    _init_user_alloc                          - Undefined Weak Reference
    _initio                                   - Undefined Weak Reference
    _printf_truncate_signed                   - Undefined Weak Reference
    _printf_truncate_unsigned                 - Undefined Weak Reference
    _rand_init                                - Undefined Weak Reference
    _signal_finish                            - Undefined Weak Reference
    _signal_init                              - Undefined Weak Reference
    _terminate_alloc                          - Undefined Weak Reference
    _terminate_user_alloc                     - Undefined Weak Reference
    _terminateio                              - Undefined Weak Reference
    __Vectors_Size                           0x00000130   Number         0  startup_stm32f10x_hd.o ABSOLUTE
    __Vectors                                0x08000000   Data           4  startup_stm32f10x_hd.o(RESET)
    __Vectors_End                            0x08000130   Data           0  startup_stm32f10x_hd.o(RESET)
    __main                                   0x08000131   Thumb Code     8  __main.o(!!!main)
    __scatterload                            0x08000139   Thumb Code     0  __scatter.o(!!!scatter)
    __scatterload_rt2                        0x08000139   Thumb Code    44  __scatter.o(!!!scatter)
    __scatterload_rt2_thumb_only             0x08000139   Thumb Code     0  __scatter.o(!!!scatter)
    __scatterload_null                       0x08000147   Thumb Code     0  __scatter.o(!!!scatter)
    __scatterload_copy                       0x0800016d   Thumb Code    26  __scatter_copy.o(!!handler_copy)
    __scatterload_zeroinit                   0x08000189   Thumb Code    28  __scatter_zi.o(!!handler_zi)
    _printf_ll                               0x080001a5   Thumb Code     0  _printf_ll.o(.ARM.Collect$$_printf_percent$$00000007)
    _printf_percent                          0x080001a5   Thumb Code     0  _printf_percent.o(.ARM.Collect$$_printf_percent$$00000000)
    _printf_d                                0x080001af   Thumb Code     0  _printf_d.o(.ARM.Collect$$_printf_percent$$00000009)
    _printf_lld                              0x080001b5   Thumb Code     0  _printf_lld.o(.ARM.Collect$$_printf_percent$$0000000E)
    _printf_percent_end                      0x080001bb   Thumb Code     0  _printf_percent_end.o(.ARM.Collect$$_printf_percent$$00000017)
    __rt_lib_init                            0x080001bf   Thumb Code     0  libinit.o(.ARM.Collect$$libinit$$00000000)
    __rt_lib_init_alloca_1                   0x080001c1   Thumb Code     0  libinit2.o(.ARM.Collect$$libinit$$0000002E)
    __rt_lib_init_argv_1                     0x080001c1   Thumb Code     0  libinit2.o(.ARM.Collect$$libinit$$0000002C)
    __rt_lib_init_atexit_1                   0x080001c1   Thumb Code     0  libinit2.o(.ARM.Collect$$libinit$$0000001B)
    __rt_lib_init_clock_1                    0x080001c1   Thumb Code     0  libinit2.o(.ARM.Collect$$libinit$$00000021)
    __rt_lib_init_cpp_1                      0x080001c1   Thumb Code     0  libinit2.o(.ARM.Collect$$libinit$$00000032)
    __rt_lib_init_exceptions_1               0x080001c1   Thumb Code     0  libinit2.o(.ARM.Collect$$libinit$$00000030)
    __rt_lib_init_fp_1                       0x080001c1   Thumb Code     0  libinit2.o(.ARM.Collect$$libinit$$00000002)
    __rt_lib_init_fp_trap_1                  0x080001c1   Thumb Code     0  libinit2.o(.ARM.Collect$$libinit$$0000001F)
    __rt_lib_init_getenv_1                   0x080001c1   Thumb Code     0  libinit2.o(.ARM.Collect$$libinit$$00000023)
    __rt_lib_init_heap_1                     0x080001c1   Thumb Code     0  libinit2.o(.ARM.Collect$$libinit$$0000000A)
    __rt_lib_init_lc_collate_1               0x080001c1   Thumb Code     0  libinit2.o(.ARM.Collect$$libinit$$00000011)
    __rt_lib_init_lc_ctype_1                 0x080001c1   Thumb Code     0  libinit2.o(.ARM.Collect$$libinit$$00000013)
    __rt_lib_init_lc_monetary_1              0x080001c1   Thumb Code     0  libinit2.o(.ARM.Collect$$libinit$$00000015)
    __rt_lib_init_lc_numeric_1               0x080001c1   Thumb Code     0  libinit2.o(.ARM.Collect$$libinit$$00000017)
    __rt_lib_init_lc_time_1                  0x080001c1   Thumb Code     0  libinit2.o(.ARM.Collect$$libinit$$00000019)
    __rt_lib_init_preinit_1                  0x080001c1   Thumb Code     0  libinit2.o(.ARM.Collect$$libinit$$00000004)
    __rt_lib_init_rand_1                     0x080001c1   Thumb Code     0  libinit2.o(.ARM.Collect$$libinit$$0000000E)
    __rt_lib_init_return                     0x080001c1   Thumb Code     0  libinit2.o(.ARM.Collect$$libinit$$00000033)
    __rt_lib_init_signal_1                   0x080001c1   Thumb Code     0  libinit2.o(.ARM.Collect$$libinit$$0000001D)
    __rt_lib_init_stdio_1                    0x080001c1   Thumb Code     0  libinit2.o(.ARM.Collect$$libinit$$00000025)
    __rt_lib_init_user_alloc_1               0x080001c1   Thumb Code     0  libinit2.o(.ARM.Collect$$libinit$$0000000C)
    __rt_lib_shutdown                        0x080001c3   Thumb Code     0  libshutdown.o(.ARM.Collect$$libshutdown$$00000000)
    __rt_lib_shutdown_cpp_1                  0x080001c5   Thumb Code     0  libshutdown2.o(.ARM.Collect$$libshutdown$$00000002)
    __rt_lib_shutdown_fp_trap_1              0x080001c5   Thumb Code     0  libshutdown2.o(.ARM.Collect$$libshutdown$$00000007)
    __rt_lib_shutdown_heap_1                 0x080001c5   Thumb Code     0  libshutdown2.o(.ARM.Collect$$libshutdown$$0000000F)
    __rt_lib_shutdown_return                 0x080001c5   Thumb Code     0  libshutdown2.o(.ARM.Collect$$libshutdown$$00000010)
    __rt_lib_shutdown_signal_1               0x080001c5   Thumb Code     0  libshutdown2.o(.ARM.Collect$$libshutdown$$0000000A)
    __rt_lib_shutdown_stdio_1                0x080001c5   Thumb Code     0  libshutdown2.o(.ARM.Collect$$libshutdown$$00000004)
    __rt_lib_shutdown_user_alloc_1           0x080001c5   Thumb Code     0  libshutdown2.o(.ARM.Collect$$libshutdown$$0000000C)
    __rt_entry                               0x080001c7   Thumb Code     0  __rtentry.o(.ARM.Collect$$rtentry$$00000000)
    __rt_entry_presh_1                       0x080001c7   Thumb Code     0  __rtentry2.o(.ARM.Collect$$rtentry$$00000002)
    __rt_entry_sh                            0x080001c7   Thumb Code     0  __rtentry4.o(.ARM.Collect$$rtentry$$00000004)
    __rt_entry_li                            0x080001cd   Thumb Code     0  __rtentry2.o(.ARM.Collect$$rtentry$$0000000A)
    __rt_entry_postsh_1                      0x080001cd   Thumb Code     0  __rtentry2.o(.ARM.Collect$$rtentry$$00000009)
    __rt_entry_main                          0x080001d1   Thumb Code     0  __rtentry2.o(.ARM.Collect$$rtentry$$0000000D)
    __rt_entry_postli_1                      0x080001d1   Thumb Code     0  __rtentry2.o(.ARM.Collect$$rtentry$$0000000C)
    __rt_exit                                0x080001d9   Thumb Code     0  rtexit.o(.ARM.Collect$$rtexit$$00000000)
    __rt_exit_ls                             0x080001db   Thumb Code     0  rtexit2.o(.ARM.Collect$$rtexit$$00000003)
    __rt_exit_prels_1                        0x080001db   Thumb Code     0  rtexit2.o(.ARM.Collect$$rtexit$$00000002)
    __rt_exit_exit                           0x080001df   Thumb Code     0  rtexit2.o(.ARM.Collect$$rtexit$$00000004)
    LCD_Wave                                 0x080001e5   Thumb Code   298  main.o(.text)
    main                                     0x0800030f   Thumb Code   990  main.o(.text)
    NMI_Handler                              0x080006ed   Thumb Code     2  stm32f10x_it.o(.text)
    HardFault_Handler                        0x080006ef   Thumb Code     4  stm32f10x_it.o(.text)
    MemManage_Handler                        0x080006f3   Thumb Code     4  stm32f10x_it.o(.text)
    BusFault_Handler                         0x080006f7   Thumb Code     4  stm32f10x_it.o(.text)
    UsageFault_Handler                       0x080006fb   Thumb Code     4  stm32f10x_it.o(.text)
    SVC_Handler                              0x080006ff   Thumb Code     2  stm32f10x_it.o(.text)
    DebugMon_Handler                         0x08000701   Thumb Code     2  stm32f10x_it.o(.text)
    PendSV_Handler                           0x08000703   Thumb Code     2  stm32f10x_it.o(.text)
    SysTick_Handler                          0x08000705   Thumb Code     2  stm32f10x_it.o(.text)
    GPIO_LED_Configuration                   0x08000709   Thumb Code    54  led.o(.text)
    Key_Init                                 0x08000745   Thumb Code    38  key.o(.text)
    Key_Scan                                 0x0800076b   Thumb Code   164  key.o(.text)
    TimingDelay_Decrement                    0x08000815   Thumb Code     2  delay.o(.text)
    Delay_ns                                 0x08000817   Thumb Code    12  delay.o(.text)
    Delay_1us                                0x08000823   Thumb Code    26  delay.o(.text)
    Delay_2us                                0x0800083d   Thumb Code    26  delay.o(.text)
    Delay_10us                               0x08000857   Thumb Code    36  delay.o(.text)
    Delay_250us                              0x0800087b   Thumb Code    36  delay.o(.text)
    Delay_882us                              0x0800089f   Thumb Code    26  delay.o(.text)
    Delay_1ms                                0x080008b9   Thumb Code    36  delay.o(.text)
    Delay_5ms                                0x080008dd   Thumb Code    38  delay.o(.text)
    Delay_50ms                               0x08000903   Thumb Code    40  delay.o(.text)
    Delay                                    0x0800092b   Thumb Code    18  delay.o(.text)
    LCD_CtrlLinesConfig                      0x0800093d   Thumb Code   106  lze_lcd.o(.text)
    LCD_FSMCConfig                           0x080009a7   Thumb Code   108  lze_lcd.o(.text)
    LCD_WR_REG                               0x08000a13   Thumb Code     6  lze_lcd.o(.text)
    LCD_WR_DATA                              0x08000a19   Thumb Code     8  lze_lcd.o(.text)
    LCD_WriteRAM                             0x08000a21   Thumb Code     8  lze_lcd.o(.text)
    LCD_ReadRAM                              0x08000a29   Thumb Code     8  lze_lcd.o(.text)
    LCD_WriteReg                             0x08000a31   Thumb Code    10  lze_lcd.o(.text)
    LCD_ReadReg                              0x08000a3b   Thumb Code    12  lze_lcd.o(.text)
    LCD_WriteRAM_Prepare                     0x08000a47   Thumb Code    10  lze_lcd.o(.text)
    LCD_Display_Dir                          0x08000a51   Thumb Code   328  lze_lcd.o(.text)
    LCD_SetFont                              0x08000b99   Thumb Code    10  lze_lcd.o(.text)
    LCD_SetDisplayWindow                     0x08000c07   Thumb Code   420  lze_lcd.o(.text)
    LCD_Init                                 0x08000dab   Thumb Code  1154  lze_lcd.o(.text)
    LCD_SetColors                            0x0800122d   Thumb Code    20  lze_lcd.o(.text)
    LCD_GetColors                            0x08001241   Thumb Code    14  lze_lcd.o(.text)
    LCD_SetTextColor                         0x0800124f   Thumb Code    12  lze_lcd.o(.text)
    LCD_SetBackColor                         0x0800125b   Thumb Code    12  lze_lcd.o(.text)
    LCD_Clear                                0x08001267   Thumb Code    50  lze_lcd.o(.text)
    LCD_DisplayChar                          0x08001325   Thumb Code    62  lze_lcd.o(.text)
    GetChineseCode                           0x08001363   Thumb Code    88  lze_lcd.o(.text)
    LCD_DisplayChineseChar                   0x0800145f   Thumb Code    34  lze_lcd.o(.text)
    LCD_DisplayString                        0x08001481   Thumb Code   110  lze_lcd.o(.text)
    LCD_WindowModeDisable                    0x080014ef   Thumb Code    28  lze_lcd.o(.text)
    LCD_DrawHLine                            0x0800150b   Thumb Code    64  lze_lcd.o(.text)
    LCD_DrawDotHLine                         0x0800154b   Thumb Code    88  lze_lcd.o(.text)
    LCD_DrawVLine                            0x080015a3   Thumb Code   102  lze_lcd.o(.text)
    LCD_DrawDotVLine                         0x08001609   Thumb Code    88  lze_lcd.o(.text)
    LCD_DrawRect                             0x08001661   Thumb Code    64  lze_lcd.o(.text)
    LCD_DrawMonoPict                         0x080016a1   Thumb Code   110  lze_lcd.o(.text)
    LCD_DrawRgbPict                          0x0800170f   Thumb Code    86  lze_lcd.o(.text)
    LCD_DrawFullRect                         0x08001765   Thumb Code    70  lze_lcd.o(.text)
    LCD_PowerOn                              0x080017ab   Thumb Code   130  lze_lcd.o(.text)
    LCD_DisplayOn                            0x0800182d   Thumb Code    34  lze_lcd.o(.text)
    LCD_DisplayOff                           0x0800184f   Thumb Code    32  lze_lcd.o(.text)
    PutPixel                                 0x0800186f   Thumb Code    50  lze_lcd.o(.text)
    LCD_SetPoint                             0x080018a1   Thumb Code   130  lze_lcd.o(.text)
    LCD_WriteString                          0x08001923   Thumb Code    38  lze_lcd.o(.text)
    LCD_WriteChinese24x24string              0x08001949   Thumb Code    54  lze_lcd.o(.text)
    LCD_WriteNumChar                         0x0800197f   Thumb Code    46  lze_lcd.o(.text)
    LCD_WriteNumInt                          0x080019ad   Thumb Code    46  lze_lcd.o(.text)
    LCD_WriteNumLong                         0x080019db   Thumb Code    46  lze_lcd.o(.text)
    LCD_Line_H                               0x08001a09   Thumb Code    76  lze_lcd.o(.text)
    LCD_DotLine_H                            0x08001a55   Thumb Code    38  lze_lcd.o(.text)
    LCD_Line_V                               0x08001a7b   Thumb Code    36  lze_lcd.o(.text)
    LCD_DotLine_V                            0x08001a9f   Thumb Code    38  lze_lcd.o(.text)
    LCD_LineBox                              0x08001ac5   Thumb Code    42  lze_lcd.o(.text)
    LCD_FillBox                              0x08001aef   Thumb Code    42  lze_lcd.o(.text)
    AD9226_Init                              0x08001b21   Thumb Code    74  ad9226.o(.text)
    TIM3_Mode_Init                           0x08001b75   Thumb Code    36  tim_timebase.o(.text)
    TIM3_Init                                0x08001bd1   Thumb Code    20  tim_timebase.o(.text)
    TIM3_IRQHandler                          0x08001be5   Thumb Code   100  tim_timebase.o(.text)
    NVIC_PriorityGroupConfig                 0x08001c65   Thumb Code    10  misc.o(.text)
    NVIC_Init                                0x08001c6f   Thumb Code   100  misc.o(.text)
    NVIC_SetVectorTable                      0x08001cd3   Thumb Code    14  misc.o(.text)
    NVIC_SystemLPConfig                      0x08001ce1   Thumb Code    34  misc.o(.text)
    SysTick_CLKSourceConfig                  0x08001d03   Thumb Code    40  misc.o(.text)
    RCC_DeInit                               0x08001d41   Thumb Code    64  stm32f10x_rcc.o(.text)
    RCC_HSEConfig                            0x08001d81   Thumb Code    70  stm32f10x_rcc.o(.text)
    RCC_GetFlagStatus                        0x08001dc7   Thumb Code    56  stm32f10x_rcc.o(.text)
    RCC_WaitForHSEStartUp                    0x08001dff   Thumb Code    56  stm32f10x_rcc.o(.text)
    RCC_AdjustHSICalibrationValue            0x08001e37   Thumb Code    20  stm32f10x_rcc.o(.text)
    RCC_HSICmd                               0x08001e4b   Thumb Code     6  stm32f10x_rcc.o(.text)
    RCC_PLLConfig                            0x08001e51   Thumb Code    24  stm32f10x_rcc.o(.text)
    RCC_PLLCmd                               0x08001e69   Thumb Code     6  stm32f10x_rcc.o(.text)
    RCC_SYSCLKConfig                         0x08001e6f   Thumb Code    18  stm32f10x_rcc.o(.text)
    RCC_GetSYSCLKSource                      0x08001e81   Thumb Code    10  stm32f10x_rcc.o(.text)
    RCC_HCLKConfig                           0x08001e8b   Thumb Code    18  stm32f10x_rcc.o(.text)
    RCC_PCLK1Config                          0x08001e9d   Thumb Code    18  stm32f10x_rcc.o(.text)
    RCC_PCLK2Config                          0x08001eaf   Thumb Code    20  stm32f10x_rcc.o(.text)
    RCC_ITConfig                             0x08001ec3   Thumb Code    26  stm32f10x_rcc.o(.text)
    RCC_USBCLKConfig                         0x08001edd   Thumb Code     8  stm32f10x_rcc.o(.text)
    RCC_ADCCLKConfig                         0x08001ee5   Thumb Code    18  stm32f10x_rcc.o(.text)
    RCC_LSEConfig                            0x08001ef7   Thumb Code    50  stm32f10x_rcc.o(.text)
    RCC_LSICmd                               0x08001f29   Thumb Code     6  stm32f10x_rcc.o(.text)
    RCC_RTCCLKConfig                         0x08001f2f   Thumb Code    12  stm32f10x_rcc.o(.text)
    RCC_RTCCLKCmd                            0x08001f3b   Thumb Code     8  stm32f10x_rcc.o(.text)
    RCC_GetClocksFreq                        0x08001f43   Thumb Code   192  stm32f10x_rcc.o(.text)
    RCC_AHBPeriphClockCmd                    0x08002003   Thumb Code    26  stm32f10x_rcc.o(.text)
    RCC_APB2PeriphClockCmd                   0x0800201d   Thumb Code    26  stm32f10x_rcc.o(.text)
    RCC_APB1PeriphClockCmd                   0x08002037   Thumb Code    26  stm32f10x_rcc.o(.text)
    RCC_APB2PeriphResetCmd                   0x08002051   Thumb Code    26  stm32f10x_rcc.o(.text)
    RCC_APB1PeriphResetCmd                   0x0800206b   Thumb Code    26  stm32f10x_rcc.o(.text)
    RCC_BackupResetCmd                       0x08002085   Thumb Code     8  stm32f10x_rcc.o(.text)
    RCC_ClockSecuritySystemCmd               0x0800208d   Thumb Code     6  stm32f10x_rcc.o(.text)
    RCC_MCOConfig                            0x08002093   Thumb Code     6  stm32f10x_rcc.o(.text)
    RCC_ClearFlag                            0x08002099   Thumb Code    14  stm32f10x_rcc.o(.text)
    RCC_GetITStatus                          0x080020a7   Thumb Code    20  stm32f10x_rcc.o(.text)
    RCC_ClearITPendingBit                    0x080020bb   Thumb Code     6  stm32f10x_rcc.o(.text)
    GPIO_DeInit                              0x080020e5   Thumb Code   172  stm32f10x_gpio.o(.text)
    GPIO_AFIODeInit                          0x08002191   Thumb Code    20  stm32f10x_gpio.o(.text)
    GPIO_Init                                0x080021a5   Thumb Code   278  stm32f10x_gpio.o(.text)
    GPIO_StructInit                          0x080022bb   Thumb Code    16  stm32f10x_gpio.o(.text)
    GPIO_ReadInputDataBit                    0x080022cb   Thumb Code    18  stm32f10x_gpio.o(.text)
    GPIO_ReadInputData                       0x080022dd   Thumb Code     8  stm32f10x_gpio.o(.text)
    GPIO_ReadOutputDataBit                   0x080022e5   Thumb Code    18  stm32f10x_gpio.o(.text)
    GPIO_ReadOutputData                      0x080022f7   Thumb Code     8  stm32f10x_gpio.o(.text)
    GPIO_SetBits                             0x080022ff   Thumb Code     4  stm32f10x_gpio.o(.text)
    GPIO_ResetBits                           0x08002303   Thumb Code     4  stm32f10x_gpio.o(.text)
    GPIO_WriteBit                            0x08002307   Thumb Code    10  stm32f10x_gpio.o(.text)
    GPIO_Write                               0x08002311   Thumb Code     4  stm32f10x_gpio.o(.text)
    GPIO_PinLockConfig                       0x08002315   Thumb Code    18  stm32f10x_gpio.o(.text)
    GPIO_EventOutputConfig                   0x08002327   Thumb Code    26  stm32f10x_gpio.o(.text)
    GPIO_EventOutputCmd                      0x08002341   Thumb Code     6  stm32f10x_gpio.o(.text)
    GPIO_PinRemapConfig                      0x08002347   Thumb Code   138  stm32f10x_gpio.o(.text)
    GPIO_EXTILineConfig                      0x080023d1   Thumb Code    66  stm32f10x_gpio.o(.text)
    GPIO_ETH_MediaInterfaceConfig            0x08002413   Thumb Code     8  stm32f10x_gpio.o(.text)
    TIM_DeInit                               0x08002441   Thumb Code   424  stm32f10x_tim.o(.text)
    TIM_TimeBaseInit                         0x080025e9   Thumb Code   122  stm32f10x_tim.o(.text)
    TIM_OC1Init                              0x08002663   Thumb Code   132  stm32f10x_tim.o(.text)
    TIM_OC2Init                              0x080026e7   Thumb Code   154  stm32f10x_tim.o(.text)
    TIM_OC3Init                              0x08002781   Thumb Code   150  stm32f10x_tim.o(.text)
    TIM_OC4Init                              0x08002817   Thumb Code   182  stm32f10x_tim.o(.text)
    TIM_SetIC4Prescaler                      0x080028cd   Thumb Code    26  stm32f10x_tim.o(.text)
    TIM_SetIC3Prescaler                      0x08002969   Thumb Code    18  stm32f10x_tim.o(.text)
    TIM_SetIC2Prescaler                      0x080029f5   Thumb Code    26  stm32f10x_tim.o(.text)
    TIM_SetIC1Prescaler                      0x08002a91   Thumb Code    18  stm32f10x_tim.o(.text)
    TIM_ICInit                               0x08002b0f   Thumb Code   150  stm32f10x_tim.o(.text)
    TIM_PWMIConfig                           0x08002ba5   Thumb Code   124  stm32f10x_tim.o(.text)
    TIM_BDTRConfig                           0x08002c21   Thumb Code    32  stm32f10x_tim.o(.text)
    TIM_TimeBaseStructInit                   0x08002c41   Thumb Code    18  stm32f10x_tim.o(.text)
    TIM_OCStructInit                         0x08002c53   Thumb Code    20  stm32f10x_tim.o(.text)
    TIM_ICStructInit                         0x08002c67   Thumb Code    18  stm32f10x_tim.o(.text)
    TIM_BDTRStructInit                       0x08002c79   Thumb Code    40  stm32f10x_tim.o(.text)
    TIM_Cmd                                  0x08002ca1   Thumb Code    24  stm32f10x_tim.o(.text)
    TIM_CtrlPWMOutputs                       0x08002cb9   Thumb Code    30  stm32f10x_tim.o(.text)
    TIM_ITConfig                             0x08002cd7   Thumb Code    18  stm32f10x_tim.o(.text)
    TIM_GenerateEvent                        0x08002ce9   Thumb Code     4  stm32f10x_tim.o(.text)
    TIM_DMAConfig                            0x08002ced   Thumb Code    10  stm32f10x_tim.o(.text)
    TIM_DMACmd                               0x08002cf7   Thumb Code    18  stm32f10x_tim.o(.text)
    TIM_InternalClockConfig                  0x08002d09   Thumb Code    12  stm32f10x_tim.o(.text)
    TIM_SelectInputTrigger                   0x08002d15   Thumb Code    18  stm32f10x_tim.o(.text)
    TIM_ITRxExternalClockConfig              0x08002d27   Thumb Code    24  stm32f10x_tim.o(.text)
    TIM_TIxExternalClockConfig               0x08002d3f   Thumb Code    62  stm32f10x_tim.o(.text)
    TIM_ETRConfig                            0x08002d7d   Thumb Code    28  stm32f10x_tim.o(.text)
    TIM_ETRClockMode1Config                  0x08002d99   Thumb Code    54  stm32f10x_tim.o(.text)
    TIM_ETRClockMode2Config                  0x08002dcf   Thumb Code    32  stm32f10x_tim.o(.text)
    TIM_PrescalerConfig                      0x08002def   Thumb Code     6  stm32f10x_tim.o(.text)
    TIM_CounterModeConfig                    0x08002df5   Thumb Code    18  stm32f10x_tim.o(.text)
    TIM_EncoderInterfaceConfig               0x08002e07   Thumb Code    66  stm32f10x_tim.o(.text)
    TIM_ForcedOC1Config                      0x08002e49   Thumb Code    18  stm32f10x_tim.o(.text)
    TIM_ForcedOC2Config                      0x08002e5b   Thumb Code    26  stm32f10x_tim.o(.text)
    TIM_ForcedOC3Config                      0x08002e75   Thumb Code    18  stm32f10x_tim.o(.text)
    TIM_ForcedOC4Config                      0x08002e87   Thumb Code    26  stm32f10x_tim.o(.text)
    TIM_ARRPreloadConfig                     0x08002ea1   Thumb Code    24  stm32f10x_tim.o(.text)
    TIM_SelectCOM                            0x08002eb9   Thumb Code    24  stm32f10x_tim.o(.text)
    TIM_SelectCCDMA                          0x08002ed1   Thumb Code    24  stm32f10x_tim.o(.text)
    TIM_CCPreloadControl                     0x08002ee9   Thumb Code    24  stm32f10x_tim.o(.text)
    TIM_OC1PreloadConfig                     0x08002f01   Thumb Code    18  stm32f10x_tim.o(.text)
    TIM_OC2PreloadConfig                     0x08002f13   Thumb Code    26  stm32f10x_tim.o(.text)
    TIM_OC3PreloadConfig                     0x08002f2d   Thumb Code    18  stm32f10x_tim.o(.text)
    TIM_OC4PreloadConfig                     0x08002f3f   Thumb Code    26  stm32f10x_tim.o(.text)
    TIM_OC1FastConfig                        0x08002f59   Thumb Code    18  stm32f10x_tim.o(.text)
    TIM_OC2FastConfig                        0x08002f6b   Thumb Code    26  stm32f10x_tim.o(.text)
    TIM_OC3FastConfig                        0x08002f85   Thumb Code    18  stm32f10x_tim.o(.text)
    TIM_OC4FastConfig                        0x08002f97   Thumb Code    26  stm32f10x_tim.o(.text)
    TIM_ClearOC1Ref                          0x08002fb1   Thumb Code    18  stm32f10x_tim.o(.text)
    TIM_ClearOC2Ref                          0x08002fc3   Thumb Code    24  stm32f10x_tim.o(.text)
    TIM_ClearOC3Ref                          0x08002fdb   Thumb Code    18  stm32f10x_tim.o(.text)
    TIM_ClearOC4Ref                          0x08002fed   Thumb Code    24  stm32f10x_tim.o(.text)
    TIM_OC1PolarityConfig                    0x08003005   Thumb Code    18  stm32f10x_tim.o(.text)
    TIM_OC1NPolarityConfig                   0x08003017   Thumb Code    18  stm32f10x_tim.o(.text)
    TIM_OC2PolarityConfig                    0x08003029   Thumb Code    26  stm32f10x_tim.o(.text)
    TIM_OC2NPolarityConfig                   0x08003043   Thumb Code    26  stm32f10x_tim.o(.text)
    TIM_OC3PolarityConfig                    0x0800305d   Thumb Code    26  stm32f10x_tim.o(.text)
    TIM_OC3NPolarityConfig                   0x08003077   Thumb Code    26  stm32f10x_tim.o(.text)
    TIM_OC4PolarityConfig                    0x08003091   Thumb Code    26  stm32f10x_tim.o(.text)
    TIM_CCxCmd                               0x080030ab   Thumb Code    30  stm32f10x_tim.o(.text)
    TIM_CCxNCmd                              0x080030c9   Thumb Code    30  stm32f10x_tim.o(.text)
    TIM_SelectOCxM                           0x080030e7   Thumb Code    82  stm32f10x_tim.o(.text)
    TIM_UpdateDisableConfig                  0x08003139   Thumb Code    24  stm32f10x_tim.o(.text)
    TIM_UpdateRequestConfig                  0x08003151   Thumb Code    24  stm32f10x_tim.o(.text)
    TIM_SelectHallSensor                     0x08003169   Thumb Code    24  stm32f10x_tim.o(.text)
    TIM_SelectOnePulseMode                   0x08003181   Thumb Code    18  stm32f10x_tim.o(.text)
    TIM_SelectOutputTrigger                  0x08003193   Thumb Code    18  stm32f10x_tim.o(.text)
    TIM_SelectSlaveMode                      0x080031a5   Thumb Code    18  stm32f10x_tim.o(.text)
    TIM_SelectMasterSlaveMode                0x080031b7   Thumb Code    18  stm32f10x_tim.o(.text)
    TIM_SetCounter                           0x080031c9   Thumb Code     4  stm32f10x_tim.o(.text)
    TIM_SetAutoreload                        0x080031cd   Thumb Code     4  stm32f10x_tim.o(.text)
    TIM_SetCompare1                          0x080031d1   Thumb Code     4  stm32f10x_tim.o(.text)
    TIM_SetCompare2                          0x080031d5   Thumb Code     4  stm32f10x_tim.o(.text)
    TIM_SetCompare3                          0x080031d9   Thumb Code     4  stm32f10x_tim.o(.text)
    TIM_SetCompare4                          0x080031dd   Thumb Code     6  stm32f10x_tim.o(.text)
    TIM_SetClockDivision                     0x080031e3   Thumb Code    18  stm32f10x_tim.o(.text)
    TIM_GetCapture1                          0x080031f5   Thumb Code     6  stm32f10x_tim.o(.text)
    TIM_GetCapture2                          0x080031fb   Thumb Code     6  stm32f10x_tim.o(.text)
    TIM_GetCapture3                          0x08003201   Thumb Code     6  stm32f10x_tim.o(.text)
    TIM_GetCapture4                          0x08003207   Thumb Code     8  stm32f10x_tim.o(.text)
    TIM_GetCounter                           0x0800320f   Thumb Code     6  stm32f10x_tim.o(.text)
    TIM_GetPrescaler                         0x08003215   Thumb Code     6  stm32f10x_tim.o(.text)
    TIM_GetFlagStatus                        0x0800321b   Thumb Code    18  stm32f10x_tim.o(.text)
    TIM_ClearFlag                            0x0800322d   Thumb Code     6  stm32f10x_tim.o(.text)
    TIM_GetITStatus                          0x08003233   Thumb Code    34  stm32f10x_tim.o(.text)
    TIM_ClearITPendingBit                    0x08003255   Thumb Code     6  stm32f10x_tim.o(.text)
    FSMC_NORSRAMDeInit                       0x0800325d   Thumb Code    54  stm32f10x_fsmc.o(.text)
    FSMC_NANDDeInit                          0x08003293   Thumb Code    62  stm32f10x_fsmc.o(.text)
    FSMC_PCCARDDeInit                        0x080032d1   Thumb Code    36  stm32f10x_fsmc.o(.text)
    FSMC_NORSRAMInit                         0x080032f5   Thumb Code   230  stm32f10x_fsmc.o(.text)
    FSMC_NANDInit                            0x080033db   Thumb Code   132  stm32f10x_fsmc.o(.text)
    FSMC_PCCARDInit                          0x0800345f   Thumb Code   130  stm32f10x_fsmc.o(.text)
    FSMC_NORSRAMStructInit                   0x080034e1   Thumb Code   114  stm32f10x_fsmc.o(.text)
    FSMC_NANDStructInit                      0x08003553   Thumb Code    54  stm32f10x_fsmc.o(.text)
    FSMC_PCCARDStructInit                    0x08003589   Thumb Code    60  stm32f10x_fsmc.o(.text)
    FSMC_NORSRAMCmd                          0x080035c5   Thumb Code    46  stm32f10x_fsmc.o(.text)
    FSMC_NANDCmd                             0x080035f3   Thumb Code    86  stm32f10x_fsmc.o(.text)
    FSMC_PCCARDCmd                           0x08003649   Thumb Code    44  stm32f10x_fsmc.o(.text)
    FSMC_NANDECCCmd                          0x08003675   Thumb Code    90  stm32f10x_fsmc.o(.text)
    FSMC_GetECC                              0x080036cf   Thumb Code    24  stm32f10x_fsmc.o(.text)
    FSMC_ITConfig                            0x080036e7   Thumb Code   128  stm32f10x_fsmc.o(.text)
    FSMC_GetFlagStatus                       0x08003767   Thumb Code    54  stm32f10x_fsmc.o(.text)
    FSMC_ClearFlag                           0x0800379d   Thumb Code    62  stm32f10x_fsmc.o(.text)
    FSMC_GetITStatus                         0x080037db   Thumb Code    64  stm32f10x_fsmc.o(.text)
    FSMC_ClearITPendingBit                   0x0800381b   Thumb Code    68  stm32f10x_fsmc.o(.text)
    SystemInit                               0x08003947   Thumb Code    78  system_stm32f10x.o(.text)
    SystemCoreClockUpdate                    0x08003995   Thumb Code   142  system_stm32f10x.o(.text)
    Reset_Handler                            0x08003a49   Thumb Code     8  startup_stm32f10x_hd.o(.text)
    ADC1_2_IRQHandler                        0x08003a63   Thumb Code     0  startup_stm32f10x_hd.o(.text)
    ADC3_IRQHandler                          0x08003a63   Thumb Code     0  startup_stm32f10x_hd.o(.text)
    CAN1_RX1_IRQHandler                      0x08003a63   Thumb Code     0  startup_stm32f10x_hd.o(.text)
    CAN1_SCE_IRQHandler                      0x08003a63   Thumb Code     0  startup_stm32f10x_hd.o(.text)
    DMA1_Channel1_IRQHandler                 0x08003a63   Thumb Code     0  startup_stm32f10x_hd.o(.text)
    DMA1_Channel2_IRQHandler                 0x08003a63   Thumb Code     0  startup_stm32f10x_hd.o(.text)
    DMA1_Channel3_IRQHandler                 0x08003a63   Thumb Code     0  startup_stm32f10x_hd.o(.text)
    DMA1_Channel4_IRQHandler                 0x08003a63   Thumb Code     0  startup_stm32f10x_hd.o(.text)
    DMA1_Channel5_IRQHandler                 0x08003a63   Thumb Code     0  startup_stm32f10x_hd.o(.text)
    DMA1_Channel6_IRQHandler                 0x08003a63   Thumb Code     0  startup_stm32f10x_hd.o(.text)
    DMA1_Channel7_IRQHandler                 0x08003a63   Thumb Code     0  startup_stm32f10x_hd.o(.text)
    DMA2_Channel1_IRQHandler                 0x08003a63   Thumb Code     0  startup_stm32f10x_hd.o(.text)
    DMA2_Channel2_IRQHandler                 0x08003a63   Thumb Code     0  startup_stm32f10x_hd.o(.text)
    DMA2_Channel3_IRQHandler                 0x08003a63   Thumb Code     0  startup_stm32f10x_hd.o(.text)
    DMA2_Channel4_5_IRQHandler               0x08003a63   Thumb Code     0  startup_stm32f10x_hd.o(.text)
    EXTI0_IRQHandler                         0x08003a63   Thumb Code     0  startup_stm32f10x_hd.o(.text)
    EXTI15_10_IRQHandler                     0x08003a63   Thumb Code     0  startup_stm32f10x_hd.o(.text)
    EXTI1_IRQHandler                         0x08003a63   Thumb Code     0  startup_stm32f10x_hd.o(.text)
    EXTI2_IRQHandler                         0x08003a63   Thumb Code     0  startup_stm32f10x_hd.o(.text)
    EXTI3_IRQHandler                         0x08003a63   Thumb Code     0  startup_stm32f10x_hd.o(.text)
    EXTI4_IRQHandler                         0x08003a63   Thumb Code     0  startup_stm32f10x_hd.o(.text)
    EXTI9_5_IRQHandler                       0x08003a63   Thumb Code     0  startup_stm32f10x_hd.o(.text)
    FLASH_IRQHandler                         0x08003a63   Thumb Code     0  startup_stm32f10x_hd.o(.text)
    FSMC_IRQHandler                          0x08003a63   Thumb Code     0  startup_stm32f10x_hd.o(.text)
    I2C1_ER_IRQHandler                       0x08003a63   Thumb Code     0  startup_stm32f10x_hd.o(.text)
    I2C1_EV_IRQHandler                       0x08003a63   Thumb Code     0  startup_stm32f10x_hd.o(.text)
    I2C2_ER_IRQHandler                       0x08003a63   Thumb Code     0  startup_stm32f10x_hd.o(.text)
    I2C2_EV_IRQHandler                       0x08003a63   Thumb Code     0  startup_stm32f10x_hd.o(.text)
    PVD_IRQHandler                           0x08003a63   Thumb Code     0  startup_stm32f10x_hd.o(.text)
    RCC_IRQHandler                           0x08003a63   Thumb Code     0  startup_stm32f10x_hd.o(.text)
    RTCAlarm_IRQHandler                      0x08003a63   Thumb Code     0  startup_stm32f10x_hd.o(.text)
    RTC_IRQHandler                           0x08003a63   Thumb Code     0  startup_stm32f10x_hd.o(.text)
    SDIO_IRQHandler                          0x08003a63   Thumb Code     0  startup_stm32f10x_hd.o(.text)
    SPI1_IRQHandler                          0x08003a63   Thumb Code     0  startup_stm32f10x_hd.o(.text)
    SPI2_IRQHandler                          0x08003a63   Thumb Code     0  startup_stm32f10x_hd.o(.text)
    SPI3_IRQHandler                          0x08003a63   Thumb Code     0  startup_stm32f10x_hd.o(.text)
    TAMPER_IRQHandler                        0x08003a63   Thumb Code     0  startup_stm32f10x_hd.o(.text)
    TIM1_BRK_IRQHandler                      0x08003a63   Thumb Code     0  startup_stm32f10x_hd.o(.text)
    TIM1_CC_IRQHandler                       0x08003a63   Thumb Code     0  startup_stm32f10x_hd.o(.text)
    TIM1_TRG_COM_IRQHandler                  0x08003a63   Thumb Code     0  startup_stm32f10x_hd.o(.text)
    TIM1_UP_IRQHandler                       0x08003a63   Thumb Code     0  startup_stm32f10x_hd.o(.text)
    TIM2_IRQHandler                          0x08003a63   Thumb Code     0  startup_stm32f10x_hd.o(.text)
    TIM4_IRQHandler                          0x08003a63   Thumb Code     0  startup_stm32f10x_hd.o(.text)
    TIM5_IRQHandler                          0x08003a63   Thumb Code     0  startup_stm32f10x_hd.o(.text)
    TIM6_IRQHandler                          0x08003a63   Thumb Code     0  startup_stm32f10x_hd.o(.text)
    TIM7_IRQHandler                          0x08003a63   Thumb Code     0  startup_stm32f10x_hd.o(.text)
    TIM8_BRK_IRQHandler                      0x08003a63   Thumb Code     0  startup_stm32f10x_hd.o(.text)
    TIM8_CC_IRQHandler                       0x08003a63   Thumb Code     0  startup_stm32f10x_hd.o(.text)
    TIM8_TRG_COM_IRQHandler                  0x08003a63   Thumb Code     0  startup_stm32f10x_hd.o(.text)
    TIM8_UP_IRQHandler                       0x08003a63   Thumb Code     0  startup_stm32f10x_hd.o(.text)
    UART4_IRQHandler                         0x08003a63   Thumb Code     0  startup_stm32f10x_hd.o(.text)
    UART5_IRQHandler                         0x08003a63   Thumb Code     0  startup_stm32f10x_hd.o(.text)
    USART1_IRQHandler                        0x08003a63   Thumb Code     0  startup_stm32f10x_hd.o(.text)
    USART2_IRQHandler                        0x08003a63   Thumb Code     0  startup_stm32f10x_hd.o(.text)
    USART3_IRQHandler                        0x08003a63   Thumb Code     0  startup_stm32f10x_hd.o(.text)
    USBWakeUp_IRQHandler                     0x08003a63   Thumb Code     0  startup_stm32f10x_hd.o(.text)
    USB_HP_CAN1_TX_IRQHandler                0x08003a63   Thumb Code     0  startup_stm32f10x_hd.o(.text)
    USB_LP_CAN1_RX0_IRQHandler               0x08003a63   Thumb Code     0  startup_stm32f10x_hd.o(.text)
    WWDG_IRQHandler                          0x08003a63   Thumb Code     0  startup_stm32f10x_hd.o(.text)
    __user_initial_stackheap                 0x08003a65   Thumb Code     0  startup_stm32f10x_hd.o(.text)
    __2sprintf                               0x08003a89   Thumb Code    34  noretval__2sprintf.o(.text)
    _printf_pre_padding                      0x08003ab1   Thumb Code    44  _printf_pad.o(.text)
    _printf_post_padding                     0x08003add   Thumb Code    34  _printf_pad.o(.text)
    _printf_int_dec                          0x08003b01   Thumb Code   104  _printf_dec.o(.text)
    _printf_longlong_dec                     0x08003b79   Thumb Code   108  _printf_longlong_dec.o(.text)
    __printf                                 0x08003bf5   Thumb Code   352  __printf_ss_wp.o(.text)
    __aeabi_memcpy4                          0x08003d55   Thumb Code     0  rt_memcpy_w.o(.text)
    __aeabi_memcpy8                          0x08003d55   Thumb Code     0  rt_memcpy_w.o(.text)
    __rt_memcpy_w                            0x08003d55   Thumb Code   100  rt_memcpy_w.o(.text)
    _memcpy_lastbytes_aligned                0x08003d9d   Thumb Code     0  rt_memcpy_w.o(.text)
    __use_two_region_memory                  0x08003db9   Thumb Code     2  heapauxi.o(.text)
    __rt_heap_escrow$2region                 0x08003dbb   Thumb Code     2  heapauxi.o(.text)
    __rt_heap_expand$2region                 0x08003dbd   Thumb Code     2  heapauxi.o(.text)
    _ll_udiv10                               0x08003dbf   Thumb Code   138  lludiv10.o(.text)
    _printf_int_common                       0x08003e49   Thumb Code   178  _printf_intcommon.o(.text)
    _printf_char_common                      0x08003f07   Thumb Code    32  _printf_char_common.o(.text)
    _sputc                                   0x08003f2d   Thumb Code    10  _sputc.o(.text)
    __user_setup_stackheap                   0x08003f37   Thumb Code    74  sys_stackheap_outer.o(.text)
    exit                                     0x08003f81   Thumb Code    18  exit.o(.text)
    __user_libspace                          0x08003f95   Thumb Code     8  libspace.o(.text)
    __user_perproc_libspace                  0x08003f95   Thumb Code     0  libspace.o(.text)
    __user_perthread_libspace                0x08003f95   Thumb Code     0  libspace.o(.text)
    _sys_exit                                0x08003f9d   Thumb Code     8  sys_exit.o(.text)
    __I$use$semihosting                      0x08003fa9   Thumb Code     0  use_no_semi.o(.text)
    __use_no_semihosting_swi                 0x08003fa9   Thumb Code     2  use_no_semi.o(.text)
    __semihosting_library_function           0x08003fab   Thumb Code     0  indicate_semi.o(.text)
    _is_digit                                0x08003fab   Thumb Code    14  __printf_wp.o(i._is_digit)
    __aeabi_ddiv                             0x08003fb9   Thumb Code     0  ddiv.o(x$fpl$ddiv)
    _ddiv                                    0x08003fb9   Thumb Code   552  ddiv.o(x$fpl$ddiv)
    __aeabi_d2uiz                            0x08004269   Thumb Code     0  dfixu.o(x$fpl$dfixu)
    _dfixu                                   0x08004269   Thumb Code    90  dfixu.o(x$fpl$dfixu)
    __aeabi_ui2d                             0x080042c3   Thumb Code     0  dflt_clz.o(x$fpl$dfltu)
    _dfltu                                   0x080042c3   Thumb Code    38  dflt_clz.o(x$fpl$dfltu)
    __aeabi_dmul                             0x080042e9   Thumb Code     0  dmul.o(x$fpl$dmul)
    _dmul                                    0x080042e9   Thumb Code   332  dmul.o(x$fpl$dmul)
    __fpl_dnaninf                            0x0800443d   Thumb Code   156  dnaninf.o(x$fpl$dnaninf)
    __fpl_dretinf                            0x080044d9   Thumb Code    12  dretinf.o(x$fpl$dretinf)
    __I$use$fp                               0x080044e4   Number         0  usenofp.o(x$fpl$usenofp)
    Font8_Table                              0x08004500   Data         760  lze_lcd.o(.constdata)
    Font12_Table                             0x080047f8   Data        1140  lze_lcd.o(.constdata)
    Font16_Table                             0x08004c6c   Data        1520  lze_lcd.o(.constdata)
    Font20_Table                             0x0800525c   Data        3800  lze_lcd.o(.constdata)
    Font24_Table                             0x08006134   Data        6840  lze_lcd.o(.constdata)
    codeGB_16                                0x08007bec   Data        5200  lze_lcd.o(.constdata)
    codeGB_24                                0x0800903c   Data         520  lze_lcd.o(.constdata)
    Region$$Table$$Base                      0x08009244   Number         0  anon$$obj.o(Region$$Table)
    Region$$Table$$Limit                     0x08009264   Number         0  anon$$obj.o(Region$$Table)
    Time_Flag                                0x20000000   Data           1  main.o(.data)
    Font8                                    0x20000004   Data           8  lze_lcd.o(.data)
    Font12                                   0x2000000c   Data           8  lze_lcd.o(.data)
    Font16                                   0x20000014   Data           8  lze_lcd.o(.data)
    Font20                                   0x2000001c   Data           8  lze_lcd.o(.data)
    Font24                                   0x20000024   Data           8  lze_lcd.o(.data)
    Font16_CN                                0x2000002c   Data          12  lze_lcd.o(.data)
    Font24_CN                                0x20000038   Data          12  lze_lcd.o(.data)
    LCD_Currentfonts                         0x20000044   Data           4  lze_lcd.o(.data)
    LCD_Currentfonts_CN                      0x20000048   Data           4  lze_lcd.o(.data)
    TextColor                                0x2000004c   Data           2  lze_lcd.o(.data)
    BackColor                                0x2000004e   Data           2  lze_lcd.o(.data)
    k                                        0x20000050   Data           2  tim_timebase.o(.data)
    SystemCoreClock                          0x20000068   Data           4  system_stm32f10x.o(.data)
    AHBPrescTable                            0x2000006c   Data          16  system_stm32f10x.o(.data)
    AD9226_Data                              0x2000007c   Data         580  main.o(.bss)
    Draw_data                                0x200002c0   Data         560  main.o(.bss)
    LCD_Dev                                  0x200004f0   Data          16  lze_lcd.o(.bss)
    TIM_TimeBaseStructure                    0x20000500   Data          10  tim_timebase.o(.bss)
    __libspace_start                         0x2000050c   Data          96  libspace.o(.bss)
    __temporary_stack_top$libspace           0x2000056c   Data           0  libspace.o(.bss)



==============================================================================

Memory Map of the image

  Image Entry point : 0x08000131

  Load Region LR_IROM1 (Base: 0x08000000, Size: 0x000092e0, Max: 0x00040000, ABSOLUTE)

    Execution Region ER_IROM1 (Exec base: 0x08000000, Load base: 0x08000000, Size: 0x00009264, Max: 0x00040000, ABSOLUTE)

    Exec Addr    Load Addr    Size         Type   Attr      Idx    E Section Name        Object

    0x08000000   0x08000000   0x00000130   Data   RO          314    RESET               startup_stm32f10x_hd.o
    0x08000130   0x08000130   0x00000008   Code   RO          360  * !!!main             c_w.l(__main.o)
    0x08000138   0x08000138   0x00000034   Code   RO          550    !!!scatter          c_w.l(__scatter.o)
    0x0800016c   0x0800016c   0x0000001a   Code   RO          552    !!handler_copy      c_w.l(__scatter_copy.o)
    0x08000186   0x08000186   0x00000002   PAD
    0x08000188   0x08000188   0x0000001c   Code   RO          554    !!handler_zi        c_w.l(__scatter_zi.o)
    0x080001a4   0x080001a4   0x00000000   Code   RO          354    .ARM.Collect$$_printf_percent$$00000000  c_w.l(_printf_percent.o)
    0x080001a4   0x080001a4   0x0000000a   Code   RO          388    .ARM.Collect$$_printf_percent$$00000007  c_w.l(_printf_ll.o)
    0x080001ae   0x080001ae   0x00000006   Code   RO          353    .ARM.Collect$$_printf_percent$$00000009  c_w.l(_printf_d.o)
    0x080001b4   0x080001b4   0x00000006   Code   RO          355    .ARM.Collect$$_printf_percent$$0000000E  c_w.l(_printf_lld.o)
    0x080001ba   0x080001ba   0x00000004   Code   RO          387    .ARM.Collect$$_printf_percent$$00000017  c_w.l(_printf_percent_end.o)
    0x080001be   0x080001be   0x00000002   Code   RO          420    .ARM.Collect$$libinit$$00000000  c_w.l(libinit.o)
    0x080001c0   0x080001c0   0x00000000   Code   RO          427    .ARM.Collect$$libinit$$00000002  c_w.l(libinit2.o)
    0x080001c0   0x080001c0   0x00000000   Code   RO          429    .ARM.Collect$$libinit$$00000004  c_w.l(libinit2.o)
    0x080001c0   0x080001c0   0x00000000   Code   RO          432    .ARM.Collect$$libinit$$0000000A  c_w.l(libinit2.o)
    0x080001c0   0x080001c0   0x00000000   Code   RO          434    .ARM.Collect$$libinit$$0000000C  c_w.l(libinit2.o)
    0x080001c0   0x080001c0   0x00000000   Code   RO          436    .ARM.Collect$$libinit$$0000000E  c_w.l(libinit2.o)
    0x080001c0   0x080001c0   0x00000000   Code   RO          439    .ARM.Collect$$libinit$$00000011  c_w.l(libinit2.o)
    0x080001c0   0x080001c0   0x00000000   Code   RO          441    .ARM.Collect$$libinit$$00000013  c_w.l(libinit2.o)
    0x080001c0   0x080001c0   0x00000000   Code   RO          443    .ARM.Collect$$libinit$$00000015  c_w.l(libinit2.o)
    0x080001c0   0x080001c0   0x00000000   Code   RO          445    .ARM.Collect$$libinit$$00000017  c_w.l(libinit2.o)
    0x080001c0   0x080001c0   0x00000000   Code   RO          447    .ARM.Collect$$libinit$$00000019  c_w.l(libinit2.o)
    0x080001c0   0x080001c0   0x00000000   Code   RO          449    .ARM.Collect$$libinit$$0000001B  c_w.l(libinit2.o)
    0x080001c0   0x080001c0   0x00000000   Code   RO          451    .ARM.Collect$$libinit$$0000001D  c_w.l(libinit2.o)
    0x080001c0   0x080001c0   0x00000000   Code   RO          453    .ARM.Collect$$libinit$$0000001F  c_w.l(libinit2.o)
    0x080001c0   0x080001c0   0x00000000   Code   RO          455    .ARM.Collect$$libinit$$00000021  c_w.l(libinit2.o)
    0x080001c0   0x080001c0   0x00000000   Code   RO          457    .ARM.Collect$$libinit$$00000023  c_w.l(libinit2.o)
    0x080001c0   0x080001c0   0x00000000   Code   RO          459    .ARM.Collect$$libinit$$00000025  c_w.l(libinit2.o)
    0x080001c0   0x080001c0   0x00000000   Code   RO          463    .ARM.Collect$$libinit$$0000002C  c_w.l(libinit2.o)
    0x080001c0   0x080001c0   0x00000000   Code   RO          465    .ARM.Collect$$libinit$$0000002E  c_w.l(libinit2.o)
    0x080001c0   0x080001c0   0x00000000   Code   RO          467    .ARM.Collect$$libinit$$00000030  c_w.l(libinit2.o)
    0x080001c0   0x080001c0   0x00000000   Code   RO          469    .ARM.Collect$$libinit$$00000032  c_w.l(libinit2.o)
    0x080001c0   0x080001c0   0x00000002   Code   RO          470    .ARM.Collect$$libinit$$00000033  c_w.l(libinit2.o)
    0x080001c2   0x080001c2   0x00000002   Code   RO          490    .ARM.Collect$$libshutdown$$00000000  c_w.l(libshutdown.o)
    0x080001c4   0x080001c4   0x00000000   Code   RO          503    .ARM.Collect$$libshutdown$$00000002  c_w.l(libshutdown2.o)
    0x080001c4   0x080001c4   0x00000000   Code   RO          505    .ARM.Collect$$libshutdown$$00000004  c_w.l(libshutdown2.o)
    0x080001c4   0x080001c4   0x00000000   Code   RO          508    .ARM.Collect$$libshutdown$$00000007  c_w.l(libshutdown2.o)
    0x080001c4   0x080001c4   0x00000000   Code   RO          511    .ARM.Collect$$libshutdown$$0000000A  c_w.l(libshutdown2.o)
    0x080001c4   0x080001c4   0x00000000   Code   RO          513    .ARM.Collect$$libshutdown$$0000000C  c_w.l(libshutdown2.o)
    0x080001c4   0x080001c4   0x00000000   Code   RO          516    .ARM.Collect$$libshutdown$$0000000F  c_w.l(libshutdown2.o)
    0x080001c4   0x080001c4   0x00000002   Code   RO          517    .ARM.Collect$$libshutdown$$00000010  c_w.l(libshutdown2.o)
    0x080001c6   0x080001c6   0x00000000   Code   RO          378    .ARM.Collect$$rtentry$$00000000  c_w.l(__rtentry.o)
    0x080001c6   0x080001c6   0x00000000   Code   RO          395    .ARM.Collect$$rtentry$$00000002  c_w.l(__rtentry2.o)
    0x080001c6   0x080001c6   0x00000006   Code   RO          407    .ARM.Collect$$rtentry$$00000004  c_w.l(__rtentry4.o)
    0x080001cc   0x080001cc   0x00000000   Code   RO          397    .ARM.Collect$$rtentry$$00000009  c_w.l(__rtentry2.o)
    0x080001cc   0x080001cc   0x00000004   Code   RO          398    .ARM.Collect$$rtentry$$0000000A  c_w.l(__rtentry2.o)
    0x080001d0   0x080001d0   0x00000000   Code   RO          400    .ARM.Collect$$rtentry$$0000000C  c_w.l(__rtentry2.o)
    0x080001d0   0x080001d0   0x00000008   Code   RO          401    .ARM.Collect$$rtentry$$0000000D  c_w.l(__rtentry2.o)
    0x080001d8   0x080001d8   0x00000002   Code   RO          424    .ARM.Collect$$rtexit$$00000000  c_w.l(rtexit.o)
    0x080001da   0x080001da   0x00000000   Code   RO          472    .ARM.Collect$$rtexit$$00000002  c_w.l(rtexit2.o)
    0x080001da   0x080001da   0x00000004   Code   RO          473    .ARM.Collect$$rtexit$$00000003  c_w.l(rtexit2.o)
    0x080001de   0x080001de   0x00000006   Code   RO          474    .ARM.Collect$$rtexit$$00000004  c_w.l(rtexit2.o)
    0x080001e4   0x080001e4   0x00000508   Code   RO            1    .text               main.o
    0x080006ec   0x080006ec   0x0000001a   Code   RO           82    .text               stm32f10x_it.o
    0x08000706   0x08000706   0x00000002   PAD
    0x08000708   0x08000708   0x0000003c   Code   RO           97    .text               led.o
    0x08000744   0x08000744   0x000000d0   Code   RO          109    .text               key.o
    0x08000814   0x08000814   0x00000128   Code   RO          124    .text               delay.o
    0x0800093c   0x0800093c   0x000011e4   Code   RO          136    .text               lze_lcd.o
    0x08001b20   0x08001b20   0x00000054   Code   RO          180    .text               ad9226.o
    0x08001b74   0x08001b74   0x000000f0   Code   RO          192    .text               tim_timebase.o
    0x08001c64   0x08001c64   0x000000dc   Code   RO          209    .text               misc.o
    0x08001d40   0x08001d40   0x000003a4   Code   RO          221    .text               stm32f10x_rcc.o
    0x080020e4   0x080020e4   0x0000035c   Code   RO          235    .text               stm32f10x_gpio.o
    0x08002440   0x08002440   0x00000e1a   Code   RO          259    .text               stm32f10x_tim.o
    0x0800325a   0x0800325a   0x00000002   PAD
    0x0800325c   0x0800325c   0x0000060c   Code   RO          271    .text               stm32f10x_fsmc.o
    0x08003868   0x08003868   0x000001e0   Code   RO          294    .text               system_stm32f10x.o
    0x08003a48   0x08003a48   0x00000040   Code   RO          315    .text               startup_stm32f10x_hd.o
    0x08003a88   0x08003a88   0x00000028   Code   RO          323    .text               c_w.l(noretval__2sprintf.o)
    0x08003ab0   0x08003ab0   0x0000004e   Code   RO          327    .text               c_w.l(_printf_pad.o)
    0x08003afe   0x08003afe   0x00000002   PAD
    0x08003b00   0x08003b00   0x00000078   Code   RO          329    .text               c_w.l(_printf_dec.o)
    0x08003b78   0x08003b78   0x0000007c   Code   RO          331    .text               c_w.l(_printf_longlong_dec.o)
    0x08003bf4   0x08003bf4   0x00000160   Code   RO          348    .text               c_w.l(__printf_ss_wp.o)
    0x08003d54   0x08003d54   0x00000064   Code   RO          356    .text               c_w.l(rt_memcpy_w.o)
    0x08003db8   0x08003db8   0x00000006   Code   RO          358    .text               c_w.l(heapauxi.o)
    0x08003dbe   0x08003dbe   0x0000008a   Code   RO          379    .text               c_w.l(lludiv10.o)
    0x08003e48   0x08003e48   0x000000b2   Code   RO          381    .text               c_w.l(_printf_intcommon.o)
    0x08003efa   0x08003efa   0x00000002   PAD
    0x08003efc   0x08003efc   0x00000030   Code   RO          383    .text               c_w.l(_printf_char_common.o)
    0x08003f2c   0x08003f2c   0x0000000a   Code   RO          385    .text               c_w.l(_sputc.o)
    0x08003f36   0x08003f36   0x0000004a   Code   RO          411    .text               c_w.l(sys_stackheap_outer.o)
    0x08003f80   0x08003f80   0x00000012   Code   RO          413    .text               c_w.l(exit.o)
    0x08003f92   0x08003f92   0x00000002   PAD
    0x08003f94   0x08003f94   0x00000008   Code   RO          421    .text               c_w.l(libspace.o)
    0x08003f9c   0x08003f9c   0x0000000c   Code   RO          482    .text               c_w.l(sys_exit.o)
    0x08003fa8   0x08003fa8   0x00000002   Code   RO          493    .text               c_w.l(use_no_semi.o)
    0x08003faa   0x08003faa   0x00000000   Code   RO          495    .text               c_w.l(indicate_semi.o)
    0x08003faa   0x08003faa   0x0000000e   Code   RO          343    i._is_digit         c_w.l(__printf_wp.o)
    0x08003fb8   0x08003fb8   0x000002b0   Code   RO          363    x$fpl$ddiv          fz_ws.l(ddiv.o)
    0x08004268   0x08004268   0x0000005a   Code   RO          366    x$fpl$dfixu         fz_ws.l(dfixu.o)
    0x080042c2   0x080042c2   0x00000026   Code   RO          370    x$fpl$dfltu         fz_ws.l(dflt_clz.o)
    0x080042e8   0x080042e8   0x00000154   Code   RO          376    x$fpl$dmul          fz_ws.l(dmul.o)
    0x0800443c   0x0800443c   0x0000009c   Code   RO          389    x$fpl$dnaninf       fz_ws.l(dnaninf.o)
    0x080044d8   0x080044d8   0x0000000c   Code   RO          391    x$fpl$dretinf       fz_ws.l(dretinf.o)
    0x080044e4   0x080044e4   0x00000000   Code   RO          393    x$fpl$usenofp       fz_ws.l(usenofp.o)
    0x080044e4   0x080044e4   0x0000001c   Data   RO            3    .constdata          main.o
    0x08004500   0x08004500   0x00004d44   Data   RO          138    .constdata          lze_lcd.o
    0x08009244   0x08009244   0x00000020   Data   RO          548    Region$$Table       anon$$obj.o


    Execution Region RW_IRAM1 (Exec base: 0x20000000, Load base: 0x08009264, Size: 0x00000b70, Max: 0x0000c000, ABSOLUTE)

    Exec Addr    Load Addr    Size         Type   Attr      Idx    E Section Name        Object

    0x20000000   0x08009264   0x00000001   Data   RW            4    .data               main.o
    0x20000001   0x08009265   0x00000003   PAD
    0x20000004   0x08009268   0x0000004c   Data   RW          139    .data               lze_lcd.o
    0x20000050   0x080092b4   0x00000002   Data   RW          194    .data               tim_timebase.o
    0x20000052   0x080092b6   0x00000014   Data   RW          222    .data               stm32f10x_rcc.o
    0x20000066   0x080092ca   0x00000002   PAD
    0x20000068   0x080092cc   0x00000014   Data   RW          295    .data               system_stm32f10x.o
    0x2000007c        -       0x00000474   Zero   RW            2    .bss                main.o
    0x200004f0        -       0x00000010   Zero   RW          137    .bss                lze_lcd.o
    0x20000500        -       0x0000000a   Zero   RW          193    .bss                tim_timebase.o
    0x2000050a   0x080092e0   0x00000002   PAD
    0x2000050c        -       0x00000060   Zero   RW          422    .bss                c_w.l(libspace.o)
    0x2000056c   0x080092e0   0x00000004   PAD
    0x20000570        -       0x00000200   Zero   RW          313    HEAP                startup_stm32f10x_hd.o
    0x20000770        -       0x00000400   Zero   RW          312    STACK               startup_stm32f10x_hd.o


==============================================================================

Image component sizes


      Code (inc. data)   RO Data    RW Data    ZI Data      Debug   Object Name

        84         10          0          0          0        510   ad9226.o
         0          0          0          0          0         32   core_cm3.o
       296          0          0          0          0       2525   delay.o
       208          6          0          0          0        716   key.o
        60          6          0          0          0        509   led.o
      4580        118      19780         76         16      23792   lze_lcd.o
      1288        298         28          1       1140     257138   main.o
       220         22          0          0          0       1877   misc.o
        64         26        304          0       1536        860   startup_stm32f10x_hd.o
      1548         18          0          0          0       5447   stm32f10x_fsmc.o
       860         38          0          0          0       5805   stm32f10x_gpio.o
        26          0          0          0          0       1214   stm32f10x_it.o
       932         36          0         20          0       9000   stm32f10x_rcc.o
      3610         88          0          0          0      22916   stm32f10x_tim.o
       480         38          0         20          0       1959   system_stm32f10x.o
       240         28          0          2         10       1397   tim_timebase.o

    ----------------------------------------------------------------------
     14500        732      20144        124       2704     335697   Object Totals
         0          0         32          0          0          0   (incl. Generated)
         4          0          0          5          2          0   (incl. Padding)

    ----------------------------------------------------------------------

      Code (inc. data)   RO Data    RW Data    ZI Data      Debug   Library Member Name

         8          0          0          0          0         68   __main.o
       352          0          0          0          0         88   __printf_ss_wp.o
        14          0          0          0          0         68   __printf_wp.o
         0          0          0          0          0          0   __rtentry.o
        12          0          0          0          0          0   __rtentry2.o
         6          0          0          0          0          0   __rtentry4.o
        52          8          0          0          0          0   __scatter.o
        26          0          0          0          0          0   __scatter_copy.o
        28          0          0          0          0          0   __scatter_zi.o
        48          6          0          0          0         96   _printf_char_common.o
         6          0          0          0          0          0   _printf_d.o
       120         16          0          0          0         92   _printf_dec.o
       178          0          0          0          0         88   _printf_intcommon.o
        10          0          0          0          0          0   _printf_ll.o
         6          0          0          0          0          0   _printf_lld.o
       124         16          0          0          0         92   _printf_longlong_dec.o
        78          0          0          0          0        108   _printf_pad.o
         0          0          0          0          0          0   _printf_percent.o
         4          0          0          0          0          0   _printf_percent_end.o
        10          0          0          0          0         68   _sputc.o
        18          0          0          0          0         80   exit.o
         6          0          0          0          0        152   heapauxi.o
         0          0          0          0          0          0   indicate_semi.o
         2          0          0          0          0          0   libinit.o
         2          0          0          0          0          0   libinit2.o
         2          0          0          0          0          0   libshutdown.o
         2          0          0          0          0          0   libshutdown2.o
         8          4          0          0         96         68   libspace.o
       138          0          0          0          0         80   lludiv10.o
        40          6          0          0          0         84   noretval__2sprintf.o
       100          0          0          0          0         80   rt_memcpy_w.o
         2          0          0          0          0          0   rtexit.o
        10          0          0          0          0          0   rtexit2.o
        12          4          0          0          0         68   sys_exit.o
        74          0          0          0          0         80   sys_stackheap_outer.o
         2          0          0          0          0         68   use_no_semi.o
       688        140          0          0          0        208   ddiv.o
        90          4          0          0          0         92   dfixu.o
        38          0          0          0          0         68   dflt_clz.o
       340         12          0          0          0        104   dmul.o
       156          4          0          0          0         92   dnaninf.o
        12          0          0          0          0         68   dretinf.o
         0          0          0          0          0          0   usenofp.o

    ----------------------------------------------------------------------
      2832        220          0          0        100       2160   Library Totals
         8          0          0          0          4          0   (incl. Padding)

    ----------------------------------------------------------------------

      Code (inc. data)   RO Data    RW Data    ZI Data      Debug   Library Name

      1500         60          0          0         96       1528   c_w.l
      1324        160          0          0          0        632   fz_ws.l

    ----------------------------------------------------------------------
      2832        220          0          0        100       2160   Library Totals

    ----------------------------------------------------------------------

==============================================================================


      Code (inc. data)   RO Data    RW Data    ZI Data      Debug   

     17332        952      20144        124       2804     335513   Grand Totals
     17332        952      20144        124       2804     335513   ELF Image Totals
     17332        952      20144        124          0          0   ROM Totals

==============================================================================

    Total RO  Size (Code + RO Data)                37476 (  36.60kB)
    Total RW  Size (RW Data + ZI Data)              2928 (   2.86kB)
    Total ROM Size (Code + RO Data + RW Data)      37600 (  36.72kB)

==============================================================================

