Component: ARM Compiler 5.06 update 6 (build 750) Tool: armlink [4d35ed]

==============================================================================

Section Cross References

    main.o(i.LCD_Wave) refers to lcd.o(i.LCD_DrawLine) for LCD_DrawLine
    main.o(i.LCD_Wave) refers to lcd.o(.data) for POINT_COLOR
    main.o(i.LCD_Wave) refers to main.o(.bss) for Draw_data
    main.o(i.main) refers to memcpya.o(.text) for __aeabi_memcpy4
    main.o(i.main) refers to stm32h7xx_hal.o(i.HAL_Init) for HAL_Init
    main.o(i.main) refers to system.o(i.MPU_Memory_Protection) for MPU_Memory_Protection
    main.o(i.main) refers to system.o(i.SystemClock_Config) for SystemClock_Config
    main.o(i.main) refers to delay.o(i.SysTick_clkconfig) for SysTick_clkconfig
    main.o(i.main) refers to led.o(i.LED_Init) for LED_Init
    main.o(i.main) refers to key.o(i.KEY_Init) for KEY_Init
    main.o(i.main) refers to lcd.o(i.LCD_Init) for LCD_Init
    main.o(i.main) refers to ad9226.o(i.AD9226_Init) for AD9226_Init
    main.o(i.main) refers to lcd.o(i.LCD_Clear) for LCD_Clear
    main.o(i.main) refers to lcd.o(i.LCD_ShowString) for LCD_ShowString
    main.o(i.main) refers to lcd.o(i.LCD_DrawLine) for LCD_DrawLine
    main.o(i.main) refers to key.o(i.KEY_Scan) for KEY_Scan
    main.o(i.main) refers to main.o(i.LCD_Wave) for LCD_Wave
    main.o(i.main) refers to timer.o(i.TIM3_Init) for TIM3_Init
    main.o(i.main) refers to stm32h7xx_hal_gpio.o(i.HAL_GPIO_TogglePin) for HAL_GPIO_TogglePin
    main.o(i.main) refers to delay.o(i.delay_ms) for delay_ms
    main.o(i.main) refers to main.o(.constdata) for .constdata
    main.o(i.main) refers to main.o(.bss) for AD9226_Data
    main.o(i.main) refers to lcd.o(.data) for POINT_COLOR
    main.o(i.main) refers to main.o(.data) for Time_Flag
    stm32h7xx_it.o(i.SysTick_Handler) refers to stm32h7xx_hal.o(i.HAL_IncTick) for HAL_IncTick
    system_stm32h7xx.o(i.SystemCoreClockUpdate) refers to system_stm32h7xx.o(.data) for SystemCoreClock
    system_stm32h7xx.o(i.SystemCoreClockUpdate) refers to system_stm32h7xx.o(.constdata) for D1CorePrescTable
    led.o(i.BSP_LED_Init) refers to stm32h7xx_hal_gpio.o(i.HAL_GPIO_Init) for HAL_GPIO_Init
    led.o(i.BSP_LED_Init) refers to stm32h7xx_hal_gpio.o(i.HAL_GPIO_WritePin) for HAL_GPIO_WritePin
    led.o(i.BSP_LED_Init) refers to led.o(.constdata) for GPIO_PIN
    led.o(i.BSP_LED_Init) refers to led.o(.data) for GPIO_PORT
    led.o(i.LED_Init) refers to led.o(i.BSP_LED_Init) for BSP_LED_Init
    delay.o(i.SysTick_clkconfig) refers to stm32h7xx_hal_cortex.o(i.HAL_SYSTICK_CLKSourceConfig) for HAL_SYSTICK_CLKSourceConfig
    delay.o(i.SysTick_clkconfig) refers to delay.o(.data) for fac_us
    delay.o(i.delay_ms) refers to delay.o(i.delay_us) for delay_us
    delay.o(i.delay_us) refers to delay.o(.data) for fac_us
    key.o(i.BSP_KEY_Init) refers to stm32h7xx_hal_gpio.o(i.HAL_GPIO_Init) for HAL_GPIO_Init
    key.o(i.BSP_KEY_Init) refers to key.o(.constdata) for BUTTON_PIN
    key.o(i.BSP_KEY_Init) refers to key.o(.data) for BUTTON_PORT
    key.o(i.KEY_Init) refers to key.o(i.BSP_KEY_Init) for BSP_KEY_Init
    key.o(i.KEY_Scan) refers to stm32h7xx_hal_gpio.o(i.HAL_GPIO_ReadPin) for HAL_GPIO_ReadPin
    key.o(i.KEY_Scan) refers to delay.o(i.delay_ms) for delay_ms
    key.o(i.KEY_Scan) refers to key.o(.data) for key_up
    lcd.o(i.HAL_SRAM_MspInit) refers to stm32h7xx_hal_gpio.o(i.HAL_GPIO_Init) for HAL_GPIO_Init
    lcd.o(i.LCD_Clear) refers to lcd.o(i.LCD_Fill) for LCD_Fill
    lcd.o(i.LCD_Clear) refers to lcd.o(.bss) for lcddev
    lcd.o(i.LCD_Color_Fill) refers to lcd.o(i.LCD_Set_Window) for LCD_Set_Window
    lcd.o(i.LCD_Color_Fill) refers to lcd.o(i.LCD_WriteRAM_Prepare) for LCD_WriteRAM_Prepare
    lcd.o(i.LCD_Color_Fill) refers to lcd.o(i.LCD_WriteRAM) for LCD_WriteRAM
    lcd.o(i.LCD_Color_Fill) refers to lcd.o(i.LCD_SetCursor) for LCD_SetCursor
    lcd.o(i.LCD_Color_Fill) refers to lcd.o(.bss) for lcddev
    lcd.o(i.LCD_DisplayOff) refers to lcd.o(i.LCD_WR_REG) for LCD_WR_REG
    lcd.o(i.LCD_DisplayOff) refers to lcd.o(i.LCD_WriteReg) for LCD_WriteReg
    lcd.o(i.LCD_DisplayOff) refers to lcd.o(.bss) for lcddev
    lcd.o(i.LCD_DisplayOn) refers to lcd.o(i.LCD_WR_REG) for LCD_WR_REG
    lcd.o(i.LCD_DisplayOn) refers to lcd.o(i.LCD_WriteReg) for LCD_WriteReg
    lcd.o(i.LCD_DisplayOn) refers to lcd.o(.bss) for lcddev
    lcd.o(i.LCD_Display_Dir) refers to lcd.o(.bss) for lcddev
    lcd.o(i.LCD_DrawLine) refers to lcd.o(i.LCD_DrawPoint) for LCD_DrawPoint
    lcd.o(i.LCD_DrawPoint) refers to lcd.o(i.LCD_Set_Window) for LCD_Set_Window
    lcd.o(i.LCD_DrawPoint) refers to lcd.o(i.LCD_SetCursor) for LCD_SetCursor
    lcd.o(i.LCD_DrawPoint) refers to lcd.o(i.LCD_WriteRAM_Prepare) for LCD_WriteRAM_Prepare
    lcd.o(i.LCD_DrawPoint) refers to lcd.o(.bss) for lcddev
    lcd.o(i.LCD_DrawPoint) refers to lcd.o(.data) for POINT_COLOR
    lcd.o(i.LCD_DrawRectangle) refers to lcd.o(i.LCD_DrawLine) for LCD_DrawLine
[...]
    Removing stm32h7xx_hal_dma_ex.o(i.HAL_DMAEx_MultiBufferStart_IT), (316 bytes).
    Removing stm32h7xx_hal_dma_ex.o(.constdata), (48 bytes).
    Removing stm32h7xx_hal_flash.o(.rev16_text), (4 bytes).
    Removing stm32h7xx_hal_flash.o(.revsh_text), (4 bytes).
    Removing stm32h7xx_hal_flash.o(.rrx_text), (6 bytes).
    Removing stm32h7xx_hal_flash.o(i.FLASH_OB_WaitForLastOperation), (92 bytes).
    Removing stm32h7xx_hal_flash.o(i.FLASH_SetErrorCode), (504 bytes).
    Removing stm32h7xx_hal_flash.o(i.FLASH_WaitForLastOperation), (248 bytes).
    Removing stm32h7xx_hal_flash.o(i.HAL_FLASH_EndOfOperationCallback), (2 bytes).
    Removing stm32h7xx_hal_flash.o(i.HAL_FLASH_GetError), (12 bytes).
    Removing stm32h7xx_hal_flash.o(i.HAL_FLASH_IRQHandler), (624 bytes).
    Removing stm32h7xx_hal_flash.o(i.HAL_FLASH_Lock), (36 bytes).
    Removing stm32h7xx_hal_flash.o(i.HAL_FLASH_OB_Launch), (36 bytes).
    Removing stm32h7xx_hal_flash.o(i.HAL_FLASH_OB_Lock), (20 bytes).
    Removing stm32h7xx_hal_flash.o(i.HAL_FLASH_OB_Unlock), (44 bytes).
    Removing stm32h7xx_hal_flash.o(i.HAL_FLASH_OperationErrorCallback), (2 bytes).
    Removing stm32h7xx_hal_flash.o(i.HAL_FLASH_Program), (304 bytes).
    Removing stm32h7xx_hal_flash.o(i.HAL_FLASH_Program_IT), (212 bytes).
    Removing stm32h7xx_hal_flash.o(i.HAL_FLASH_Unlock), (72 bytes).
    Removing stm32h7xx_hal_flash.o(.bss), (28 bytes).
    Removing stm32h7xx_hal_flash.o(.constdata), (48 bytes).
    Removing stm32h7xx_hal_flash_ex.o(.rev16_text), (4 bytes).
    Removing stm32h7xx_hal_flash_ex.o(.revsh_text), (4 bytes).
    Removing stm32h7xx_hal_flash_ex.o(.rrx_text), (6 bytes).
    Removing stm32h7xx_hal_flash_ex.o(i.FLASH_Erase_Sector), (144 bytes).
    Removing stm32h7xx_hal_flash_ex.o(i.FLASH_MassErase), (152 bytes).
    Removing stm32h7xx_hal_flash_ex.o(i.FLASH_OB_BOR_LevelConfig), (80 bytes).
    Removing stm32h7xx_hal_flash_ex.o(i.FLASH_OB_BootAddConfig), (116 bytes).
    Removing stm32h7xx_hal_flash_ex.o(i.FLASH_OB_DisableWRP), (128 bytes).
    Removing stm32h7xx_hal_flash_ex.o(i.FLASH_OB_EnableWRP), (128 bytes).
    Removing stm32h7xx_hal_flash_ex.o(i.FLASH_OB_GetBOR), (16 bytes).
    Removing stm32h7xx_hal_flash_ex.o(i.FLASH_OB_GetBootAdd), (24 bytes).
    Removing stm32h7xx_hal_flash_ex.o(i.FLASH_OB_GetPCROP), (96 bytes).
    Removing stm32h7xx_hal_flash_ex.o(i.FLASH_OB_GetRDP), (16 bytes).
    Removing stm32h7xx_hal_flash_ex.o(i.FLASH_OB_GetSecureArea), (96 bytes).
    Removing stm32h7xx_hal_flash_ex.o(i.FLASH_OB_GetUser), (16 bytes).
    Removing stm32h7xx_hal_flash_ex.o(i.FLASH_OB_GetWRP), (60 bytes).
    Removing stm32h7xx_hal_flash_ex.o(i.FLASH_OB_PCROPConfig), (200 bytes).
    Removing stm32h7xx_hal_flash_ex.o(i.FLASH_OB_RDPConfig), (80 bytes).
    Removing stm32h7xx_hal_flash_ex.o(i.FLASH_OB_SecureAreaConfig), (208 bytes).
    Removing stm32h7xx_hal_flash_ex.o(i.FLASH_OB_UserConfig), (180 bytes).
    Removing stm32h7xx_hal_flash_ex.o(i.HAL_FLASHEx_Erase), (304 bytes).
    Removing stm32h7xx_hal_flash_ex.o(i.HAL_FLASHEx_Erase_IT), (196 bytes).
    Removing stm32h7xx_hal_flash_ex.o(i.HAL_FLASHEx_Lock_Bank1), (20 bytes).
    Removing stm32h7xx_hal_flash_ex.o(i.HAL_FLASHEx_Lock_Bank2), (28 bytes).
    Removing stm32h7xx_hal_flash_ex.o(i.HAL_FLASHEx_OBGetConfig), (78 bytes).
    Removing stm32h7xx_hal_flash_ex.o(i.HAL_FLASHEx_OBProgram), (320 bytes).
    Removing stm32h7xx_hal_flash_ex.o(i.HAL_FLASHEx_Unlock_Bank1), (44 bytes).
    Removing stm32h7xx_hal_flash_ex.o(i.HAL_FLASHEx_Unlock_Bank2), (52 bytes).
    Removing stm32h7xx_hal_flash_ex.o(.constdata), (48 bytes).
    Removing stm32h7xx_hal_sram.o(.rev16_text), (4 bytes).
    Removing stm32h7xx_hal_sram.o(.revsh_text), (4 bytes).
    Removing stm32h7xx_hal_sram.o(.rrx_text), (6 bytes).
    Removing stm32h7xx_hal_sram.o(i.HAL_SRAM_DMA_XferCpltCallback), (2 bytes).
    Removing stm32h7xx_hal_sram.o(i.HAL_SRAM_DMA_XferErrorCallback), (2 bytes).
    Removing stm32h7xx_hal_sram.o(i.HAL_SRAM_DeInit), (34 bytes).
    Removing stm32h7xx_hal_sram.o(i.HAL_SRAM_GetState), (8 bytes).
    Removing stm32h7xx_hal_sram.o(i.HAL_SRAM_MspDeInit), (2 bytes).
    Removing stm32h7xx_hal_sram.o(i.HAL_SRAM_MspInit), (2 bytes).
    Removing stm32h7xx_hal_sram.o(i.HAL_SRAM_Read_16b), (70 bytes).
    Removing stm32h7xx_hal_sram.o(i.HAL_SRAM_Read_32b), (68 bytes).
    Removing stm32h7xx_hal_sram.o(i.HAL_SRAM_Read_8b), (70 bytes).
    Removing stm32h7xx_hal_sram.o(i.HAL_SRAM_Read_DMA), (96 bytes).
    Removing stm32h7xx_hal_sram.o(i.HAL_SRAM_WriteOperation_Disable), (60 bytes).
    Removing stm32h7xx_hal_sram.o(i.HAL_SRAM_WriteOperation_Enable), (54 bytes).
    Removing stm32h7xx_hal_sram.o(i.HAL_SRAM_Write_16b), (82 bytes).
    Removing stm32h7xx_hal_sram.o(i.HAL_SRAM_Write_32b), (80 bytes).
    Removing stm32h7xx_hal_sram.o(i.HAL_SRAM_Write_8b), (82 bytes).
    Removing stm32h7xx_hal_sram.o(i.HAL_SRAM_Write_DMA), (108 bytes).
    Removing stm32h7xx_hal_sram.o(.constdata), (48 bytes).
    Removing stm32h7xx_hal_tim.o(.rev16_text), (4 bytes).
    Removing stm32h7xx_hal_tim.o(.revsh_text), (4 bytes).
    Removing stm32h7xx_hal_tim.o(.rrx_text), (6 bytes).
    Removing stm32h7xx_hal_tim.o(i.HAL_TIM_Base_DeInit), (70 bytes).
    Removing stm32h7xx_hal_tim.o(i.HAL_TIM_Base_GetState), (8 bytes).
    Removing stm32h7xx_hal_tim.o(i.HAL_TIM_Base_MspDeInit), (2 bytes).
    Removing stm32h7xx_hal_tim.o(i.HAL_TIM_Base_Start), (30 bytes).
    Removing stm32h7xx_hal_tim.o(i.HAL_TIM_Base_Start_DMA), (104 bytes).
    Removing stm32h7xx_hal_tim.o(i.HAL_TIM_Base_Stop), (56 bytes).
    Removing stm32h7xx_hal_tim.o(i.HAL_TIM_Base_Stop_DMA), (62 bytes).
    Removing stm32h7xx_hal_tim.o(i.HAL_TIM_ConfigClockSource), (316 bytes).
    Removing stm32h7xx_hal_tim.o(i.HAL_TIM_ConfigOCrefClear), (318 bytes).
    Removing stm32h7xx_hal_tim.o(i.HAL_TIM_ConfigTI1Input), (24 bytes).
    Removing stm32h7xx_hal_tim.o(i.HAL_TIM_DMABurst_ReadStart), (388 bytes).
    Removing stm32h7xx_hal_tim.o(i.HAL_TIM_DMABurst_ReadStop), (128 bytes).
    Removing stm32h7xx_hal_tim.o(i.HAL_TIM_DMABurst_WriteStart), (388 bytes).
    Removing stm32h7xx_hal_tim.o(i.HAL_TIM_DMABurst_WriteStop), (128 bytes).
    Removing stm32h7xx_hal_tim.o(i.HAL_TIM_Encoder_DeInit), (70 bytes).
    Removing stm32h7xx_hal_tim.o(i.HAL_TIM_Encoder_GetState), (8 bytes).
    Removing stm32h7xx_hal_tim.o(i.HAL_TIM_Encoder_Init), (184 bytes).
    Removing stm32h7xx_hal_tim.o(i.HAL_TIM_Encoder_MspDeInit), (2 bytes).
    Removing stm32h7xx_hal_tim.o(i.HAL_TIM_Encoder_MspInit), (2 bytes).
    Removing stm32h7xx_hal_tim.o(i.HAL_TIM_Encoder_Start), (78 bytes).
    Removing stm32h7xx_hal_tim.o(i.HAL_TIM_Encoder_Start_DMA), (328 bytes).
    Removing stm32h7xx_hal_tim.o(i.HAL_TIM_Encoder_Start_IT), (126 bytes).
    Removing stm32h7xx_hal_tim.o(i.HAL_TIM_Encoder_Stop), (104 bytes).
    Removing stm32h7xx_hal_tim.o(i.HAL_TIM_Encoder_Stop_DMA), (152 bytes).
    Removing stm32h7xx_hal_tim.o(i.HAL_TIM_Encoder_Stop_IT), (152 bytes).
    Removing stm32h7xx_hal_tim.o(i.HAL_TIM_ErrorCallback), (2 bytes).
    Removing stm32h7xx_hal_tim.o(i.HAL_TIM_GenerateEvent), (54 bytes).
    Removing stm32h7xx_hal_tim.o(i.HAL_TIM_IC_CaptureCallback), (2 bytes).
    Removing stm32h7xx_hal_tim.o(i.HAL_TIM_IC_ConfigChannel), (224 bytes).
    Removing stm32h7xx_hal_tim.o(i.HAL_TIM_IC_DeInit), (70 bytes).
    Removing stm32h7xx_hal_tim.o(i.HAL_TIM_IC_GetState), (8 bytes).
    Removing stm32h7xx_hal_tim.o(i.HAL_TIM_IC_Init), (52 bytes).
    Removing stm32h7xx_hal_tim.o(i.HAL_TIM_IC_MspDeInit), (2 bytes).
    Removing stm32h7xx_hal_tim.o(i.HAL_TIM_IC_MspInit), (2 bytes).
    Removing stm32h7xx_hal_tim.o(i.HAL_TIM_IC_Start), (32 bytes).
    Removing stm32h7xx_hal_tim.o(i.HAL_TIM_IC_Start_DMA), (268 bytes).
    Removing stm32h7xx_hal_tim.o(i.HAL_TIM_IC_Start_IT), (108 bytes).
    Removing stm32h7xx_hal_tim.o(i.HAL_TIM_IC_Stop), (58 bytes).
    Removing stm32h7xx_hal_tim.o(i.HAL_TIM_IC_Stop_DMA), (140 bytes).
    Removing stm32h7xx_hal_tim.o(i.HAL_TIM_IC_Stop_IT), (134 bytes).
    Removing stm32h7xx_hal_tim.o(i.HAL_TIM_IRQHandler), (440 bytes).
    Removing stm32h7xx_hal_tim.o(i.HAL_TIM_OC_ConfigChannel), (148 bytes).
    Removing stm32h7xx_hal_tim.o(i.HAL_TIM_OC_DeInit), (70 bytes).
    Removing stm32h7xx_hal_tim.o(i.HAL_TIM_OC_DelayElapsedCallback), (2 bytes).
    Removing stm32h7xx_hal_tim.o(i.HAL_TIM_OC_GetState), (8 bytes).
    Removing stm32h7xx_hal_tim.o(i.HAL_TIM_OC_Init), (52 bytes).
    Removing stm32h7xx_hal_tim.o(i.HAL_TIM_OC_MspDeInit), (2 bytes).
    Removing stm32h7xx_hal_tim.o(i.HAL_TIM_OC_MspInit), (2 bytes).
    Removing stm32h7xx_hal_tim.o(i.HAL_TIM_OC_Start), (112 bytes).
    Removing stm32h7xx_hal_tim.o(i.HAL_TIM_OC_Start_DMA), (348 bytes).
    Removing stm32h7xx_hal_tim.o(i.HAL_TIM_OC_Start_IT), (188 bytes).
    Removing stm32h7xx_hal_tim.o(i.HAL_TIM_OC_Stop), (164 bytes).
    Removing stm32h7xx_hal_tim.o(i.HAL_TIM_OC_Stop_DMA), (248 bytes).
    Removing stm32h7xx_hal_tim.o(i.HAL_TIM_OC_Stop_IT), (240 bytes).
    Removing stm32h7xx_hal_tim.o(i.HAL_TIM_OnePulse_ConfigChannel), (296 bytes).
    Removing stm32h7xx_hal_tim.o(i.HAL_TIM_OnePulse_DeInit), (70 bytes).
    Removing stm32h7xx_hal_tim.o(i.HAL_TIM_OnePulse_GetState), (8 bytes).
    Removing stm32h7xx_hal_tim.o(i.HAL_TIM_OnePulse_Init), (76 bytes).
    Removing stm32h7xx_hal_tim.o(i.HAL_TIM_OnePulse_MspDeInit), (2 bytes).
    Removing stm32h7xx_hal_tim.o(i.HAL_TIM_OnePulse_MspInit), (2 bytes).
    Removing stm32h7xx_hal_tim.o(i.HAL_TIM_OnePulse_Start), (112 bytes).
    Removing stm32h7xx_hal_tim.o(i.HAL_TIM_OnePulse_Start_IT), (136 bytes).
    Removing stm32h7xx_hal_tim.o(i.HAL_TIM_OnePulse_Stop), (176 bytes).
    Removing stm32h7xx_hal_tim.o(i.HAL_TIM_OnePulse_Stop_IT), (200 bytes).
    Removing stm32h7xx_hal_tim.o(i.HAL_TIM_PWM_ConfigChannel), (372 bytes).
    Removing stm32h7xx_hal_tim.o(i.HAL_TIM_PWM_DeInit), (70 bytes).
    Removing stm32h7xx_hal_tim.o(i.HAL_TIM_PWM_GetState), (8 bytes).
    Removing stm32h7xx_hal_tim.o(i.HAL_TIM_PWM_Init), (52 bytes).
    Removing stm32h7xx_hal_tim.o(i.HAL_TIM_PWM_MspDeInit), (2 bytes).
    Removing stm32h7xx_hal_tim.o(i.HAL_TIM_PWM_MspInit), (2 bytes).
    Removing stm32h7xx_hal_tim.o(i.HAL_TIM_PWM_PulseFinishedCallback), (2 bytes).
    Removing stm32h7xx_hal_tim.o(i.HAL_TIM_PWM_Start), (112 bytes).
    Removing stm32h7xx_hal_tim.o(i.HAL_TIM_PWM_Start_DMA), (348 bytes).
    Removing stm32h7xx_hal_tim.o(i.HAL_TIM_PWM_Start_IT), (188 bytes).
    Removing stm32h7xx_hal_tim.o(i.HAL_TIM_PWM_Stop), (172 bytes).
    Removing stm32h7xx_hal_tim.o(i.HAL_TIM_PWM_Stop_DMA), (248 bytes).
    Removing stm32h7xx_hal_tim.o(i.HAL_TIM_PWM_Stop_IT), (240 bytes).
    Removing stm32h7xx_hal_tim.o(i.HAL_TIM_PeriodElapsedCallback), (2 bytes).
    Removing stm32h7xx_hal_tim.o(i.HAL_TIM_ReadCapturedValue), (84 bytes).
    Removing stm32h7xx_hal_tim.o(i.HAL_TIM_SlaveConfigSynchronization), (86 bytes).
    Removing stm32h7xx_hal_tim.o(i.HAL_TIM_SlaveConfigSynchronization_IT), (86 bytes).
    Removing stm32h7xx_hal_tim.o(i.HAL_TIM_TriggerCallback), (2 bytes).
    Removing stm32h7xx_hal_tim.o(i.TIM_CCxChannelCmd), (28 bytes).
    Removing stm32h7xx_hal_tim.o(i.TIM_DMACaptureCplt), (70 bytes).
    Removing stm32h7xx_hal_tim.o(i.TIM_DMADelayPulseCplt), (70 bytes).
    Removing stm32h7xx_hal_tim.o(i.TIM_DMAError), (20 bytes).
    Removing stm32h7xx_hal_tim.o(i.TIM_DMAPeriodElapsedCplt), (20 bytes).
    Removing stm32h7xx_hal_tim.o(i.TIM_DMATriggerCplt), (20 bytes).
    Removing stm32h7xx_hal_tim.o(i.TIM_ETR_SetConfig), (24 bytes).
    Removing stm32h7xx_hal_tim.o(i.TIM_ITRx_SetConfig), (24 bytes).
    Removing stm32h7xx_hal_tim.o(i.TIM_OC1_SetConfig), (176 bytes).
    Removing stm32h7xx_hal_tim.o(i.TIM_OC2_SetConfig), (188 bytes).
    Removing stm32h7xx_hal_tim.o(i.TIM_OC3_SetConfig), (180 bytes).
    Removing stm32h7xx_hal_tim.o(i.TIM_OC4_SetConfig), (120 bytes).
    Removing stm32h7xx_hal_tim.o(i.TIM_OC5_SetConfig), (112 bytes).
    Removing stm32h7xx_hal_tim.o(i.TIM_OC6_SetConfig), (116 bytes).
    Removing stm32h7xx_hal_tim.o(i.TIM_SlaveTimer_SetConfig), (172 bytes).
    Removing stm32h7xx_hal_tim.o(i.TIM_TI1_ConfigInputStage), (42 bytes).
    Removing stm32h7xx_hal_tim.o(i.TIM_TI1_SetConfig), (148 bytes).
    Removing stm32h7xx_hal_tim.o(i.TIM_TI2_ConfigInputStage), (44 bytes).
    Removing stm32h7xx_hal_tim.o(i.TIM_TI2_SetConfig), (62 bytes).
    Removing stm32h7xx_hal_tim.o(i.TIM_TI3_SetConfig), (60 bytes).
    Removing stm32h7xx_hal_tim.o(i.TIM_TI4_SetConfig), (64 bytes).
    Removing stm32h7xx_hal_tim.o(.constdata), (48 bytes).
    Removing stm32h7xx_hal_tim_ex.o(.rev16_text), (4 bytes).
    Removing stm32h7xx_hal_tim_ex.o(.revsh_text), (4 bytes).
    Removing stm32h7xx_hal_tim_ex.o(.rrx_text), (6 bytes).
    Removing stm32h7xx_hal_tim_ex.o(i.HAL_TIMEx_BreakCallback), (2 bytes).
    Removing stm32h7xx_hal_tim_ex.o(i.HAL_TIMEx_CommutationCallback), (2 bytes).
    Removing stm32h7xx_hal_tim_ex.o(i.HAL_TIMEx_ConfigBreakDeadTime), (180 bytes).
    Removing stm32h7xx_hal_tim_ex.o(i.HAL_TIMEx_ConfigBreakInput), (218 bytes).
    Removing stm32h7xx_hal_tim_ex.o(i.HAL_TIMEx_ConfigCommutationEvent), (116 bytes).
    Removing stm32h7xx_hal_tim_ex.o(i.HAL_TIMEx_ConfigCommutationEvent_DMA), (148 bytes).
    Removing stm32h7xx_hal_tim_ex.o(i.HAL_TIMEx_ConfigCommutationEvent_IT), (128 bytes).
    Removing stm32h7xx_hal_tim_ex.o(i.HAL_TIMEx_GroupChannel5), (72 bytes).
    Removing stm32h7xx_hal_tim_ex.o(i.HAL_TIMEx_HallSensor_DeInit), (70 bytes).
    Removing stm32h7xx_hal_tim_ex.o(i.HAL_TIMEx_HallSensor_GetState), (8 bytes).
    Removing stm32h7xx_hal_tim_ex.o(i.HAL_TIMEx_HallSensor_Init), (216 bytes).
    Removing stm32h7xx_hal_tim_ex.o(i.HAL_TIMEx_HallSensor_MspDeInit), (2 bytes).
    Removing stm32h7xx_hal_tim_ex.o(i.HAL_TIMEx_HallSensor_MspInit), (2 bytes).
    Removing stm32h7xx_hal_tim_ex.o(i.HAL_TIMEx_HallSensor_Start), (30 bytes).
    Removing stm32h7xx_hal_tim_ex.o(i.HAL_TIMEx_HallSensor_Start_DMA), (116 bytes).
    Removing stm32h7xx_hal_tim_ex.o(i.HAL_TIMEx_HallSensor_Start_IT), (42 bytes).
    Removing stm32h7xx_hal_tim_ex.o(i.HAL_TIMEx_HallSensor_Stop), (56 bytes).
    Removing stm32h7xx_hal_tim_ex.o(i.HAL_TIMEx_HallSensor_Stop_DMA), (68 bytes).
    Removing stm32h7xx_hal_tim_ex.o(i.HAL_TIMEx_HallSensor_Stop_IT), (68 bytes).
    Removing stm32h7xx_hal_tim_ex.o(i.HAL_TIMEx_MasterConfigSynchronization), (108 bytes).
    Removing stm32h7xx_hal_tim_ex.o(i.HAL_TIMEx_OCN_Start), (44 bytes).
    Removing stm32h7xx_hal_tim_ex.o(i.HAL_TIMEx_OCN_Start_DMA), (236 bytes).
    Removing stm32h7xx_hal_tim_ex.o(i.HAL_TIMEx_OCN_Start_IT), (114 bytes).
    Removing stm32h7xx_hal_tim_ex.o(i.HAL_TIMEx_OCN_Stop), (96 bytes).
    Removing stm32h7xx_hal_tim_ex.o(i.HAL_TIMEx_OCN_Stop_DMA), (160 bytes).
    Removing stm32h7xx_hal_tim_ex.o(i.HAL_TIMEx_OCN_Stop_IT), (180 bytes).
    Removing stm32h7xx_hal_tim_ex.o(i.HAL_TIMEx_OnePulseN_Start), (32 bytes).
    Removing stm32h7xx_hal_tim_ex.o(i.HAL_TIMEx_OnePulseN_Start_IT), (56 bytes).
    Removing stm32h7xx_hal_tim_ex.o(i.HAL_TIMEx_OnePulseN_Stop), (96 bytes).
    Removing stm32h7xx_hal_tim_ex.o(i.HAL_TIMEx_OnePulseN_Stop_IT), (120 bytes).
    Removing stm32h7xx_hal_tim_ex.o(i.HAL_TIMEx_PWMN_Start), (44 bytes).
    Removing stm32h7xx_hal_tim_ex.o(i.HAL_TIMEx_PWMN_Start_DMA), (236 bytes).
    Removing stm32h7xx_hal_tim_ex.o(i.HAL_TIMEx_PWMN_Start_IT), (114 bytes).
    Removing stm32h7xx_hal_tim_ex.o(i.HAL_TIMEx_PWMN_Stop), (96 bytes).
    Removing stm32h7xx_hal_tim_ex.o(i.HAL_TIMEx_PWMN_Stop_DMA), (160 bytes).
    Removing stm32h7xx_hal_tim_ex.o(i.HAL_TIMEx_PWMN_Stop_IT), (180 bytes).
    Removing stm32h7xx_hal_tim_ex.o(i.HAL_TIMEx_RemapConfig), (66 bytes).
    Removing stm32h7xx_hal_tim_ex.o(i.HAL_TIMEx_TISelection), (68 bytes).
    Removing stm32h7xx_hal_tim_ex.o(i.TIMEx_DMACommutationCplt), (20 bytes).
    Removing stm32h7xx_hal_tim_ex.o(i.TIM_CCxNChannelCmd), (28 bytes).
    Removing stm32h7xx_hal_tim_ex.o(.constdata), (48 bytes).
    Removing stm32h7xx_ll_fmc.o(.rev16_text), (4 bytes).
    Removing stm32h7xx_ll_fmc.o(.revsh_text), (4 bytes).
    Removing stm32h7xx_ll_fmc.o(.rrx_text), (6 bytes).
    Removing stm32h7xx_ll_fmc.o(i.FMC_NAND_AttributeSpace_Timing_Init), (40 bytes).
    Removing stm32h7xx_ll_fmc.o(i.FMC_NAND_CommonSpace_Timing_Init), (40 bytes).
    Removing stm32h7xx_ll_fmc.o(i.FMC_NAND_DeInit), (30 bytes).
    Removing stm32h7xx_ll_fmc.o(i.FMC_NAND_ECC_Disable), (14 bytes).
    Removing stm32h7xx_ll_fmc.o(i.FMC_NAND_ECC_Enable), (14 bytes).
    Removing stm32h7xx_ll_fmc.o(i.FMC_NAND_GetECC), (62 bytes).
    Removing stm32h7xx_ll_fmc.o(i.FMC_NAND_Init), (52 bytes).
    Removing stm32h7xx_ll_fmc.o(i.FMC_NORSRAM_DeInit), (56 bytes).
    Removing stm32h7xx_ll_fmc.o(i.FMC_NORSRAM_WriteOperation_Disable), (18 bytes).
    Removing stm32h7xx_ll_fmc.o(i.FMC_NORSRAM_WriteOperation_Enable), (18 bytes).
    Removing stm32h7xx_ll_fmc.o(i.FMC_SDRAM_DeInit), (32 bytes).
    Removing stm32h7xx_ll_fmc.o(i.FMC_SDRAM_GetModeStatus), (24 bytes).
    Removing stm32h7xx_ll_fmc.o(i.FMC_SDRAM_Init), (116 bytes).
    Removing stm32h7xx_ll_fmc.o(i.FMC_SDRAM_ProgramRefreshRate), (14 bytes).
    Removing stm32h7xx_ll_fmc.o(i.FMC_SDRAM_SendCommand), (38 bytes).
    Removing stm32h7xx_ll_fmc.o(i.FMC_SDRAM_SetAutoRefreshNumber), (14 bytes).
    Removing stm32h7xx_ll_fmc.o(i.FMC_SDRAM_Timing_Init), (156 bytes).
    Removing stm32h7xx_ll_fmc.o(i.FMC_SDRAM_WriteProtection_Disable), (18 bytes).
    Removing stm32h7xx_ll_fmc.o(i.FMC_SDRAM_WriteProtection_Enable), (18 bytes).
    Removing stm32h7xx_ll_fmc.o(.constdata), (48 bytes).
    Removing stm32h7xx_hal_mdma.o(.rev16_text), (4 bytes).
    Removing stm32h7xx_hal_mdma.o(.revsh_text), (4 bytes).
    Removing stm32h7xx_hal_mdma.o(.rrx_text), (6 bytes).
    Removing stm32h7xx_hal_mdma.o(i.HAL_MDMA_Abort), (144 bytes).
    Removing stm32h7xx_hal_mdma.o(i.HAL_MDMA_Abort_IT), (46 bytes).
    Removing stm32h7xx_hal_mdma.o(i.HAL_MDMA_ConfigPostRequestMask), (110 bytes).
    Removing stm32h7xx_hal_mdma.o(i.HAL_MDMA_DeInit), (110 bytes).
    Removing stm32h7xx_hal_mdma.o(i.HAL_MDMA_GenerateSWRequest), (72 bytes).
    Removing stm32h7xx_hal_mdma.o(i.HAL_MDMA_GetError), (6 bytes).
    Removing stm32h7xx_hal_mdma.o(i.HAL_MDMA_GetState), (8 bytes).
    Removing stm32h7xx_hal_mdma.o(i.HAL_MDMA_IRQHandler), (480 bytes).
    Removing stm32h7xx_hal_mdma.o(i.HAL_MDMA_Init), (108 bytes).
    Removing stm32h7xx_hal_mdma.o(i.HAL_MDMA_LinkedList_AddNode), (230 bytes).
    Removing stm32h7xx_hal_mdma.o(i.HAL_MDMA_LinkedList_CreateNode), (324 bytes).
    Removing stm32h7xx_hal_mdma.o(i.HAL_MDMA_LinkedList_DisableCircularMode), (88 bytes).
    Removing stm32h7xx_hal_mdma.o(i.HAL_MDMA_LinkedList_EnableCircularMode), (88 bytes).
    Removing stm32h7xx_hal_mdma.o(i.HAL_MDMA_LinkedList_RemoveNode), (218 bytes).
    Removing stm32h7xx_hal_mdma.o(i.HAL_MDMA_PollForTransfer), (292 bytes).
    Removing stm32h7xx_hal_mdma.o(i.HAL_MDMA_RegisterCallback), (100 bytes).
    Removing stm32h7xx_hal_mdma.o(i.HAL_MDMA_Start), (144 bytes).
    Removing stm32h7xx_hal_mdma.o(i.HAL_MDMA_Start_IT), (204 bytes).
    Removing stm32h7xx_hal_mdma.o(i.HAL_MDMA_UnRegisterCallback), (130 bytes).
    Removing stm32h7xx_hal_mdma.o(i.MDMA_Init), (240 bytes).
    Removing stm32h7xx_hal_mdma.o(i.MDMA_SetConfig), (152 bytes).
    Removing stm32h7xx_hal_mdma.o(.constdata), (48 bytes).
    Removing startup_stm32h750xx.o(HEAP), (512 bytes).

646 unused section(s) (total 60680 bytes) removed from the image.

==============================================================================

Image Symbol Table

    Local Symbols

    Symbol Name                              Value     Ov Type        Size  Object(Section)

    ../clib/microlib/division.c              0x00000000   Number         0  uldiv.o ABSOLUTE
    ../clib/microlib/init/entry.s            0x00000000   Number         0  entry10b.o ABSOLUTE
    ../clib/microlib/init/entry.s            0x00000000   Number         0  entry11b.o ABSOLUTE
    ../clib/microlib/init/entry.s            0x00000000   Number         0  entry9b.o ABSOLUTE
    ../clib/microlib/init/entry.s            0x00000000   Number         0  entry.o ABSOLUTE
    ../clib/microlib/init/entry.s            0x00000000   Number         0  entry10a.o ABSOLUTE
    ../clib/microlib/init/entry.s            0x00000000   Number         0  entry11a.o ABSOLUTE
    ../clib/microlib/init/entry.s            0x00000000   Number         0  entry5.o ABSOLUTE
    ../clib/microlib/init/entry.s            0x00000000   Number         0  entry7a.o ABSOLUTE
    ../clib/microlib/init/entry.s            0x00000000   Number         0  entry7b.o ABSOLUTE
    ../clib/microlib/init/entry.s            0x00000000   Number         0  entry2.o ABSOLUTE
    ../clib/microlib/init/entry.s            0x00000000   Number         0  entry8a.o ABSOLUTE
    ../clib/microlib/init/entry.s            0x00000000   Number         0  entry8b.o ABSOLUTE
    ../clib/microlib/init/entry.s            0x00000000   Number         0  entry9a.o ABSOLUTE
    ../clib/microlib/longlong.c              0x00000000   Number         0  llushr.o ABSOLUTE
    ../clib/microlib/longlong.c              0x00000000   Number         0  llshl.o ABSOLUTE
    ../clib/microlib/string/memcpy.c         0x00000000   Number         0  memcpya.o ABSOLUTE
    ../clib/microlib/string/memcpy.c         0x00000000   Number         0  memcpyb.o ABSOLUTE
    ../clib/microlib/string/memset.c         0x00000000   Number         0  memseta.o ABSOLUTE
    ../clib/microlib/stubs.s                 0x00000000   Number         0  useno.o ABSOLUTE
    ..\CMSIS\DeviceSupport\startup_stm32h750xx.s 0x00000000   Number         0  startup_stm32h750xx.o ABSOLUTE
    ..\CMSIS\DeviceSupport\system_stm32h7xx.c 0x00000000   Number         0  system_stm32h7xx.o ABSOLUTE
    ..\STM32H7xx_HAL_Driver\Src\stm32h7xx_hal.c 0x00000000   Number         0  stm32h7xx_hal.o ABSOLUTE
    ..\STM32H7xx_HAL_Driver\Src\stm32h7xx_hal_cortex.c 0x00000000   Number         0  stm32h7xx_hal_cortex.o ABSOLUTE
    ..\STM32H7xx_HAL_Driver\Src\stm32h7xx_hal_dma.c 0x00000000   Number         0  stm32h7xx_hal_dma.o ABSOLUTE
    ..\STM32H7xx_HAL_Driver\Src\stm32h7xx_hal_dma_ex.c 0x00000000   Number         0  stm32h7xx_hal_dma_ex.o ABSOLUTE
    ..\STM32H7xx_HAL_Driver\Src\stm32h7xx_hal_flash.c 0x00000000   Number         0  stm32h7xx_hal_flash.o ABSOLUTE
    ..\STM32H7xx_HAL_Driver\Src\stm32h7xx_hal_flash_ex.c 0x00000000   Number         0  stm32h7xx_hal_flash_ex.o ABSOLUTE
    ..\STM32H7xx_HAL_Driver\Src\stm32h7xx_hal_gpio.c 0x00000000   Number         0  stm32h7xx_hal_gpio.o ABSOLUTE
    ..\STM32H7xx_HAL_Driver\Src\stm32h7xx_hal_mdma.c 0x00000000   Number         0  stm32h7xx_hal_mdma.o ABSOLUTE
    ..\STM32H7xx_HAL_Driver\Src\stm32h7xx_hal_pwr.c 0x00000000   Number         0  stm32h7xx_hal_pwr.o ABSOLUTE
    ..\STM32H7xx_HAL_Driver\Src\stm32h7xx_hal_pwr_ex.c 0x00000000   Number         0  stm32h7xx_hal_pwr_ex.o ABSOLUTE
    ..\STM32H7xx_HAL_Driver\Src\stm32h7xx_hal_rcc.c 0x00000000   Number         0  stm32h7xx_hal_rcc.o ABSOLUTE
    ..\STM32H7xx_HAL_Driver\Src\stm32h7xx_hal_rcc_ex.c 0x00000000   Number         0  stm32h7xx_hal_rcc_ex.o ABSOLUTE
    ..\STM32H7xx_HAL_Driver\Src\stm32h7xx_hal_sram.c 0x00000000   Number         0  stm32h7xx_hal_sram.o ABSOLUTE
    ..\STM32H7xx_HAL_Driver\Src\stm32h7xx_hal_tim.c 0x00000000   Number         0  stm32h7xx_hal_tim.o ABSOLUTE
    ..\STM32H7xx_HAL_Driver\Src\stm32h7xx_hal_tim_ex.c 0x00000000   Number         0  stm32h7xx_hal_tim_ex.o ABSOLUTE
    ..\STM32H7xx_HAL_Driver\Src\stm32h7xx_hal_uart.c 0x00000000   Number         0  stm32h7xx_hal_uart.o ABSOLUTE
    ..\STM32H7xx_HAL_Driver\Src\stm32h7xx_hal_uart_ex.c 0x00000000   Number         0  stm32h7xx_hal_uart_ex.o ABSOLUTE
    ..\STM32H7xx_HAL_Driver\Src\stm32h7xx_hal_usart.c 0x00000000   Number         0  stm32h7xx_hal_usart.o ABSOLUTE
    ..\STM32H7xx_HAL_Driver\Src\stm32h7xx_ll_fmc.c 0x00000000   Number         0  stm32h7xx_ll_fmc.o ABSOLUTE
    ..\User\AD9226\ad9226.c                  0x00000000   Number         0  ad9226.o ABSOLUTE
    ..\User\KEY\key.c                        0x00000000   Number         0  key.o ABSOLUTE
    ..\User\LCD\lcd.c                        0x00000000   Number         0  lcd.o ABSOLUTE
    ..\User\LED\led.c                        0x00000000   Number         0  led.o ABSOLUTE
    ..\User\TIMER\timer.c                    0x00000000   Number         0  timer.o ABSOLUTE
    ..\User\delay\delay.c                    0x00000000   Number         0  delay.o ABSOLUTE
    ..\User\stm32h7xx_it\stm32h7xx_it.c      0x00000000   Number         0  stm32h7xx_it.o ABSOLUTE
    ..\User\system\system.c                  0x00000000   Number         0  system.o ABSOLUTE
    ..\User\usart\usart.c                    0x00000000   Number         0  usart.o ABSOLUTE
    ..\\CMSIS\\DeviceSupport\\system_stm32h7xx.c 0x00000000   Number         0  system_stm32h7xx.o ABSOLUTE
    ..\\STM32H7xx_HAL_Driver\\Src\\stm32h7xx_hal.c 0x00000000   Number         0  stm32h7xx_hal.o ABSOLUTE
    ..\\STM32H7xx_HAL_Driver\\Src\\stm32h7xx_hal_cortex.c 0x00000000   Number         0  stm32h7xx_hal_cortex.o ABSOLUTE
    ..\\STM32H7xx_HAL_Driver\\Src\\stm32h7xx_hal_dma.c 0x00000000   Number         0  stm32h7xx_hal_dma.o ABSOLUTE
    ..\\STM32H7xx_HAL_Driver\\Src\\stm32h7xx_hal_dma_ex.c 0x00000000   Number         0  stm32h7xx_hal_dma_ex.o ABSOLUTE
    ..\\STM32H7xx_HAL_Driver\\Src\\stm32h7xx_hal_flash.c 0x00000000   Number         0  stm32h7xx_hal_flash.o ABSOLUTE
    ..\\STM32H7xx_HAL_Driver\\Src\\stm32h7xx_hal_flash_ex.c 0x00000000   Number         0  stm32h7xx_hal_flash_ex.o ABSOLUTE
    ..\\STM32H7xx_HAL_Driver\\Src\\stm32h7xx_hal_gpio.c 0x00000000   Number         0  stm32h7xx_hal_gpio.o ABSOLUTE
    ..\\STM32H7xx_HAL_Driver\\Src\\stm32h7xx_hal_mdma.c 0x00000000   Number         0  stm32h7xx_hal_mdma.o ABSOLUTE
    ..\\STM32H7xx_HAL_Driver\\Src\\stm32h7xx_hal_pwr.c 0x00000000   Number         0  stm32h7xx_hal_pwr.o ABSOLUTE
    ..\\STM32H7xx_HAL_Driver\\Src\\stm32h7xx_hal_pwr_ex.c 0x00000000   Number         0  stm32h7xx_hal_pwr_ex.o ABSOLUTE
    ..\\STM32H7xx_HAL_Driver\\Src\\stm32h7xx_hal_rcc.c 0x00000000   Number         0  stm32h7xx_hal_rcc.o ABSOLUTE
    ..\\STM32H7xx_HAL_Driver\\Src\\stm32h7xx_hal_rcc_ex.c 0x00000000   Number         0  stm32h7xx_hal_rcc_ex.o ABSOLUTE
    ..\\STM32H7xx_HAL_Driver\\Src\\stm32h7xx_hal_sram.c 0x00000000   Number         0  stm32h7xx_hal_sram.o ABSOLUTE
    ..\\STM32H7xx_HAL_Driver\\Src\\stm32h7xx_hal_tim.c 0x00000000   Number         0  stm32h7xx_hal_tim.o ABSOLUTE
    ..\\STM32H7xx_HAL_Driver\\Src\\stm32h7xx_hal_tim_ex.c 0x00000000   Number         0  stm32h7xx_hal_tim_ex.o ABSOLUTE
    ..\\STM32H7xx_HAL_Driver\\Src\\stm32h7xx_hal_uart.c 0x00000000   Number         0  stm32h7xx_hal_uart.o ABSOLUTE
    ..\\STM32H7xx_HAL_Driver\\Src\\stm32h7xx_hal_uart_ex.c 0x00000000   Number         0  stm32h7xx_hal_uart_ex.o ABSOLUTE
    ..\\STM32H7xx_HAL_Driver\\Src\\stm32h7xx_hal_usart.c 0x00000000   Number         0  stm32h7xx_hal_usart.o ABSOLUTE
    ..\\STM32H7xx_HAL_Driver\\Src\\stm32h7xx_ll_fmc.c 0x00000000   Number         0  stm32h7xx_ll_fmc.o ABSOLUTE
    ..\\User\\AD9226\\ad9226.c               0x00000000   Number         0  ad9226.o ABSOLUTE
    ..\\User\\KEY\\key.c                     0x00000000   Number         0  key.o ABSOLUTE
    ..\\User\\LCD\\lcd.c                     0x00000000   Number         0  lcd.o ABSOLUTE
    ..\\User\\LED\\led.c                     0x00000000   Number         0  led.o ABSOLUTE
    ..\\User\\TIMER\\timer.c                 0x00000000   Number         0  timer.o ABSOLUTE
    ..\\User\\delay\\delay.c                 0x00000000   Number         0  delay.o ABSOLUTE
    ..\\User\\stm32h7xx_it\\stm32h7xx_it.c   0x00000000   Number         0  stm32h7xx_it.o ABSOLUTE
    ..\\User\\system\\system.c               0x00000000   Number         0  system.o ABSOLUTE
    ..\\User\\usart\\usart.c                 0x00000000   Number         0  usart.o ABSOLUTE
    dc.s                                     0x00000000   Number         0  dc.o ABSOLUTE
    handlers.s                               0x00000000   Number         0  handlers.o ABSOLUTE
    init.s                                   0x00000000   Number         0  init.o ABSOLUTE
    main.c                                   0x00000000   Number         0  main.o ABSOLUTE
    main.c                                   0x00000000   Number         0  main.o ABSOLUTE
    RESET                                    0x08000000   Section      664  startup_stm32h750xx.o(RESET)
    .ARM.Collect$$$$00000000                 0x08000298   Section        0  entry.o(.ARM.Collect$$$$00000000)
    .ARM.Collect$$$$00000001                 0x08000298   Section        4  entry2.o(.ARM.Collect$$$$00000001)
    .ARM.Collect$$$$00000004                 0x0800029c   Section        4  entry5.o(.ARM.Collect$$$$00000004)
    .ARM.Collect$$$$00000008                 0x080002a0   Section        0  entry7b.o(.ARM.Collect$$$$00000008)
    .ARM.Collect$$$$0000000A                 0x080002a0   Section        0  entry8b.o(.ARM.Collect$$$$0000000A)
    .ARM.Collect$$$$0000000B                 0x080002a0   Section        8  entry9a.o(.ARM.Collect$$$$0000000B)
    .ARM.Collect$$$$0000000D                 0x080002a8   Section        0  entry10a.o(.ARM.Collect$$$$0000000D)
    .ARM.Collect$$$$0000000F                 0x080002a8   Section        0  entry11a.o(.ARM.Collect$$$$0000000F)
    .ARM.Collect$$$$00002712                 0x080002a8   Section        4  entry2.o(.ARM.Collect$$$$00002712)
    __lit__00000000                          0x080002a8   Data           4  entry2.o(.ARM.Collect$$$$00002712)
    .text                                    0x080002ac   Section       36  startup_stm32h750xx.o(.text)
    $v0                                      0x080002ac   Number         0  startup_stm32h750xx.o(.text)
    .text                                    0x080002d0   Section        0  memcpya.o(.text)
    .text                                    0x080002f4   Section        0  memseta.o(.text)
    .text                                    0x08000318   Section       36  init.o(.text)
    i.AD9226_Init                            0x0800033c   Section        0  ad9226.o(i.AD9226_Init)
    i.BSP_KEY_Init                           0x080003fc   Section        0  key.o(i.BSP_KEY_Init)
    i.BSP_LED_Init                           0x080004b4   Section        0  led.o(i.BSP_LED_Init)
    i.BusFault_Handler                       0x0800055c   Section        0  stm32h7xx_it.o(i.BusFault_Handler)
    i.DebugMon_Handler                       0x08000560   Section        0  stm32h7xx_it.o(i.DebugMon_Handler)
    i.FMC_NORSRAM_Extended_Timing_Init       0x08000564   Section        0  stm32h7xx_ll_fmc.o(i.FMC_NORSRAM_Extended_Timing_Init)
    i.FMC_NORSRAM_Init                       0x080005ac   Section        0  stm32h7xx_ll_fmc.o(i.FMC_NORSRAM_Init)
    i.FMC_NORSRAM_Timing_Init                0x0800062c   Section        0  stm32h7xx_ll_fmc.o(i.FMC_NORSRAM_Timing_Init)
    i.HAL_DMA_Abort_IT                       0x0800068c   Section        0  stm32h7xx_hal_dma.o(i.HAL_DMA_Abort_IT)
    i.HAL_GPIO_Init                          0x08000784   Section        0  stm32h7xx_hal_gpio.o(i.HAL_GPIO_Init)
    i.HAL_GPIO_ReadPin                       0x080009d0   Section        0  stm32h7xx_hal_gpio.o(i.HAL_GPIO_ReadPin)
    i.HAL_GPIO_TogglePin                     0x080009e0   Section        0  stm32h7xx_hal_gpio.o(i.HAL_GPIO_TogglePin)
    i.HAL_GPIO_WritePin                      0x080009e8   Section        0  stm32h7xx_hal_gpio.o(i.HAL_GPIO_WritePin)
    i.HAL_GetTick                            0x080009f4   Section        0  stm32h7xx_hal.o(i.HAL_GetTick)
    i.HAL_IncTick                            0x08000a00   Section        0  stm32h7xx_hal.o(i.HAL_IncTick)
    i.HAL_Init                               0x08000a18   Section        0  stm32h7xx_hal.o(i.HAL_Init)
    i.HAL_InitTick                           0x08000a34   Section        0  stm32h7xx_hal.o(i.HAL_InitTick)
    i.HAL_MPU_ConfigRegion                   0x08000a80   Section        0  stm32h7xx_hal_cortex.o(i.HAL_MPU_ConfigRegion)
    i.HAL_MPU_Disable                        0x08000adc   Section        0  stm32h7xx_hal_cortex.o(i.HAL_MPU_Disable)
    i.HAL_MPU_Enable                         0x08000b08   Section        0  stm32h7xx_hal_cortex.o(i.HAL_MPU_Enable)
    i.HAL_MspInit                            0x08000b48   Section        0  stm32h7xx_hal.o(i.HAL_MspInit)
    i.HAL_NVIC_DisableIRQ                    0x08000b4c   Section        0  stm32h7xx_hal_cortex.o(i.HAL_NVIC_DisableIRQ)
    i.HAL_NVIC_EnableIRQ                     0x08000b90   Section        0  stm32h7xx_hal_cortex.o(i.HAL_NVIC_EnableIRQ)
    i.HAL_NVIC_SetPriority                   0x08000bb0   Section        0  stm32h7xx_hal_cortex.o(i.HAL_NVIC_SetPriority)
    i.HAL_NVIC_SetPriorityGrouping           0x08000c2c   Section        0  stm32h7xx_hal_cortex.o(i.HAL_NVIC_SetPriorityGrouping)
    i.HAL_RCC_ClockConfig                    0x08000c54   Section        0  stm32h7xx_hal_rcc.o(i.HAL_RCC_ClockConfig)
    i.HAL_RCC_GetSysClockFreq                0x08000ea4   Section        0  stm32h7xx_hal_rcc.o(i.HAL_RCC_GetSysClockFreq)
    i.HAL_RCC_OscConfig                      0x080010e8   Section        0  stm32h7xx_hal_rcc.o(i.HAL_RCC_OscConfig)
    i.HAL_SRAM_Init                          0x080017ac   Section        0  stm32h7xx_hal_sram.o(i.HAL_SRAM_Init)
    i.HAL_SRAM_MspInit                       0x08001814   Section        0  lcd.o(i.HAL_SRAM_MspInit)
    i.HAL_SYSTICK_CLKSourceConfig            0x080018fc   Section        0  stm32h7xx_hal_cortex.o(i.HAL_SYSTICK_CLKSourceConfig)
    i.HAL_SYSTICK_Config                     0x08001924   Section        0  stm32h7xx_hal_cortex.o(i.HAL_SYSTICK_Config)
    i.HAL_TIM_Base_Init                      0x08001958   Section        0  stm32h7xx_hal_tim.o(i.HAL_TIM_Base_Init)
    i.HAL_TIM_Base_MspInit                   0x0800198c   Section        0  stm32h7xx_hal_tim.o(i.HAL_TIM_Base_MspInit)
    i.HAL_TIM_Base_Start_IT                  0x0800198e   Section        0  stm32h7xx_hal_tim.o(i.HAL_TIM_Base_Start_IT)
    i.HAL_TIM_Base_Stop_IT                   0x080019ac   Section        0  stm32h7xx_hal_tim.o(i.HAL_TIM_Base_Stop_IT)
    i.HAL_UARTEx_WakeupCallback              0x080019e4   Section        0  stm32h7xx_hal_uart_ex.o(i.HAL_UARTEx_WakeupCallback)
    i.HAL_UART_ErrorCallback                 0x080019e6   Section        0  stm32h7xx_hal_uart.o(i.HAL_UART_ErrorCallback)
    i.HAL_UART_GetState                      0x080019e8   Section        0  stm32h7xx_hal_uart.o(i.HAL_UART_GetState)
    i.HAL_UART_IRQHandler                    0x080019fc   Section        0  stm32h7xx_hal_uart.o(i.HAL_UART_IRQHandler)
    i.HAL_UART_Receive_IT                    0x08001bb8   Section        0  stm32h7xx_hal_uart.o(i.HAL_UART_Receive_IT)
    i.HAL_UART_RxCpltCallback                0x08001c98   Section        0  usart.o(i.HAL_UART_RxCpltCallback)
    i.HAL_UART_TxCpltCallback                0x08001d20   Section        0  stm32h7xx_hal_uart.o(i.HAL_UART_TxCpltCallback)
    i.HardFault_Handler                      0x08001d22   Section        0  stm32h7xx_it.o(i.HardFault_Handler)
    i.KEY_Init                               0x08001d26   Section        0  key.o(i.KEY_Init)
    i.KEY_Scan                               0x08001d44   Section        0  key.o(i.KEY_Scan)
    i.LCD_Clear                              0x08001e04   Section        0  lcd.o(i.LCD_Clear)
    i.LCD_Display_Dir                        0x08001e20   Section        0  lcd.o(i.LCD_Display_Dir)
    i.LCD_DrawLine                           0x08002054   Section        0  lcd.o(i.LCD_DrawLine)
    i.LCD_DrawPoint                          0x08002104   Section        0  lcd.o(i.LCD_DrawPoint)
    i.LCD_Fast_DrawPoint                     0x08002148   Section        0  lcd.o(i.LCD_Fast_DrawPoint)
    i.LCD_Fill                               0x08002204   Section        0  lcd.o(i.LCD_Fill)
    i.LCD_Init                               0x080022b0   Section        0  lcd.o(i.LCD_Init)
    i.LCD_RD_DATA                            0x080036f8   Section        0  lcd.o(i.LCD_RD_DATA)
    i.LCD_ReadReg                            0x0800370c   Section        0  lcd.o(i.LCD_ReadReg)
    i.LCD_SetCursor                          0x08003724   Section        0  lcd.o(i.LCD_SetCursor)
    i.LCD_Set_Window                         0x080037d4   Section        0  lcd.o(i.LCD_Set_Window)
    i.LCD_ShowChar                           0x08003a1c   Section        0  lcd.o(i.LCD_ShowChar)
    i.LCD_ShowString                         0x08003b58   Section        0  lcd.o(i.LCD_ShowString)
    i.LCD_WR_DATA                            0x08003bd8   Section        0  lcd.o(i.LCD_WR_DATA)
    i.LCD_WR_REG                             0x08003bf0   Section        0  lcd.o(i.LCD_WR_REG)
    i.LCD_Wave                               0x08003c08   Section        0  main.o(i.LCD_Wave)
    i.LCD_WriteRAM                           0x08003ce0   Section        0  lcd.o(i.LCD_WriteRAM)
    i.LCD_WriteRAM_Prepare                   0x08003cec   Section        0  lcd.o(i.LCD_WriteRAM_Prepare)
    i.LCD_WriteReg                           0x08003d00   Section        0  lcd.o(i.LCD_WriteReg)
    i.LED_Init                               0x08003d10   Section        0  led.o(i.LED_Init)
    i.MPU_Memory_Protection                  0x08003d26   Section        0  system.o(i.MPU_Memory_Protection)
    i.MPU_Set_Protection                     0x08003d58   Section        0  system.o(i.MPU_Set_Protection)
    i.MemManage_Handler                      0x08003db2   Section        0  stm32h7xx_it.o(i.MemManage_Handler)
    i.NMI_Handler                            0x08003db6   Section        0  stm32h7xx_it.o(i.NMI_Handler)
    i.PendSV_Handler                         0x08003db8   Section        0  stm32h7xx_it.o(i.PendSV_Handler)
    i.SVC_Handler                            0x08003dba   Section        0  stm32h7xx_it.o(i.SVC_Handler)
    i.SysTick_Handler                        0x08003dbc   Section        0  stm32h7xx_it.o(i.SysTick_Handler)
    i.SysTick_clkconfig                      0x08003dc4   Section        0  delay.o(i.SysTick_clkconfig)
    i.SystemClock_Config                     0x08003dd8   Section        0  system.o(i.SystemClock_Config)
    i.SystemInit                             0x08003e9c   Section        0  system_stm32h7xx.o(i.SystemInit)
    i.TIM3_IRQHandler                        0x08003f30   Section        0  timer.o(i.TIM3_IRQHandler)
    i.TIM3_Init                              0x08003fa0   Section        0  timer.o(i.TIM3_Init)
    i.TIM_Base_SetConfig                     0x08003ffc   Section        0  stm32h7xx_hal_tim.o(i.TIM_Base_SetConfig)
    i.UART_DMAAbortOnError                   0x080040c8   Section        0  stm32h7xx_hal_uart.o(i.UART_DMAAbortOnError)
    UART_DMAAbortOnError                     0x080040c9   Thumb Code    24  stm32h7xx_hal_uart.o(i.UART_DMAAbortOnError)
    i.UART_EndRxTransfer                     0x080040e0   Section        0  stm32h7xx_hal_uart.o(i.UART_EndRxTransfer)
    UART_EndRxTransfer                       0x080040e1   Thumb Code    32  stm32h7xx_hal_uart.o(i.UART_EndRxTransfer)
    i.UART_EndTransmit_IT                    0x08004100   Section        0  stm32h7xx_hal_uart.o(i.UART_EndTransmit_IT)
    UART_EndTransmit_IT                      0x08004101   Thumb Code    32  stm32h7xx_hal_uart.o(i.UART_EndTransmit_IT)
    i.UART_Receive_IT                        0x08004120   Section        0  stm32h7xx_hal_uart.o(i.UART_Receive_IT)
    UART_Receive_IT                          0x08004121   Thumb Code   138  stm32h7xx_hal_uart.o(i.UART_Receive_IT)
    i.UART_Transmit_IT                       0x080041aa   Section        0  stm32h7xx_hal_uart.o(i.UART_Transmit_IT)
    UART_Transmit_IT                         0x080041ab   Thumb Code   130  stm32h7xx_hal_uart.o(i.UART_Transmit_IT)
    i.USART1_IRQHandler                      0x0800422c   Section        0  usart.o(i.USART1_IRQHandler)
    i.UsageFault_Handler                     0x0800427c   Section        0  stm32h7xx_it.o(i.UsageFault_Handler)
    i.__NVIC_GetPriorityGrouping             0x08004280   Section        0  stm32h7xx_hal_cortex.o(i.__NVIC_GetPriorityGrouping)
    __NVIC_GetPriorityGrouping               0x08004281   Thumb Code    10  stm32h7xx_hal_cortex.o(i.__NVIC_GetPriorityGrouping)
    i.__NVIC_SetPriority                     0x08004290   Section        0  stm32h7xx_hal_cortex.o(i.__NVIC_SetPriority)
    __NVIC_SetPriority                       0x08004291   Thumb Code    32  stm32h7xx_hal_cortex.o(i.__NVIC_SetPriority)
    i.__scatterload_copy                     0x080042b8   Section       14  handlers.o(i.__scatterload_copy)
    i.__scatterload_null                     0x080042c6   Section        2  handlers.o(i.__scatterload_null)
    i.__scatterload_zeroinit                 0x080042c8   Section       14  handlers.o(i.__scatterload_zeroinit)
    i.delay_ms                               0x080042d6   Section        0  delay.o(i.delay_ms)
    i.delay_us                               0x080042f0   Section        0  delay.o(i.delay_us)
    i.main                                   0x08004338   Section        0  main.o(i.main)
    .constdata                               0x0800478c   Section       80  main.o(.constdata)
    UARTPrescTable                           0x0800478c   Data          24  main.o(.constdata)
    USARTPrescTable                          0x080047a4   Data          24  main.o(.constdata)
    .constdata                               0x080047dc   Section       64  system_stm32h7xx.o(.constdata)
    UARTPrescTable                           0x080047dc   Data          24  system_stm32h7xx.o(.constdata)
    USARTPrescTable                          0x080047f4   Data          24  system_stm32h7xx.o(.constdata)
    .constdata                               0x0800481c   Section       54  led.o(.constdata)
    UARTPrescTable                           0x0800481c   Data          24  led.o(.constdata)
    USARTPrescTable                          0x08004834   Data          24  led.o(.constdata)
    .constdata                               0x08004852   Section       56  key.o(.constdata)
    UARTPrescTable                           0x08004852   Data          24  key.o(.constdata)
    USARTPrescTable                          0x0800486a   Data          24  key.o(.constdata)
    .constdata                               0x0800488a   Section    18288  lcd.o(.constdata)
    UARTPrescTable                           0x0800488a   Data          24  lcd.o(.constdata)
    USARTPrescTable                          0x080048a2   Data          24  lcd.o(.constdata)
    .data                                    0x24000000   Section        1  main.o(.data)
    .data                                    0x24000004   Section        8  system_stm32h7xx.o(.data)
    .data                                    0x2400000c   Section       12  led.o(.data)
    .data                                    0x24000018   Section        4  delay.o(.data)
    fac_us                                   0x24000018   Data           4  delay.o(.data)
    .data                                    0x2400001c   Section       17  key.o(.data)
    key_up                                   0x2400002c   Data           1  key.o(.data)
    .data                                    0x24000030   Section        8  lcd.o(.data)
    .data                                    0x24000038   Section        8  usart.o(.data)
    .data                                    0x24000040   Section        2  timer.o(.data)
    .data                                    0x24000044   Section        9  stm32h7xx_hal.o(.data)
    uwTick                                   0x24000044   Data           4  stm32h7xx_hal.o(.data)
    uwTickPrio                               0x24000048   Data           4  stm32h7xx_hal.o(.data)
    uwTickFreq                               0x2400004c   Data           1  stm32h7xx_hal.o(.data)
    .bss                                     0x24000050   Section     1140  main.o(.bss)
    .bss                                     0x240004c4   Section       92  lcd.o(.bss)
    .bss                                     0x24000520   Section      328  usart.o(.bss)
    .bss                                     0x24000668   Section       64  timer.o(.bss)
    STACK                                    0x240006a8   Section     1024  startup_stm32h750xx.o(STACK)

    Global Symbols

    Symbol Name                              Value     Ov Type        Size  Object(Section)

    BuildAttributes$$THM_ISAv4$E$P$D$K$B$S$7EM$VFPv5_D16$PE$PLD8$A:L22UL41UL21$X:L11$S22US41US21$IEEE1$IW$USESV6$~STKCKD$USESV7$~SHL$OSPACE$EBA8$MICROLIB$REQ8$PRES8$EABIv2 0x00000000   Number         0  anon$$obj.o ABSOLUTE
    __ARM_use_no_argv                        0x00000000   Number         0  main.o ABSOLUTE
    __use_no_errno                           0x00000000   Number         0  useno.o ABSOLUTE
    __use_no_exception_handling              0x00000000   Number         0  useno.o ABSOLUTE
    __use_no_fp                              0x00000000   Number         0  useno.o ABSOLUTE
    __use_no_heap                            0x00000000   Number         0  useno.o ABSOLUTE
    __use_no_heap_region                     0x00000000   Number         0  useno.o ABSOLUTE
    __use_no_semihosting                     0x00000000   Number         0  useno.o ABSOLUTE
    __use_no_semihosting_swi                 0x00000000   Number         0  useno.o ABSOLUTE
    __use_no_signal_handling                 0x00000000   Number         0  useno.o ABSOLUTE
    __cpp_initialize__aeabi_                  - Undefined Weak Reference
    __cxa_finalize                            - Undefined Weak Reference
    __decompress                              - Undefined Weak Reference
    _clock_init                               - Undefined Weak Reference
    _microlib_exit                            - Undefined Weak Reference
    __Vectors_Size                           0x00000298   Number         0  startup_stm32h750xx.o ABSOLUTE
    __Vectors                                0x08000000   Data           4  startup_stm32h750xx.o(RESET)
    __Vectors_End                            0x08000298   Data           0  startup_stm32h750xx.o(RESET)
    __main                                   0x08000299   Thumb Code     0  entry.o(.ARM.Collect$$$$00000000)
    _main_stk                                0x08000299   Thumb Code     0  entry2.o(.ARM.Collect$$$$00000001)
    _main_scatterload                        0x0800029d   Thumb Code     0  entry5.o(.ARM.Collect$$$$00000004)
    __main_after_scatterload                 0x080002a1   Thumb Code     0  entry5.o(.ARM.Collect$$$$00000004)
    _main_clock                              0x080002a1   Thumb Code     0  entry7b.o(.ARM.Collect$$$$00000008)
    _main_cpp_init                           0x080002a1   Thumb Code     0  entry8b.o(.ARM.Collect$$$$0000000A)
    _main_init                               0x080002a1   Thumb Code     0  entry9a.o(.ARM.Collect$$$$0000000B)
    __rt_final_cpp                           0x080002a9   Thumb Code     0  entry10a.o(.ARM.Collect$$$$0000000D)
    __rt_final_exit                          0x080002a9   Thumb Code     0  entry11a.o(.ARM.Collect$$$$0000000F)
    Reset_Handler                            0x080002ad   Thumb Code     8  startup_stm32h750xx.o(.text)
    ADC3_IRQHandler                          0x080002c7   Thumb Code     0  startup_stm32h750xx.o(.text)
    ADC_IRQHandler                           0x080002c7   Thumb Code     0  startup_stm32h750xx.o(.text)
    BDMA_Channel0_IRQHandler                 0x080002c7   Thumb Code     0  startup_stm32h750xx.o(.text)
    BDMA_Channel1_IRQHandler                 0x080002c7   Thumb Code     0  startup_stm32h750xx.o(.text)
    BDMA_Channel2_IRQHandler                 0x080002c7   Thumb Code     0  startup_stm32h750xx.o(.text)
    BDMA_Channel3_IRQHandler                 0x080002c7   Thumb Code     0  startup_stm32h750xx.o(.text)
    BDMA_Channel4_IRQHandler                 0x080002c7   Thumb Code     0  startup_stm32h750xx.o(.text)
    BDMA_Channel5_IRQHandler                 0x080002c7   Thumb Code     0  startup_stm32h750xx.o(.text)
    BDMA_Channel6_IRQHandler                 0x080002c7   Thumb Code     0  startup_stm32h750xx.o(.text)
    BDMA_Channel7_IRQHandler                 0x080002c7   Thumb Code     0  startup_stm32h750xx.o(.text)
    CEC_IRQHandler                           0x080002c7   Thumb Code     0  startup_stm32h750xx.o(.text)
    COMP1_IRQHandler                         0x080002c7   Thumb Code     0  startup_stm32h750xx.o(.text)
    CRS_IRQHandler                           0x080002c7   Thumb Code     0  startup_stm32h750xx.o(.text)
    CRYP_IRQHandler                          0x080002c7   Thumb Code     0  startup_stm32h750xx.o(.text)
    DCMI_IRQHandler                          0x080002c7   Thumb Code     0  startup_stm32h750xx.o(.text)
    DFSDM1_FLT0_IRQHandler                   0x080002c7   Thumb Code     0  startup_stm32h750xx.o(.text)
    DFSDM1_FLT1_IRQHandler                   0x080002c7   Thumb Code     0  startup_stm32h750xx.o(.text)
    DFSDM1_FLT2_IRQHandler                   0x080002c7   Thumb Code     0  startup_stm32h750xx.o(.text)
    DFSDM1_FLT3_IRQHandler                   0x080002c7   Thumb Code     0  startup_stm32h750xx.o(.text)
    DMA1_Stream0_IRQHandler                  0x080002c7   Thumb Code     0  startup_stm32h750xx.o(.text)
    DMA1_Stream1_IRQHandler                  0x080002c7   Thumb Code     0  startup_stm32h750xx.o(.text)
    DMA1_Stream2_IRQHandler                  0x080002c7   Thumb Code     0  startup_stm32h750xx.o(.text)
    DMA1_Stream3_IRQHandler                  0x080002c7   Thumb Code     0  startup_stm32h750xx.o(.text)
    DMA1_Stream4_IRQHandler                  0x080002c7   Thumb Code     0  startup_stm32h750xx.o(.text)
    DMA1_Stream5_IRQHandler                  0x080002c7   Thumb Code     0  startup_stm32h750xx.o(.text)
    DMA1_Stream6_IRQHandler                  0x080002c7   Thumb Code     0  startup_stm32h750xx.o(.text)
    DMA1_Stream7_IRQHandler                  0x080002c7   Thumb Code     0  startup_stm32h750xx.o(.text)
    DMA2D_IRQHandler                         0x080002c7   Thumb Code     0  startup_stm32h750xx.o(.text)
    DMA2_Stream0_IRQHandler                  0x080002c7   Thumb Code     0  startup_stm32h750xx.o(.text)
    DMA2_Stream1_IRQHandler                  0x080002c7   Thumb Code     0  startup_stm32h750xx.o(.text)
    DMA2_Stream2_IRQHandler                  0x080002c7   Thumb Code     0  startup_stm32h750xx.o(.text)
    DMA2_Stream3_IRQHandler                  0x080002c7   Thumb Code     0  startup_stm32h750xx.o(.text)
    DMA2_Stream4_IRQHandler                  0x080002c7   Thumb Code     0  startup_stm32h750xx.o(.text)
    DMA2_Stream5_IRQHandler                  0x080002c7   Thumb Code     0  startup_stm32h750xx.o(.text)
    DMA2_Stream6_IRQHandler                  0x080002c7   Thumb Code     0  startup_stm32h750xx.o(.text)
    DMA2_Stream7_IRQHandler                  0x080002c7   Thumb Code     0  startup_stm32h750xx.o(.text)
    DMAMUX1_OVR_IRQHandler                   0x080002c7   Thumb Code     0  startup_stm32h750xx.o(.text)
    DMAMUX2_OVR_IRQHandler                   0x080002c7   Thumb Code     0  startup_stm32h750xx.o(.text)
    ETH_IRQHandler                           0x080002c7   Thumb Code     0  startup_stm32h750xx.o(.text)
    ETH_WKUP_IRQHandler                      0x080002c7   Thumb Code     0  startup_stm32h750xx.o(.text)
    EXTI0_IRQHandler                         0x080002c7   Thumb Code     0  startup_stm32h750xx.o(.text)
    EXTI15_10_IRQHandler                     0x080002c7   Thumb Code     0  startup_stm32h750xx.o(.text)
    EXTI1_IRQHandler                         0x080002c7   Thumb Code     0  startup_stm32h750xx.o(.text)
    EXTI2_IRQHandler                         0x080002c7   Thumb Code     0  startup_stm32h750xx.o(.text)
    EXTI3_IRQHandler                         0x080002c7   Thumb Code     0  startup_stm32h750xx.o(.text)
    EXTI4_IRQHandler                         0x080002c7   Thumb Code     0  startup_stm32h750xx.o(.text)
    EXTI9_5_IRQHandler                       0x080002c7   Thumb Code     0  startup_stm32h750xx.o(.text)
    FDCAN1_IT0_IRQHandler                    0x080002c7   Thumb Code     0  startup_stm32h750xx.o(.text)
    FDCAN1_IT1_IRQHandler                    0x080002c7   Thumb Code     0  startup_stm32h750xx.o(.text)
    FDCAN2_IT0_IRQHandler                    0x080002c7   Thumb Code     0  startup_stm32h750xx.o(.text)
    FDCAN2_IT1_IRQHandler                    0x080002c7   Thumb Code     0  startup_stm32h750xx.o(.text)
    FDCAN_CAL_IRQHandler                     0x080002c7   Thumb Code     0  startup_stm32h750xx.o(.text)
    FLASH_IRQHandler                         0x080002c7   Thumb Code     0  startup_stm32h750xx.o(.text)
    FMC_IRQHandler                           0x080002c7   Thumb Code     0  startup_stm32h750xx.o(.text)
    FPU_IRQHandler                           0x080002c7   Thumb Code     0  startup_stm32h750xx.o(.text)
    HASH_RNG_IRQHandler                      0x080002c7   Thumb Code     0  startup_stm32h750xx.o(.text)
    HRTIM1_FLT_IRQHandler                    0x080002c7   Thumb Code     0  startup_stm32h750xx.o(.text)
    HRTIM1_Master_IRQHandler                 0x080002c7   Thumb Code     0  startup_stm32h750xx.o(.text)
    HRTIM1_TIMA_IRQHandler                   0x080002c7   Thumb Code     0  startup_stm32h750xx.o(.text)
    HRTIM1_TIMB_IRQHandler                   0x080002c7   Thumb Code     0  startup_stm32h750xx.o(.text)
    HRTIM1_TIMC_IRQHandler                   0x080002c7   Thumb Code     0  startup_stm32h750xx.o(.text)
    HRTIM1_TIMD_IRQHandler                   0x080002c7   Thumb Code     0  startup_stm32h750xx.o(.text)
    HRTIM1_TIME_IRQHandler                   0x080002c7   Thumb Code     0  startup_stm32h750xx.o(.text)
    HSEM1_IRQHandler                         0x080002c7   Thumb Code     0  startup_stm32h750xx.o(.text)
    I2C1_ER_IRQHandler                       0x080002c7   Thumb Code     0  startup_stm32h750xx.o(.text)
    I2C1_EV_IRQHandler                       0x080002c7   Thumb Code     0  startup_stm32h750xx.o(.text)
    I2C2_ER_IRQHandler                       0x080002c7   Thumb Code     0  startup_stm32h750xx.o(.text)
    I2C2_EV_IRQHandler                       0x080002c7   Thumb Code     0  startup_stm32h750xx.o(.text)
    I2C3_ER_IRQHandler                       0x080002c7   Thumb Code     0  startup_stm32h750xx.o(.text)
    I2C3_EV_IRQHandler                       0x080002c7   Thumb Code     0  startup_stm32h750xx.o(.text)
    I2C4_ER_IRQHandler                       0x080002c7   Thumb Code     0  startup_stm32h750xx.o(.text)
    I2C4_EV_IRQHandler                       0x080002c7   Thumb Code     0  startup_stm32h750xx.o(.text)
    JPEG_IRQHandler                          0x080002c7   Thumb Code     0  startup_stm32h750xx.o(.text)
    LPTIM1_IRQHandler                        0x080002c7   Thumb Code     0  startup_stm32h750xx.o(.text)
    LPTIM2_IRQHandler                        0x080002c7   Thumb Code     0  startup_stm32h750xx.o(.text)
    LPTIM3_IRQHandler                        0x080002c7   Thumb Code     0  startup_stm32h750xx.o(.text)
    LPTIM4_IRQHandler                        0x080002c7   Thumb Code     0  startup_stm32h750xx.o(.text)
    LPTIM5_IRQHandler                        0x080002c7   Thumb Code     0  startup_stm32h750xx.o(.text)
    LPUART1_IRQHandler                       0x080002c7   Thumb Code     0  startup_stm32h750xx.o(.text)
    LTDC_ER_IRQHandler                       0x080002c7   Thumb Code     0  startup_stm32h750xx.o(.text)
    LTDC_IRQHandler                          0x080002c7   Thumb Code     0  startup_stm32h750xx.o(.text)
    MDIOS_IRQHandler                         0x080002c7   Thumb Code     0  startup_stm32h750xx.o(.text)
    MDIOS_WKUP_IRQHandler                    0x080002c7   Thumb Code     0  startup_stm32h750xx.o(.text)
    MDMA_IRQHandler                          0x080002c7   Thumb Code     0  startup_stm32h750xx.o(.text)
    OTG_FS_EP1_IN_IRQHandler                 0x080002c7   Thumb Code     0  startup_stm32h750xx.o(.text)
    OTG_FS_EP1_OUT_IRQHandler                0x080002c7   Thumb Code     0  startup_stm32h750xx.o(.text)
    OTG_FS_IRQHandler                        0x080002c7   Thumb Code     0  startup_stm32h750xx.o(.text)
    OTG_FS_WKUP_IRQHandler                   0x080002c7   Thumb Code     0  startup_stm32h750xx.o(.text)
    OTG_HS_EP1_IN_IRQHandler                 0x080002c7   Thumb Code     0  startup_stm32h750xx.o(.text)
    OTG_HS_EP1_OUT_IRQHandler                0x080002c7   Thumb Code     0  startup_stm32h750xx.o(.text)
    OTG_HS_IRQHandler                        0x080002c7   Thumb Code     0  startup_stm32h750xx.o(.text)
    OTG_HS_WKUP_IRQHandler                   0x080002c7   Thumb Code     0  startup_stm32h750xx.o(.text)
    PVD_AVD_IRQHandler                       0x080002c7   Thumb Code     0  startup_stm32h750xx.o(.text)
    QUADSPI_IRQHandler                       0x080002c7   Thumb Code     0  startup_stm32h750xx.o(.text)
    RCC_IRQHandler                           0x080002c7   Thumb Code     0  startup_stm32h750xx.o(.text)
    RTC_Alarm_IRQHandler                     0x080002c7   Thumb Code     0  startup_stm32h750xx.o(.text)
    RTC_WKUP_IRQHandler                      0x080002c7   Thumb Code     0  startup_stm32h750xx.o(.text)
    SAI1_IRQHandler                          0x080002c7   Thumb Code     0  startup_stm32h750xx.o(.text)
    SAI2_IRQHandler                          0x080002c7   Thumb Code     0  startup_stm32h750xx.o(.text)
    SAI3_IRQHandler                          0x080002c7   Thumb Code     0  startup_stm32h750xx.o(.text)
    SAI4_IRQHandler                          0x080002c7   Thumb Code     0  startup_stm32h750xx.o(.text)
    SDMMC1_IRQHandler                        0x080002c7   Thumb Code     0  startup_stm32h750xx.o(.text)
    SDMMC2_IRQHandler                        0x080002c7   Thumb Code     0  startup_stm32h750xx.o(.text)
    SPDIF_RX_IRQHandler                      0x080002c7   Thumb Code     0  startup_stm32h750xx.o(.text)
    SPI1_IRQHandler                          0x080002c7   Thumb Code     0  startup_stm32h750xx.o(.text)
    SPI2_IRQHandler                          0x080002c7   Thumb Code     0  startup_stm32h750xx.o(.text)
    SPI3_IRQHandler                          0x080002c7   Thumb Code     0  startup_stm32h750xx.o(.text)
    SPI4_IRQHandler                          0x080002c7   Thumb Code     0  startup_stm32h750xx.o(.text)
    SPI5_IRQHandler                          0x080002c7   Thumb Code     0  startup_stm32h750xx.o(.text)
    SPI6_IRQHandler                          0x080002c7   Thumb Code     0  startup_stm32h750xx.o(.text)
    SWPMI1_IRQHandler                        0x080002c7   Thumb Code     0  startup_stm32h750xx.o(.text)
    TAMP_STAMP_IRQHandler                    0x080002c7   Thumb Code     0  startup_stm32h750xx.o(.text)
    TIM15_IRQHandler                         0x080002c7   Thumb Code     0  startup_stm32h750xx.o(.text)
    TIM16_IRQHandler                         0x080002c7   Thumb Code     0  startup_stm32h750xx.o(.text)
    TIM17_IRQHandler                         0x080002c7   Thumb Code     0  startup_stm32h750xx.o(.text)
    TIM1_BRK_IRQHandler                      0x080002c7   Thumb Code     0  startup_stm32h750xx.o(.text)
    TIM1_CC_IRQHandler                       0x080002c7   Thumb Code     0  startup_stm32h750xx.o(.text)
    TIM1_TRG_COM_IRQHandler                  0x080002c7   Thumb Code     0  startup_stm32h750xx.o(.text)
    TIM1_UP_IRQHandler                       0x080002c7   Thumb Code     0  startup_stm32h750xx.o(.text)
    TIM2_IRQHandler                          0x080002c7   Thumb Code     0  startup_stm32h750xx.o(.text)
    TIM4_IRQHandler                          0x080002c7   Thumb Code     0  startup_stm32h750xx.o(.text)
    TIM5_IRQHandler                          0x080002c7   Thumb Code     0  startup_stm32h750xx.o(.text)
    TIM6_DAC_IRQHandler                      0x080002c7   Thumb Code     0  startup_stm32h750xx.o(.text)
    TIM7_IRQHandler                          0x080002c7   Thumb Code     0  startup_stm32h750xx.o(.text)
    TIM8_BRK_TIM12_IRQHandler                0x080002c7   Thumb Code     0  startup_stm32h750xx.o(.text)
    TIM8_CC_IRQHandler                       0x080002c7   Thumb Code     0  startup_stm32h750xx.o(.text)
    TIM8_TRG_COM_TIM14_IRQHandler            0x080002c7   Thumb Code     0  startup_stm32h750xx.o(.text)
    TIM8_UP_TIM13_IRQHandler                 0x080002c7   Thumb Code     0  startup_stm32h750xx.o(.text)
    UART4_IRQHandler                         0x080002c7   Thumb Code     0  startup_stm32h750xx.o(.text)
    UART5_IRQHandler                         0x080002c7   Thumb Code     0  startup_stm32h750xx.o(.text)
    UART7_IRQHandler                         0x080002c7   Thumb Code     0  startup_stm32h750xx.o(.text)
    UART8_IRQHandler                         0x080002c7   Thumb Code     0  startup_stm32h750xx.o(.text)
    USART2_IRQHandler                        0x080002c7   Thumb Code     0  startup_stm32h750xx.o(.text)
    USART3_IRQHandler                        0x080002c7   Thumb Code     0  startup_stm32h750xx.o(.text)
    USART6_IRQHandler                        0x080002c7   Thumb Code     0  startup_stm32h750xx.o(.text)
    WAKEUP_PIN_IRQHandler                    0x080002c7   Thumb Code     0  startup_stm32h750xx.o(.text)
    WWDG_IRQHandler                          0x080002c7   Thumb Code     0  startup_stm32h750xx.o(.text)
    __aeabi_memcpy                           0x080002d1   Thumb Code    36  memcpya.o(.text)
    __aeabi_memcpy4                          0x080002d1   Thumb Code     0  memcpya.o(.text)
    __aeabi_memcpy8                          0x080002d1   Thumb Code     0  memcpya.o(.text)
    __aeabi_memset                           0x080002f5   Thumb Code    14  memseta.o(.text)
    __aeabi_memset4                          0x080002f5   Thumb Code     0  memseta.o(.text)
    __aeabi_memset8                          0x080002f5   Thumb Code     0  memseta.o(.text)
    __aeabi_memclr                           0x08000303   Thumb Code     4  memseta.o(.text)
    __aeabi_memclr4                          0x08000303   Thumb Code     0  memseta.o(.text)
    __aeabi_memclr8                          0x08000303   Thumb Code     0  memseta.o(.text)
    _memset$wrapper                          0x08000307   Thumb Code    18  memseta.o(.text)
    __scatterload                            0x08000319   Thumb Code    28  init.o(.text)
    __scatterload_rt2                        0x08000319   Thumb Code     0  init.o(.text)
    AD9226_Init                              0x0800033d   Thumb Code   176  ad9226.o(i.AD9226_Init)
    BSP_KEY_Init                             0x080003fd   Thumb Code   172  key.o(i.BSP_KEY_Init)
    BSP_LED_Init                             0x080004b5   Thumb Code   156  led.o(i.BSP_LED_Init)
    BusFault_Handler                         0x0800055d   Thumb Code     4  stm32h7xx_it.o(i.BusFault_Handler)
    DebugMon_Handler                         0x08000561   Thumb Code     2  stm32h7xx_it.o(i.DebugMon_Handler)
    FMC_NORSRAM_Extended_Timing_Init         0x08000565   Thumb Code    66  stm32h7xx_ll_fmc.o(i.FMC_NORSRAM_Extended_Timing_Init)
    FMC_NORSRAM_Init                         0x080005ad   Thumb Code   124  stm32h7xx_ll_fmc.o(i.FMC_NORSRAM_Init)
    FMC_NORSRAM_Timing_Init                  0x0800062d   Thumb Code    94  stm32h7xx_ll_fmc.o(i.FMC_NORSRAM_Timing_Init)
    HAL_DMA_Abort_IT                         0x0800068d   Thumb Code   236  stm32h7xx_hal_dma.o(i.HAL_DMA_Abort_IT)
    HAL_GPIO_Init                            0x08000785   Thumb Code   534  stm32h7xx_hal_gpio.o(i.HAL_GPIO_Init)
    HAL_GPIO_ReadPin                         0x080009d1   Thumb Code    16  stm32h7xx_hal_gpio.o(i.HAL_GPIO_ReadPin)
    HAL_GPIO_TogglePin                       0x080009e1   Thumb Code     8  stm32h7xx_hal_gpio.o(i.HAL_GPIO_TogglePin)
    HAL_GPIO_WritePin                        0x080009e9   Thumb Code    10  stm32h7xx_hal_gpio.o(i.HAL_GPIO_WritePin)
    HAL_GetTick                              0x080009f5   Thumb Code     6  stm32h7xx_hal.o(i.HAL_GetTick)
    HAL_IncTick                              0x08000a01   Thumb Code    16  stm32h7xx_hal.o(i.HAL_IncTick)
    HAL_Init                                 0x08000a19   Thumb Code    28  stm32h7xx_hal.o(i.HAL_Init)
    HAL_InitTick                             0x08000a35   Thumb Code    64  stm32h7xx_hal.o(i.HAL_InitTick)
    HAL_MPU_ConfigRegion                     0x08000a81   Thumb Code    88  stm32h7xx_hal_cortex.o(i.HAL_MPU_ConfigRegion)
    HAL_MPU_Disable                          0x08000add   Thumb Code    38  stm32h7xx_hal_cortex.o(i.HAL_MPU_Disable)
    HAL_MPU_Enable                           0x08000b09   Thumb Code    58  stm32h7xx_hal_cortex.o(i.HAL_MPU_Enable)
    HAL_MspInit                              0x08000b49   Thumb Code     2  stm32h7xx_hal.o(i.HAL_MspInit)
    HAL_NVIC_DisableIRQ                      0x08000b4d   Thumb Code    62  stm32h7xx_hal_cortex.o(i.HAL_NVIC_DisableIRQ)
    HAL_NVIC_EnableIRQ                       0x08000b91   Thumb Code    32  stm32h7xx_hal_cortex.o(i.HAL_NVIC_EnableIRQ)
    HAL_NVIC_SetPriority                     0x08000bb1   Thumb Code   122  stm32h7xx_hal_cortex.o(i.HAL_NVIC_SetPriority)
    HAL_NVIC_SetPriorityGrouping             0x08000c2d   Thumb Code    32  stm32h7xx_hal_cortex.o(i.HAL_NVIC_SetPriorityGrouping)
    HAL_RCC_ClockConfig                      0x08000c55   Thumb Code   574  stm32h7xx_hal_rcc.o(i.HAL_RCC_ClockConfig)
    HAL_RCC_GetSysClockFreq                  0x08000ea5   Thumb Code   556  stm32h7xx_hal_rcc.o(i.HAL_RCC_GetSysClockFreq)
    HAL_RCC_OscConfig                        0x080010e9   Thumb Code  1724  stm32h7xx_hal_rcc.o(i.HAL_RCC_OscConfig)
    HAL_SRAM_Init                            0x080017ad   Thumb Code   100  stm32h7xx_hal_sram.o(i.HAL_SRAM_Init)
    HAL_SRAM_MspInit                         0x08001815   Thumb Code   220  lcd.o(i.HAL_SRAM_MspInit)
    HAL_SYSTICK_CLKSourceConfig              0x080018fd   Thumb Code    40  stm32h7xx_hal_cortex.o(i.HAL_SYSTICK_CLKSourceConfig)
    HAL_SYSTICK_Config                       0x08001925   Thumb Code    52  stm32h7xx_hal_cortex.o(i.HAL_SYSTICK_Config)
    HAL_TIM_Base_Init                        0x08001959   Thumb Code    52  stm32h7xx_hal_tim.o(i.HAL_TIM_Base_Init)
    HAL_TIM_Base_MspInit                     0x0800198d   Thumb Code     2  stm32h7xx_hal_tim.o(i.HAL_TIM_Base_MspInit)
    HAL_TIM_Base_Start_IT                    0x0800198f   Thumb Code    30  stm32h7xx_hal_tim.o(i.HAL_TIM_Base_Start_IT)
    HAL_TIM_Base_Stop_IT                     0x080019ad   Thumb Code    56  stm32h7xx_hal_tim.o(i.HAL_TIM_Base_Stop_IT)
    HAL_UARTEx_WakeupCallback                0x080019e5   Thumb Code     2  stm32h7xx_hal_uart_ex.o(i.HAL_UARTEx_WakeupCallback)
    HAL_UART_ErrorCallback                   0x080019e7   Thumb Code     2  stm32h7xx_hal_uart.o(i.HAL_UART_ErrorCallback)
    HAL_UART_GetState                        0x080019e9   Thumb Code    20  stm32h7xx_hal_uart.o(i.HAL_UART_GetState)
    HAL_UART_IRQHandler                      0x080019fd   Thumb Code   434  stm32h7xx_hal_uart.o(i.HAL_UART_IRQHandler)
    HAL_UART_Receive_IT                      0x08001bb9   Thumb Code   224  stm32h7xx_hal_uart.o(i.HAL_UART_Receive_IT)
    HAL_UART_RxCpltCallback                  0x08001c99   Thumb Code   120  usart.o(i.HAL_UART_RxCpltCallback)
    HAL_UART_TxCpltCallback                  0x08001d21   Thumb Code     2  stm32h7xx_hal_uart.o(i.HAL_UART_TxCpltCallback)
    HardFault_Handler                        0x08001d23   Thumb Code     4  stm32h7xx_it.o(i.HardFault_Handler)
    KEY_Init                                 0x08001d27   Thumb Code    28  key.o(i.KEY_Init)
    KEY_Scan                                 0x08001d45   Thumb Code   184  key.o(i.KEY_Scan)
    LCD_Clear                                0x08001e05   Thumb Code    22  lcd.o(i.LCD_Clear)
    LCD_Display_Dir                          0x08001e21   Thumb Code   558  lcd.o(i.LCD_Display_Dir)
    LCD_DrawLine                             0x08002055   Thumb Code   176  lcd.o(i.LCD_DrawLine)
    LCD_DrawPoint                            0x08002105   Thumb Code    54  lcd.o(i.LCD_DrawPoint)
    LCD_Fast_DrawPoint                       0x08002149   Thumb Code   178  lcd.o(i.LCD_Fast_DrawPoint)
    LCD_Fill                                 0x08002205   Thumb Code   162  lcd.o(i.LCD_Fill)
    LCD_Init                                 0x080022b1   Thumb Code  5182  lcd.o(i.LCD_Init)
    LCD_RD_DATA                              0x080036f9   Thumb Code    14  lcd.o(i.LCD_RD_DATA)
    LCD_ReadReg                              0x0800370d   Thumb Code    22  lcd.o(i.LCD_ReadReg)
    LCD_SetCursor                            0x08003725   Thumb Code   172  lcd.o(i.LCD_SetCursor)
    LCD_Set_Window                           0x080037d5   Thumb Code   580  lcd.o(i.LCD_Set_Window)
    LCD_ShowChar                             0x08003a1d   Thumb Code   288  lcd.o(i.LCD_ShowChar)
    LCD_ShowString                           0x08003b59   Thumb Code   124  lcd.o(i.LCD_ShowString)
    LCD_WR_DATA                              0x08003bd9   Thumb Code    18  lcd.o(i.LCD_WR_DATA)
    LCD_WR_REG                               0x08003bf1   Thumb Code    18  lcd.o(i.LCD_WR_REG)
    LCD_Wave                                 0x08003c09   Thumb Code   182  main.o(i.LCD_Wave)
    LCD_WriteRAM                             0x08003ce1   Thumb Code     6  lcd.o(i.LCD_WriteRAM)
    LCD_WriteRAM_Prepare                     0x08003ced   Thumb Code    10  lcd.o(i.LCD_WriteRAM_Prepare)
    LCD_WriteReg                             0x08003d01   Thumb Code    10  lcd.o(i.LCD_WriteReg)
    LED_Init                                 0x08003d11   Thumb Code    22  led.o(i.LED_Init)
    MPU_Memory_Protection                    0x08003d27   Thumb Code    50  system.o(i.MPU_Memory_Protection)
    MPU_Set_Protection                       0x08003d59   Thumb Code    90  system.o(i.MPU_Set_Protection)
    MemManage_Handler                        0x08003db3   Thumb Code     4  stm32h7xx_it.o(i.MemManage_Handler)
    NMI_Handler                              0x08003db7   Thumb Code     2  stm32h7xx_it.o(i.NMI_Handler)
    PendSV_Handler                           0x08003db9   Thumb Code     2  stm32h7xx_it.o(i.PendSV_Handler)
    SVC_Handler                              0x08003dbb   Thumb Code     2  stm32h7xx_it.o(i.SVC_Handler)
    SysTick_Handler                          0x08003dbd   Thumb Code     8  stm32h7xx_it.o(i.SysTick_Handler)
    SysTick_clkconfig                        0x08003dc5   Thumb Code    16  delay.o(i.SysTick_clkconfig)
    SystemClock_Config                       0x08003dd9   Thumb Code   192  system.o(i.SystemClock_Config)
    SystemInit                               0x08003e9d   Thumb Code   130  system_stm32h7xx.o(i.SystemInit)
    TIM3_IRQHandler                          0x08003f31   Thumb Code    86  timer.o(i.TIM3_IRQHandler)
    TIM3_Init                                0x08003fa1   Thumb Code    80  timer.o(i.TIM3_Init)
    TIM_Base_SetConfig                       0x08003ffd   Thumb Code   172  stm32h7xx_hal_tim.o(i.TIM_Base_SetConfig)
    USART1_IRQHandler                        0x0800422d   Thumb Code    66  usart.o(i.USART1_IRQHandler)
    UsageFault_Handler                       0x0800427d   Thumb Code     4  stm32h7xx_it.o(i.UsageFault_Handler)
    __scatterload_copy                       0x080042b9   Thumb Code    14  handlers.o(i.__scatterload_copy)
    __scatterload_null                       0x080042c7   Thumb Code     2  handlers.o(i.__scatterload_null)
    __scatterload_zeroinit                   0x080042c9   Thumb Code    14  handlers.o(i.__scatterload_zeroinit)
    delay_ms                                 0x080042d7   Thumb Code    24  delay.o(i.delay_ms)
    delay_us                                 0x080042f1   Thumb Code    68  delay.o(i.delay_us)
    main                                     0x08004339   Thumb Code   816  main.o(i.main)
    D1CorePrescTable                         0x0800480c   Data          16  system_stm32h7xx.o(.constdata)
    GPIO_PIN                                 0x0800484c   Data           6  led.o(.constdata)
    BUTTON_PIN                               0x08004882   Data           8  key.o(.constdata)
    asc2_1206                                0x080048ba   Data        1140  lcd.o(.constdata)
    asc2_1608                                0x08004d2e   Data        1520  lcd.o(.constdata)
    asc2_2412                                0x0800531e   Data        3420  lcd.o(.constdata)
    asc2_3216                                0x0800607a   Data       12160  lcd.o(.constdata)
    Region$$Table$$Base                      0x08008ffc   Number         0  anon$$obj.o(Region$$Table)
    Region$$Table$$Limit                     0x0800901c   Number         0  anon$$obj.o(Region$$Table)
    Time_Flag                                0x24000000   Data           1  main.o(.data)
    SystemCoreClock                          0x24000004   Data           4  system_stm32h7xx.o(.data)
    SystemD2Clock                            0x24000008   Data           4  system_stm32h7xx.o(.data)
    GPIO_PORT                                0x2400000c   Data          12  led.o(.data)
    BUTTON_PORT                              0x2400001c   Data          16  key.o(.data)
    POINT_COLOR                              0x24000030   Data           4  lcd.o(.data)
    BACK_COLOR                               0x24000034   Data           4  lcd.o(.data)
    USART_RX_STA                             0x24000038   Data           2  usart.o(.data)
    aRxBuffer                                0x2400003a   Data           1  usart.o(.data)
    __stdout                                 0x2400003c   Data           4  usart.o(.data)
    k                                        0x24000040   Data           2  timer.o(.data)
    AD9226_Data                              0x24000050   Data         580  main.o(.bss)
    Draw_data                                0x24000294   Data         560  main.o(.bss)
    SRAM_Handler                             0x240004c4   Data          76  lcd.o(.bss)
    lcddev                                   0x24000510   Data          16  lcd.o(.bss)
    USART_RX_BUF                             0x24000520   Data         200  usart.o(.bss)
    UART_Handler                             0x240005e8   Data         128  usart.o(.bss)
    TIM3_Handler                             0x24000668   Data          64  timer.o(.bss)
    __initial_sp                             0x24000aa8   Data           0  startup_stm32h750xx.o(STACK)



==============================================================================

Memory Map of the image

  Image Entry point : 0x08000299

  Load Region LR_IROM1 (Base: 0x08000000, Size: 0x0000906c, Max: 0x00020000, ABSOLUTE)

    Execution Region ER_IROM1 (Exec base: 0x08000000, Load base: 0x08000000, Size: 0x0000901c, Max: 0x00020000, ABSOLUTE)

    Exec Addr    Load Addr    Size         Type   Attr      Idx    E Section Name        Object

    0x08000000   0x08000000   0x00000298   Data   RO         5178    RESET               startup_stm32h750xx.o
    0x08000298   0x08000298   0x00000000   Code   RO         5183  * .ARM.Collect$$$$00000000  mc_w.l(entry.o)
    0x08000298   0x08000298   0x00000004   Code   RO         5194    .ARM.Collect$$$$00000001  mc_w.l(entry2.o)
    0x0800029c   0x0800029c   0x00000004   Code   RO         5197    .ARM.Collect$$$$00000004  mc_w.l(entry5.o)
    0x080002a0   0x080002a0   0x00000000   Code   RO         5199    .ARM.Collect$$$$00000008  mc_w.l(entry7b.o)
    0x080002a0   0x080002a0   0x00000000   Code   RO         5201    .ARM.Collect$$$$0000000A  mc_w.l(entry8b.o)
    0x080002a0   0x080002a0   0x00000008   Code   RO         5202    .ARM.Collect$$$$0000000B  mc_w.l(entry9a.o)
    0x080002a8   0x080002a8   0x00000000   Code   RO         5204    .ARM.Collect$$$$0000000D  mc_w.l(entry10a.o)
    0x080002a8   0x080002a8   0x00000000   Code   RO         5206    .ARM.Collect$$$$0000000F  mc_w.l(entry11a.o)
    0x080002a8   0x080002a8   0x00000004   Code   RO         5195    .ARM.Collect$$$$00002712  mc_w.l(entry2.o)
    0x080002ac   0x080002ac   0x00000024   Code   RO         5179    .text               startup_stm32h750xx.o
    0x080002d0   0x080002d0   0x00000024   Code   RO         5188    .text               mc_w.l(memcpya.o)
    0x080002f4   0x080002f4   0x00000024   Code   RO         5190    .text               mc_w.l(memseta.o)
    0x08000318   0x08000318   0x00000024   Code   RO         5212    .text               mc_w.l(init.o)
    0x0800033c   0x0800033c   0x000000c0   Code   RO         1197    i.AD9226_Init       ad9226.o
    0x080003fc   0x080003fc   0x000000b8   Code   RO          815    i.BSP_KEY_Init      key.o
    0x080004b4   0x080004b4   0x000000a8   Code   RO          733    i.BSP_LED_Init      led.o
    0x0800055c   0x0800055c   0x00000004   Code   RO          344    i.BusFault_Handler  stm32h7xx_it.o
    0x08000560   0x08000560   0x00000002   Code   RO          345    i.DebugMon_Handler  stm32h7xx_it.o
    0x08000562   0x08000562   0x00000002   PAD
    0x08000564   0x08000564   0x00000048   Code   RO         4891    i.FMC_NORSRAM_Extended_Timing_Init  stm32h7xx_ll_fmc.o
    0x080005ac   0x080005ac   0x00000080   Code   RO         4892    i.FMC_NORSRAM_Init  stm32h7xx_ll_fmc.o
    0x0800062c   0x0800062c   0x0000005e   Code   RO         4893    i.FMC_NORSRAM_Timing_Init  stm32h7xx_ll_fmc.o
    0x0800068a   0x0800068a   0x00000002   PAD
    0x0800068c   0x0800068c   0x000000f8   Code   RO         3401    i.HAL_DMA_Abort_IT  stm32h7xx_hal_dma.o
    0x08000784   0x08000784   0x0000024c   Code   RO         2006    i.HAL_GPIO_Init     stm32h7xx_hal_gpio.o
    0x080009d0   0x080009d0   0x00000010   Code   RO         2008    i.HAL_GPIO_ReadPin  stm32h7xx_hal_gpio.o
    0x080009e0   0x080009e0   0x00000008   Code   RO         2009    i.HAL_GPIO_TogglePin  stm32h7xx_hal_gpio.o
    0x080009e8   0x080009e8   0x0000000a   Code   RO         2010    i.HAL_GPIO_WritePin  stm32h7xx_hal_gpio.o
    0x080009f2   0x080009f2   0x00000002   PAD
    0x080009f4   0x080009f4   0x0000000c   Code   RO         1563    i.HAL_GetTick       stm32h7xx_hal.o
    0x08000a00   0x08000a00   0x00000018   Code   RO         1566    i.HAL_IncTick       stm32h7xx_hal.o
    0x08000a18   0x08000a18   0x0000001c   Code   RO         1567    i.HAL_Init          stm32h7xx_hal.o
    0x08000a34   0x08000a34   0x0000004c   Code   RO         1568    i.HAL_InitTick      stm32h7xx_hal.o
    0x08000a80   0x08000a80   0x0000005c   Code   RO         1856    i.HAL_MPU_ConfigRegion  stm32h7xx_hal_cortex.o
    0x08000adc   0x08000adc   0x0000002c   Code   RO         1857    i.HAL_MPU_Disable   stm32h7xx_hal_cortex.o
    0x08000b08   0x08000b08   0x00000040   Code   RO         1858    i.HAL_MPU_Enable    stm32h7xx_hal_cortex.o
    0x08000b48   0x08000b48   0x00000002   Code   RO         1570    i.HAL_MspInit       stm32h7xx_hal.o
    0x08000b4a   0x08000b4a   0x00000002   PAD
    0x08000b4c   0x08000b4c   0x00000044   Code   RO         1860    i.HAL_NVIC_DisableIRQ  stm32h7xx_hal_cortex.o
    0x08000b90   0x08000b90   0x00000020   Code   RO         1861    i.HAL_NVIC_EnableIRQ  stm32h7xx_hal_cortex.o
    0x08000bb0   0x08000bb0   0x0000007a   Code   RO         1867    i.HAL_NVIC_SetPriority  stm32h7xx_hal_cortex.o
    0x08000c2a   0x08000c2a   0x00000002   PAD
    0x08000c2c   0x08000c2c   0x00000028   Code   RO         1868    i.HAL_NVIC_SetPriorityGrouping  stm32h7xx_hal_cortex.o
    0x08000c54   0x08000c54   0x00000250   Code   RO         2072    i.HAL_RCC_ClockConfig  stm32h7xx_hal_rcc.o
    0x08000ea4   0x08000ea4   0x00000244   Code   RO         2080    i.HAL_RCC_GetSysClockFreq  stm32h7xx_hal_rcc.o
    0x080010e8   0x080010e8   0x000006c4   Code   RO         2083    i.HAL_RCC_OscConfig  stm32h7xx_hal_rcc.o
    0x080017ac   0x080017ac   0x00000068   Code   RO         3849    i.HAL_SRAM_Init     stm32h7xx_hal_sram.o
    0x08001814   0x08001814   0x000000e8   Code   RO          858    i.HAL_SRAM_MspInit  lcd.o
    0x080018fc   0x080018fc   0x00000028   Code   RO         1870    i.HAL_SYSTICK_CLKSourceConfig  stm32h7xx_hal_cortex.o
    0x08001924   0x08001924   0x00000034   Code   RO         1872    i.HAL_SYSTICK_Config  stm32h7xx_hal_cortex.o
    0x08001958   0x08001958   0x00000034   Code   RO         3969    i.HAL_TIM_Base_Init  stm32h7xx_hal_tim.o
    0x0800198c   0x0800198c   0x00000002   Code   RO         3971    i.HAL_TIM_Base_MspInit  stm32h7xx_hal_tim.o
    0x0800198e   0x0800198e   0x0000001e   Code   RO         3974    i.HAL_TIM_Base_Start_IT  stm32h7xx_hal_tim.o
    0x080019ac   0x080019ac   0x00000038   Code   RO         3977    i.HAL_TIM_Base_Stop_IT  stm32h7xx_hal_tim.o
    0x080019e4   0x080019e4   0x00000002   Code   RO         3071    i.HAL_UARTEx_WakeupCallback  stm32h7xx_hal_uart_ex.o
    0x080019e6   0x080019e6   0x00000002   Code   RO         2735    i.HAL_UART_ErrorCallback  stm32h7xx_hal_uart.o
    0x080019e8   0x080019e8   0x00000014   Code   RO         2737    i.HAL_UART_GetState  stm32h7xx_hal_uart.o
    0x080019fc   0x080019fc   0x000001bc   Code   RO         2738    i.HAL_UART_IRQHandler  stm32h7xx_hal_uart.o
    0x08001bb8   0x08001bb8   0x000000e0   Code   RO         2744    i.HAL_UART_Receive_IT  stm32h7xx_hal_uart.o
    0x08001c98   0x08001c98   0x00000088   Code   RO         1071    i.HAL_UART_RxCpltCallback  usart.o
    0x08001d20   0x08001d20   0x00000002   Code   RO         2750    i.HAL_UART_TxCpltCallback  stm32h7xx_hal_uart.o
    0x08001d22   0x08001d22   0x00000004   Code   RO          346    i.HardFault_Handler  stm32h7xx_it.o
    0x08001d26   0x08001d26   0x0000001c   Code   RO          816    i.KEY_Init          key.o
    0x08001d42   0x08001d42   0x00000002   PAD
    0x08001d44   0x08001d44   0x000000c0   Code   RO          817    i.KEY_Scan          key.o
    0x08001e04   0x08001e04   0x0000001c   Code   RO          860    i.LCD_Clear         lcd.o
    0x08001e20   0x08001e20   0x00000234   Code   RO          864    i.LCD_Display_Dir   lcd.o
    0x08002054   0x08002054   0x000000b0   Code   RO          865    i.LCD_DrawLine      lcd.o
    0x08002104   0x08002104   0x00000044   Code   RO          866    i.LCD_DrawPoint     lcd.o
    0x08002148   0x08002148   0x000000bc   Code   RO          869    i.LCD_Fast_DrawPoint  lcd.o
    0x08002204   0x08002204   0x000000ac   Code   RO          870    i.LCD_Fill          lcd.o
    0x080022b0   0x080022b0   0x00001448   Code   RO          871    i.LCD_Init          lcd.o
    0x080036f8   0x080036f8   0x00000014   Code   RO          873    i.LCD_RD_DATA       lcd.o
    0x0800370c   0x0800370c   0x00000016   Code   RO          875    i.LCD_ReadReg       lcd.o
    0x08003722   0x08003722   0x00000002   PAD
    0x08003724   0x08003724   0x000000b0   Code   RO          876    i.LCD_SetCursor     lcd.o
    0x080037d4   0x080037d4   0x00000248   Code   RO          877    i.LCD_Set_Window    lcd.o
    0x08003a1c   0x08003a1c   0x0000013c   Code   RO          878    i.LCD_ShowChar      lcd.o
    0x08003b58   0x08003b58   0x00000080   Code   RO          880    i.LCD_ShowString    lcd.o
    0x08003bd8   0x08003bd8   0x00000018   Code   RO          882    i.LCD_WR_DATA       lcd.o
    0x08003bf0   0x08003bf0   0x00000018   Code   RO          883    i.LCD_WR_REG        lcd.o
    0x08003c08   0x08003c08   0x000000d8   Code   RO            4    i.LCD_Wave          main.o
    0x08003ce0   0x08003ce0   0x0000000c   Code   RO          884    i.LCD_WriteRAM      lcd.o
    0x08003cec   0x08003cec   0x00000014   Code   RO          885    i.LCD_WriteRAM_Prepare  lcd.o
    0x08003d00   0x08003d00   0x00000010   Code   RO          886    i.LCD_WriteReg      lcd.o
    0x08003d10   0x08003d10   0x00000016   Code   RO          734    i.LED_Init          led.o
    0x08003d26   0x08003d26   0x00000032   Code   RO         1140    i.MPU_Memory_Protection  system.o
    0x08003d58   0x08003d58   0x0000005a   Code   RO         1141    i.MPU_Set_Protection  system.o
    0x08003db2   0x08003db2   0x00000004   Code   RO          347    i.MemManage_Handler  stm32h7xx_it.o
    0x08003db6   0x08003db6   0x00000002   Code   RO          348    i.NMI_Handler       stm32h7xx_it.o
    0x08003db8   0x08003db8   0x00000002   Code   RO          349    i.PendSV_Handler    stm32h7xx_it.o
    0x08003dba   0x08003dba   0x00000002   Code   RO          350    i.SVC_Handler       stm32h7xx_it.o
    0x08003dbc   0x08003dbc   0x00000008   Code   RO          351    i.SysTick_Handler   stm32h7xx_it.o
    0x08003dc4   0x08003dc4   0x00000014   Code   RO          773    i.SysTick_clkconfig  delay.o
    0x08003dd8   0x08003dd8   0x000000c4   Code   RO         1144    i.SystemClock_Config  system.o
    0x08003e9c   0x08003e9c   0x00000094   Code   RO          697    i.SystemInit        system_stm32h7xx.o
    0x08003f30   0x08003f30   0x00000070   Code   RO         1501    i.TIM3_IRQHandler   timer.o
    0x08003fa0   0x08003fa0   0x0000005c   Code   RO         1502    i.TIM3_Init         timer.o
    0x08003ffc   0x08003ffc   0x000000cc   Code   RO         4053    i.TIM_Base_SetConfig  stm32h7xx_hal_tim.o
    0x080040c8   0x080040c8   0x00000018   Code   RO         2754    i.UART_DMAAbortOnError  stm32h7xx_hal_uart.o
    0x080040e0   0x080040e0   0x00000020   Code   RO         2764    i.UART_EndRxTransfer  stm32h7xx_hal_uart.o
    0x08004100   0x08004100   0x00000020   Code   RO         2765    i.UART_EndTransmit_IT  stm32h7xx_hal_uart.o
    0x08004120   0x08004120   0x0000008a   Code   RO         2767    i.UART_Receive_IT   stm32h7xx_hal_uart.o
    0x080041aa   0x080041aa   0x00000082   Code   RO         2769    i.UART_Transmit_IT  stm32h7xx_hal_uart.o
    0x0800422c   0x0800422c   0x00000050   Code   RO         1072    i.USART1_IRQHandler  usart.o
    0x0800427c   0x0800427c   0x00000004   Code   RO          352    i.UsageFault_Handler  stm32h7xx_it.o
    0x08004280   0x08004280   0x00000010   Code   RO         1874    i.__NVIC_GetPriorityGrouping  stm32h7xx_hal_cortex.o
    0x08004290   0x08004290   0x00000028   Code   RO         1875    i.__NVIC_SetPriority  stm32h7xx_hal_cortex.o
    0x080042b8   0x080042b8   0x0000000e   Code   RO         5216    i.__scatterload_copy  mc_w.l(handlers.o)
    0x080042c6   0x080042c6   0x00000002   Code   RO         5217    i.__scatterload_null  mc_w.l(handlers.o)
    0x080042c8   0x080042c8   0x0000000e   Code   RO         5218    i.__scatterload_zeroinit  mc_w.l(handlers.o)
    0x080042d6   0x080042d6   0x00000018   Code   RO          774    i.delay_ms          delay.o
    0x080042ee   0x080042ee   0x00000002   PAD
    0x080042f0   0x080042f0   0x00000048   Code   RO          775    i.delay_us          delay.o
    0x08004338   0x08004338   0x00000454   Code   RO            5    i.main              main.o
    0x0800478c   0x0800478c   0x00000050   Data   RO            7    .constdata          main.o
    0x080047dc   0x080047dc   0x00000040   Data   RO          698    .constdata          system_stm32h7xx.o
    0x0800481c   0x0800481c   0x00000036   Data   RO          735    .constdata          led.o
    0x08004852   0x08004852   0x00000038   Data   RO          818    .constdata          key.o
    0x0800488a   0x0800488a   0x00004770   Data   RO          889    .constdata          lcd.o
    0x08008ffa   0x08008ffa   0x00000002   PAD
    0x08008ffc   0x08008ffc   0x00000020   Data   RO         5214    Region$$Table       anon$$obj.o


    Execution Region RW_IRAM1 (Exec base: 0x20000000, Load base: 0x0800901c, Size: 0x00000000, Max: 0x00020000, ABSOLUTE)

    **** No section assigned to this execution region ****


    Execution Region RW_IRAM2 (Exec base: 0x24000000, Load base: 0x0800901c, Size: 0x00000aa8, Max: 0x00080000, ABSOLUTE)

    Exec Addr    Load Addr    Size         Type   Attr      Idx    E Section Name        Object

    0x24000000   0x0800901c   0x00000001   Data   RW            8    .data               main.o
    0x24000001   0x0800901d   0x00000003   PAD
    0x24000004   0x08009020   0x00000008   Data   RW          699    .data               system_stm32h7xx.o
    0x2400000c   0x08009028   0x0000000c   Data   RW          736    .data               led.o
    0x24000018   0x08009034   0x00000004   Data   RW          777    .data               delay.o
    0x2400001c   0x08009038   0x00000011   Data   RW          819    .data               key.o
    0x2400002d   0x08009049   0x00000003   PAD
    0x24000030   0x0800904c   0x00000008   Data   RW          890    .data               lcd.o
    0x24000038   0x08009054   0x00000008   Data   RW         1078    .data               usart.o
    0x24000040   0x0800905c   0x00000002   Data   RW         1505    .data               timer.o
    0x24000042   0x0800905e   0x00000002   PAD
    0x24000044   0x08009060   0x00000009   Data   RW         1590    .data               stm32h7xx_hal.o
    0x2400004d   0x08009069   0x00000003   PAD
    0x24000050        -       0x00000474   Zero   RW            6    .bss                main.o
    0x240004c4        -       0x0000005c   Zero   RW          888    .bss                lcd.o
    0x24000520        -       0x00000148   Zero   RW         1076    .bss                usart.o
    0x24000668        -       0x00000040   Zero   RW         1503    .bss                timer.o
    0x240006a8        -       0x00000400   Zero   RW         5176    STACK               startup_stm32h750xx.o


==============================================================================

Image component sizes


      Code (inc. data)   RO Data    RW Data    ZI Data      Debug   Object Name

       192         16          0          0          0       4358   ad9226.o
       116          8          0          4          0       2014   delay.o
       404         20         56         17          0       4526   key.o
      7962        174      18288          8         92      21749   lcd.o
       190         12         54         12          0       4239   led.o
      1324        342         80          1       1140    1053472   main.o
        36          8        664          0       1024        860   startup_stm32h750xx.o
       142         26          0          9          0       3836   stm32h7xx_hal.o
       610         44          0          0          0      42281   stm32h7xx_hal_cortex.o
       248         12          0          0          0       2039   stm32h7xx_hal_dma.o
       622         54          0          0          0       3704   stm32h7xx_hal_gpio.o
      2904         54          0          0          0       4152   stm32h7xx_hal_rcc.o
       104          4          0          0          0       1184   stm32h7xx_hal_sram.o
       344         32          0          0          0       3663   stm32h7xx_hal_tim.o
      1048         10          0          0          0       7683   stm32h7xx_hal_uart.o
         2          0          0          0          0        936   stm32h7xx_hal_uart_ex.o
        32          0          0          0          0    1193630   stm32h7xx_it.o
       294         10          0          0          0       2752   stm32h7xx_ll_fmc.o
       336          4          0          0          0       2454   system.o
       148         18         64          8          0       1342   system_stm32h7xx.o
       204         38          0          2         64       1907   timer.o
       216         30          0          8        328       3261   usart.o

    ----------------------------------------------------------------------
     17494        916      19240         80       2648    2366042   Object Totals
         0          0         32          0          0          0   (incl. Generated)
        16          0          2         11          0          0   (incl. Padding)

    ----------------------------------------------------------------------

      Code (inc. data)   RO Data    RW Data    ZI Data      Debug   Library Member Name

         0          0          0          0          0          0   entry.o
         0          0          0          0          0          0   entry10a.o
         0          0          0          0          0          0   entry11a.o
         8          4          0          0          0          0   entry2.o
         4          0          0          0          0          0   entry5.o
         0          0          0          0          0          0   entry7b.o
         0          0          0          0          0          0   entry8b.o
         8          4          0          0          0          0   entry9a.o
        30          0          0          0          0          0   handlers.o
        36          8          0          0          0         68   init.o
        36          0          0          0          0         68   memcpya.o
        36          0          0          0          0        108   memseta.o

    ----------------------------------------------------------------------
       158         16          0          0          0        244   Library Totals
         0          0          0          0          0          0   (incl. Padding)

    ----------------------------------------------------------------------

      Code (inc. data)   RO Data    RW Data    ZI Data      Debug   Library Name

       158         16          0          0          0        244   mc_w.l

    ----------------------------------------------------------------------
       158         16          0          0          0        244   Library Totals

    ----------------------------------------------------------------------

==============================================================================


      Code (inc. data)   RO Data    RW Data    ZI Data      Debug   

     17652        932      19240         80       2648    2358138   Grand Totals
     17652        932      19240         80       2648    2358138   ELF Image Totals
     17652        932      19240         80          0          0   ROM Totals

==============================================================================

    Total RO  Size (Code + RO Data)                36892 (  36.03kB)
    Total RW  Size (RW Data + ZI Data)              2728 (   2.66kB)
    Total ROM Size (Code + RO Data + RW Data)      36972 (  36.11kB)

==============================================================================

